Archive member included to satisfy reference by file (symbol)

/opt/st/stm32cubeide_1.17.0/plugins/com.st.stm32cube.ide.mcu.externaltools.gnu-tools-for-stm32.12.3.rel1.linux64_1.1.0.202410170702/tools/bin/../lib/gcc/arm-none-eabi/12.3.1/../../../../arm-none-eabi/lib/thumb/v7e-m+fp/hard/libc_nano.a(libc_a-calloc.o)
                              ./Core/Src/main.o (calloc)
/opt/st/stm32cubeide_1.17.0/plugins/com.st.stm32cube.ide.mcu.externaltools.gnu-tools-for-stm32.12.3.rel1.linux64_1.1.0.202410170702/tools/bin/../lib/gcc/arm-none-eabi/12.3.1/../../../../arm-none-eabi/lib/thumb/v7e-m+fp/hard/libc_nano.a(libc_a-callocr.o)
                              /opt/st/stm32cubeide_1.17.0/plugins/com.st.stm32cube.ide.mcu.externaltools.gnu-tools-for-stm32.12.3.rel1.linux64_1.1.0.202410170702/tools/bin/../lib/gcc/arm-none-eabi/12.3.1/../../../../arm-none-eabi/lib/thumb/v7e-m+fp/hard/libc_nano.a(libc_a-calloc.o) (_calloc_r)
/opt/st/stm32cubeide_1.17.0/plugins/com.st.stm32cube.ide.mcu.externaltools.gnu-tools-for-stm32.12.3.rel1.linux64_1.1.0.202410170702/tools/bin/../lib/gcc/arm-none-eabi/12.3.1/../../../../arm-none-eabi/lib/thumb/v7e-m+fp/hard/libc_nano.a(libc_a-exit.o)
                              /opt/st/stm32cubeide_1.17.0/plugins/com.st.stm32cube.ide.mcu.externaltools.gnu-tools-for-stm32.12.3.rel1.linux64_1.1.0.202410170702/tools/bin/../lib/gcc/arm-none-eabi/12.3.1/../../../../arm-none-eabi/lib/thumb/v7e-m+fp/hard/crt0.o (exit)
/opt/st/stm32cubeide_1.17.0/plugins/com.st.stm32cube.ide.mcu.externaltools.gnu-tools-for-stm32.12.3.rel1.linux64_1.1.0.202410170702/tools/bin/../lib/gcc/arm-none-eabi/12.3.1/../../../../arm-none-eabi/lib/thumb/v7e-m+fp/hard/libc_nano.a(libc_a-mallocr.o)
                              /opt/st/stm32cubeide_1.17.0/plugins/com.st.stm32cube.ide.mcu.externaltools.gnu-tools-for-stm32.12.3.rel1.linux64_1.1.0.202410170702/tools/bin/../lib/gcc/arm-none-eabi/12.3.1/../../../../arm-none-eabi/lib/thumb/v7e-m+fp/hard/libc_nano.a(libc_a-callocr.o) (_malloc_r)
/opt/st/stm32cubeide_1.17.0/plugins/com.st.stm32cube.ide.mcu.externaltools.gnu-tools-for-stm32.12.3.rel1.linux64_1.1.0.202410170702/tools/bin/../lib/gcc/arm-none-eabi/12.3.1/../../../../arm-none-eabi/lib/thumb/v7e-m+fp/hard/libc_nano.a(libc_a-mlock.o)
                              /opt/st/stm32cubeide_1.17.0/plugins/com.st.stm32cube.ide.mcu.externaltools.gnu-tools-for-stm32.12.3.rel1.linux64_1.1.0.202410170702/tools/bin/../lib/gcc/arm-none-eabi/12.3.1/../../../../arm-none-eabi/lib/thumb/v7e-m+fp/hard/libc_nano.a(libc_a-mallocr.o) (__malloc_lock)
/opt/st/stm32cubeide_1.17.0/plugins/com.st.stm32cube.ide.mcu.externaltools.gnu-tools-for-stm32.12.3.rel1.linux64_1.1.0.202410170702/tools/bin/../lib/gcc/arm-none-eabi/12.3.1/../../../../arm-none-eabi/lib/thumb/v7e-m+fp/hard/libc_nano.a(libc_a-rand.o)
                              ./Core/Src/main.o (rand)
/opt/st/stm32cubeide_1.17.0/plugins/com.st.stm32cube.ide.mcu.externaltools.gnu-tools-for-stm32.12.3.rel1.linux64_1.1.0.202410170702/tools/bin/../lib/gcc/arm-none-eabi/12.3.1/../../../../arm-none-eabi/lib/thumb/v7e-m+fp/hard/libc_nano.a(libc_a-findfp.o)
                              /opt/st/stm32cubeide_1.17.0/plugins/com.st.stm32cube.ide.mcu.externaltools.gnu-tools-for-stm32.12.3.rel1.linux64_1.1.0.202410170702/tools/bin/../lib/gcc/arm-none-eabi/12.3.1/../../../../arm-none-eabi/lib/thumb/v7e-m+fp/hard/libc_nano.a(libc_a-exit.o) (__stdio_exit_handler)
/opt/st/stm32cubeide_1.17.0/plugins/com.st.stm32cube.ide.mcu.externaltools.gnu-tools-for-stm32.12.3.rel1.linux64_1.1.0.202410170702/tools/bin/../lib/gcc/arm-none-eabi/12.3.1/../../../../arm-none-eabi/lib/thumb/v7e-m+fp/hard/libc_nano.a(libc_a-fwalk.o)
                              /opt/st/stm32cubeide_1.17.0/plugins/com.st.stm32cube.ide.mcu.externaltools.gnu-tools-for-stm32.12.3.rel1.linux64_1.1.0.202410170702/tools/bin/../lib/gcc/arm-none-eabi/12.3.1/../../../../arm-none-eabi/lib/thumb/v7e-m+fp/hard/libc_nano.a(libc_a-findfp.o) (_fwalk_sglue)
/opt/st/stm32cubeide_1.17.0/plugins/com.st.stm32cube.ide.mcu.externaltools.gnu-tools-for-stm32.12.3.rel1.linux64_1.1.0.202410170702/tools/bin/../lib/gcc/arm-none-eabi/12.3.1/../../../../arm-none-eabi/lib/thumb/v7e-m+fp/hard/libc_nano.a(libc_a-puts.o)
                              ./Core/Src/main.o (puts)
/opt/st/stm32cubeide_1.17.0/plugins/com.st.stm32cube.ide.mcu.externaltools.gnu-tools-for-stm32.12.3.rel1.linux64_1.1.0.202410170702/tools/bin/../lib/gcc/arm-none-eabi/12.3.1/../../../../arm-none-eabi/lib/thumb/v7e-m+fp/hard/libc_nano.a(libc_a-stdio.o)
                              /opt/st/stm32cubeide_1.17.0/plugins/com.st.stm32cube.ide.mcu.externaltools.gnu-tools-for-stm32.12.3.rel1.linux64_1.1.0.202410170702/tools/bin/../lib/gcc/arm-none-eabi/12.3.1/../../../../arm-none-eabi/lib/thumb/v7e-m+fp/hard/libc_nano.a(libc_a-findfp.o) (__sread)
[...]
Memory Configuration

Name             Origin             Length             Attributes
RAM              0x20000000         0x00020000         xrw
FLASH            0x08000000         0x00080000         xr
*default*        0x00000000         0xffffffff

Linker script and memory map

LOAD /opt/st/stm32cubeide_1.17.0/plugins/com.st.stm32cube.ide.mcu.externaltools.gnu-tools-for-stm32.12.3.rel1.linux64_1.1.0.202410170702/tools/bin/../lib/gcc/arm-none-eabi/12.3.1/thumb/v7e-m+fp/hard/crti.o
LOAD /opt/st/stm32cubeide_1.17.0/plugins/com.st.stm32cube.ide.mcu.externaltools.gnu-tools-for-stm32.12.3.rel1.linux64_1.1.0.202410170702/tools/bin/../lib/gcc/arm-none-eabi/12.3.1/thumb/v7e-m+fp/hard/crtbegin.o
LOAD /opt/st/stm32cubeide_1.17.0/plugins/com.st.stm32cube.ide.mcu.externaltools.gnu-tools-for-stm32.12.3.rel1.linux64_1.1.0.202410170702/tools/bin/../lib/gcc/arm-none-eabi/12.3.1/../../../../arm-none-eabi/lib/thumb/v7e-m+fp/hard/crt0.o
LOAD ./Core/Src/branch.o
LOAD ./Core/Src/coverage.o
LOAD ./Core/Src/main.o
LOAD ./Core/Src/microfuzz_mem.o
LOAD ./Core/Src/stm32f4xx_hal_msp.o
LOAD ./Core/Src/stm32f4xx_it.o
LOAD ./Core/Src/syscalls.o
LOAD ./Core/Src/sysmem.o
LOAD ./Core/Src/system_stm32f4xx.o
LOAD ./Core/Startup/startup_stm32f446retx.o
LOAD ./Drivers/STM32F4xx_HAL_Driver/Src/stm32f4xx_hal.o
LOAD ./Drivers/STM32F4xx_HAL_Driver/Src/stm32f4xx_hal_cortex.o
LOAD ./Drivers/STM32F4xx_HAL_Driver/Src/stm32f4xx_hal_dma.o
LOAD ./Drivers/STM32F4xx_HAL_Driver/Src/stm32f4xx_hal_dma_ex.o
LOAD ./Drivers/STM32F4xx_HAL_Driver/Src/stm32f4xx_hal_exti.o
LOAD ./Drivers/STM32F4xx_HAL_Driver/Src/stm32f4xx_hal_flash.o
LOAD ./Drivers/STM32F4xx_HAL_Driver/Src/stm32f4xx_hal_flash_ex.o
LOAD ./Drivers/STM32F4xx_HAL_Driver/Src/stm32f4xx_hal_flash_ramfunc.o
LOAD ./Drivers/STM32F4xx_HAL_Driver/Src/stm32f4xx_hal_gpio.o
LOAD ./Drivers/STM32F4xx_HAL_Driver/Src/stm32f4xx_hal_pwr.o
LOAD ./Drivers/STM32F4xx_HAL_Driver/Src/stm32f4xx_hal_pwr_ex.o
LOAD ./Drivers/STM32F4xx_HAL_Driver/Src/stm32f4xx_hal_rcc.o
LOAD ./Drivers/STM32F4xx_HAL_Driver/Src/stm32f4xx_hal_rcc_ex.o
START GROUP
LOAD /opt/st/stm32cubeide_1.17.0/plugins/com.st.stm32cube.ide.mcu.externaltools.gnu-tools-for-stm32.12.3.rel1.linux64_1.1.0.202410170702/tools/bin/../lib/gcc/arm-none-eabi/12.3.1/../../../../arm-none-eabi/lib/thumb/v7e-m+fp/hard/libc_nano.a
LOAD /opt/st/stm32cubeide_1.17.0/plugins/com.st.stm32cube.ide.mcu.externaltools.gnu-tools-for-stm32.12.3.rel1.linux64_1.1.0.202410170702/tools/bin/../lib/gcc/arm-none-eabi/12.3.1/../../../../arm-none-eabi/lib/thumb/v7e-m+fp/hard/libm.a
END GROUP
START GROUP
LOAD /opt/st/stm32cubeide_1.17.0/plugins/com.st.stm32cube.ide.mcu.externaltools.gnu-tools-for-stm32.12.3.rel1.linux64_1.1.0.202410170702/tools/bin/../lib/gcc/arm-none-eabi/12.3.1/thumb/v7e-m+fp/hard/libgcc.a
LOAD /opt/st/stm32cubeide_1.17.0/plugins/com.st.stm32cube.ide.mcu.externaltools.gnu-tools-for-stm32.12.3.rel1.linux64_1.1.0.202410170702/tools/bin/../lib/gcc/arm-none-eabi/12.3.1/../../../../arm-none-eabi/lib/thumb/v7e-m+fp/hard/libc_nano.a
END GROUP
START GROUP
LOAD /opt/st/stm32cubeide_1.17.0/plugins/com.st.stm32cube.ide.mcu.externaltools.gnu-tools-for-stm32.12.3.rel1.linux64_1.1.0.202410170702/tools/bin/../lib/gcc/arm-none-eabi/12.3.1/thumb/v7e-m+fp/hard/libgcc.a
LOAD /opt/st/stm32cubeide_1.17.0/plugins/com.st.stm32cube.ide.mcu.externaltools.gnu-tools-for-stm32.12.3.rel1.linux64_1.1.0.202410170702/tools/bin/../lib/gcc/arm-none-eabi/12.3.1/../../../../arm-none-eabi/lib/thumb/v7e-m+fp/hard/libc_nano.a
LOAD /opt/st/stm32cubeide_1.17.0/plugins/com.st.stm32cube.ide.mcu.externaltools.gnu-tools-for-stm32.12.3.rel1.linux64_1.1.0.202410170702/tools/bin/../lib/gcc/arm-none-eabi/12.3.1/../../../../arm-none-eabi/lib/thumb/v7e-m+fp/hard/libnosys.a
END GROUP
START GROUP
LOAD /opt/st/stm32cubeide_1.17.0/plugins/com.st.stm32cube.ide.mcu.externaltools.gnu-tools-for-stm32.12.3.rel1.linux64_1.1.0.202410170702/tools/bin/../lib/gcc/arm-none-eabi/12.3.1/thumb/v7e-m+fp/hard/libgcc.a
LOAD /opt/st/stm32cubeide_1.17.0/plugins/com.st.stm32cube.ide.mcu.externaltools.gnu-tools-for-stm32.12.3.rel1.linux64_1.1.0.202410170702/tools/bin/../lib/gcc/arm-none-eabi/12.3.1/../../../../arm-none-eabi/lib/thumb/v7e-m+fp/hard/libc_nano.a
LOAD /opt/st/stm32cubeide_1.17.0/plugins/com.st.stm32cube.ide.mcu.externaltools.gnu-tools-for-stm32.12.3.rel1.linux64_1.1.0.202410170702/tools/bin/../lib/gcc/arm-none-eabi/12.3.1/../../../../arm-none-eabi/lib/thumb/v7e-m+fp/hard/libnosys.a
END GROUP
LOAD /opt/st/stm32cubeide_1.17.0/plugins/com.st.stm32cube.ide.mcu.externaltools.gnu-tools-for-stm32.12.3.rel1.linux64_1.1.0.202410170702/tools/bin/../lib/gcc/arm-none-eabi/12.3.1/thumb/v7e-m+fp/hard/crtend.o
LOAD /opt/st/stm32cubeide_1.17.0/plugins/com.st.stm32cube.ide.mcu.externaltools.gnu-tools-for-stm32.12.3.rel1.linux64_1.1.0.202410170702/tools/bin/../lib/gcc/arm-none-eabi/12.3.1/thumb/v7e-m+fp/hard/crtn.o
                0x00002048                        _Min_Heap_Size = 0x2048
                0x00004096                        _Min_Stack_Size = 0x4096
                0x20020000                        _estack = (ORIGIN (RAM) + LENGTH (RAM))

.isr_vector     0x20000000      0x1c4
                0x20000000                        . = ALIGN (0x4)
 *(.isr_vector)
 .isr_vector    0x20000000      0x1c4 ./Core/Startup/startup_stm32f446retx.o
                0x20000000                g_pfnVectors
                0x200001c4                        . = ALIGN (0x4)

.text           0x200001d0     0x3274
                0x200001d0                        . = ALIGN (0x4)
 *(.text)
 .text          0x200001d0       0x40 /opt/st/stm32cubeide_1.17.0/plugins/com.st.stm32cube.ide.mcu.externaltools.gnu-tools-for-stm32.12.3.rel1.linux64_1.1.0.202410170702/tools/bin/../lib/gcc/arm-none-eabi/12.3.1/thumb/v7e-m+fp/hard/crtbegin.o
 .text          0x20000210       0x5c ./Core/Src/coverage.o
                0x20000210                _coverage_trace
 *fill*         0x2000026c        0x4 
 .text          0x20000270       0xa0 /opt/st/stm32cubeide_1.17.0/plugins/com.st.stm32cube.ide.mcu.externaltools.gnu-tools-for-stm32.12.3.rel1.linux64_1.1.0.202410170702/tools/bin/../lib/gcc/arm-none-eabi/12.3.1/../../../../arm-none-eabi/lib/thumb/v7e-m+fp/hard/libc_nano.a(libc_a-memchr.o)
                0x20000270                memchr
 .text          0x20000310       0x30 /opt/st/stm32cubeide_1.17.0/plugins/com.st.stm32cube.ide.mcu.externaltools.gnu-tools-for-stm32.12.3.rel1.linux64_1.1.0.202410170702/tools/bin/../lib/gcc/arm-none-eabi/12.3.1/thumb/v7e-m+fp/hard/libgcc.a(_aeabi_uldivmod.o)
                0x20000310                __aeabi_uldivmod
 .text          0x20000340      0x2bc /opt/st/stm32cubeide_1.17.0/plugins/com.st.stm32cube.ide.mcu.externaltools.gnu-tools-for-stm32.12.3.rel1.linux64_1.1.0.202410170702/tools/bin/../lib/gcc/arm-none-eabi/12.3.1/thumb/v7e-m+fp/hard/libgcc.a(_udivmoddi4.o)
                0x20000340                __udivmoddi4
 .text          0x200005fc        0x4 /opt/st/stm32cubeide_1.17.0/plugins/com.st.stm32cube.ide.mcu.externaltools.gnu-tools-for-stm32.12.3.rel1.linux64_1.1.0.202410170702/tools/bin/../lib/gcc/arm-none-eabi/12.3.1/thumb/v7e-m+fp/hard/libgcc.a(_dvmd_tls.o)
                0x200005fc                __aeabi_ldiv0
                0x200005fc                __aeabi_idiv0
 *(.text*)
 .text.branch_test
                0x20000600       0x82 ./Core/Src/branch.o
                0x20000600                branch_test
 *fill*         0x20000682        0x2 
 .text.fuzzer_setup
                0x20000684       0xa8 ./Core/Src/main.o
                0x20000684                fuzzer_setup
 .text.mutator  0x2000072c      0x95c ./Core/Src/main.o
                0x2000072c                mutator
 .text.dequeue_seed
                0x20001088      0x100 ./Core/Src/main.o
                0x20001088                dequeue_seed
 .text.bubble_coverage
                0x20001188        0xe ./Core/Src/main.o
                0x20001188                bubble_coverage
 *fill*         0x20001196        0x2 
 .text.check_for_coverage
                0x20001198       0x80 ./Core/Src/main.o
                0x20001198                check_for_coverage
 .text.harness_loop
                0x20001218       0x9c ./Core/Src/main.o
                0x20001218                harness_loop
 .text.board_setup
                0x200012b4       0x3c ./Core/Src/main.o
                0x200012b4                board_setup
 .text.main     0x200012f0       0x1a ./Core/Src/main.o
                0x200012f0                main
 *fill*         0x2000130a        0x2 
 .text.SystemClock_Config
                0x2000130c       0xc0 ./Core/Src/main.o
                0x2000130c                SystemClock_Config
 .text.Error_Handler
                0x200013cc        0xc ./Core/Src/main.o
                0x200013cc                Error_Handler
 .text.HAL_MspInit
                0x200013d8       0x50 ./Core/Src/stm32f4xx_hal_msp.o
                0x200013d8                HAL_MspInit
 .text.NMI_Handler
                0x20001428        0x8 ./Core/Src/stm32f4xx_it.o
                0x20001428                NMI_Handler
 .text.HardFault_Handler
                0x20001430        0xa ./Core/Src/stm32f4xx_it.o
                0x20001430                HardFault_Handler
 .text.MemManage_Handler
                0x2000143a        0x8 ./Core/Src/stm32f4xx_it.o
                0x2000143a                MemManage_Handler
 .text.BusFault_Handler
                0x20001442        0x8 ./Core/Src/stm32f4xx_it.o
                0x20001442                BusFault_Handler
 .text.UsageFault_Handler
                0x2000144a        0xa ./Core/Src/stm32f4xx_it.o
                0x2000144a                UsageFault_Handler
 .text.SVC_Handler
                0x20001454        0xe ./Core/Src/stm32f4xx_it.o
                0x20001454                SVC_Handler
 .text.DebugMon_Handler
                0x20001462        0xe ./Core/Src/stm32f4xx_it.o
                0x20001462                DebugMon_Handler
 .text.PendSV_Handler
                0x20001470        0xe ./Core/Src/stm32f4xx_it.o
                0x20001470                PendSV_Handler
 .text.SysTick_Handler
                0x2000147e        0xc ./Core/Src/stm32f4xx_it.o
                0x2000147e                SysTick_Handler
 .text._getpid  0x2000148a       0x10 ./Core/Src/syscalls.o
                0x2000148a                _getpid
 .text._kill    0x2000149a       0x20 ./Core/Src/syscalls.o
                0x2000149a                _kill
 .text._exit    0x200014ba       0x16 ./Core/Src/syscalls.o
                0x200014ba                _exit
 .text._read    0x200014d0       0x3a ./Core/Src/syscalls.o
                0x200014d0                _read
 .text._write   0x2000150a       0x38 ./Core/Src/syscalls.o
                0x2000150a                _write
 .text._close   0x20001542       0x18 ./Core/Src/syscalls.o
                0x20001542                _close
 .text._fstat   0x2000155a       0x20 ./Core/Src/syscalls.o
                0x2000155a                _fstat
 .text._isatty  0x2000157a       0x16 ./Core/Src/syscalls.o
                0x2000157a                _isatty
 .text._lseek   0x20001590       0x1a ./Core/Src/syscalls.o
                0x20001590                _lseek
 *fill*         0x200015aa        0x2 
 .text._sbrk    0x200015ac       0x6c ./Core/Src/sysmem.o
                0x200015ac                _sbrk
 .text.SystemInit
                0x20001618       0x2c ./Core/Src/system_stm32f4xx.o
                0x20001618                SystemInit
 .text.Reset_Handler
                0x20001644       0x4c ./Core/Startup/startup_stm32f446retx.o
                0x20001644                Reset_Handler
 .text.Default_Handler
                0x20001690        0x2 ./Core/Startup/startup_stm32f446retx.o
                0x20001690                RTC_Alarm_IRQHandler
                0x20001690                EXTI2_IRQHandler
                0x20001690                TIM8_CC_IRQHandler
                0x20001690                FMPI2C1_EV_IRQHandler
                0x20001690                SPI4_IRQHandler
                0x20001690                TIM1_CC_IRQHandler
                0x20001690                DMA2_Stream5_IRQHandler
                0x20001690                DMA1_Stream5_IRQHandler
                0x20001690                PVD_IRQHandler
                0x20001690                SDIO_IRQHandler
                0x20001690                TAMP_STAMP_IRQHandler
                0x20001690                CAN2_RX1_IRQHandler
                0x20001690                EXTI3_IRQHandler
                0x20001690                TIM8_TRG_COM_TIM14_IRQHandler
                0x20001690                TIM1_UP_TIM10_IRQHandler
                0x20001690                TIM8_UP_TIM13_IRQHandler
                0x20001690                I2C3_ER_IRQHandler
                0x20001690                EXTI0_IRQHandler
                0x20001690                I2C2_EV_IRQHandler
                0x20001690                DMA1_Stream2_IRQHandler
                0x20001690                CAN1_RX0_IRQHandler
                0x20001690                FPU_IRQHandler
                0x20001690                OTG_HS_WKUP_IRQHandler
                0x20001690                CAN2_SCE_IRQHandler
                0x20001690                DMA2_Stream2_IRQHandler
                0x20001690                SPI1_IRQHandler
                0x20001690                TIM6_DAC_IRQHandler
                0x20001690                TIM1_BRK_TIM9_IRQHandler
                0x20001690                DCMI_IRQHandler
                0x20001690                CAN2_RX0_IRQHandler
                0x20001690                DMA2_Stream3_IRQHandler
                0x20001690                SAI2_IRQHandler
                0x20001690                USART6_IRQHandler
                0x20001690                USART3_IRQHandler
                0x20001690                CAN1_RX1_IRQHandler
                0x20001690                UART5_IRQHandler
                0x20001690                DMA2_Stream0_IRQHandler
                0x20001690                TIM4_IRQHandler
                0x20001690                QUADSPI_IRQHandler
                0x20001690                I2C1_EV_IRQHandler
                0x20001690                DMA1_Stream6_IRQHandler
                0x20001690                DMA1_Stream1_IRQHandler
                0x20001690                UART4_IRQHandler
                0x20001690                TIM3_IRQHandler
                0x20001690                RCC_IRQHandler
                0x20001690                TIM8_BRK_TIM12_IRQHandler
                0x20001690                Default_Handler
                0x20001690                CEC_IRQHandler
                0x20001690                EXTI15_10_IRQHandler
                0x20001690                ADC_IRQHandler
                0x20001690                DMA1_Stream7_IRQHandler
                0x20001690                TIM7_IRQHandler
                0x20001690                CAN2_TX_IRQHandler
                0x20001690                TIM5_IRQHandler
                0x20001690                DMA2_Stream7_IRQHandler
                0x20001690                I2C3_EV_IRQHandler
                0x20001690                EXTI9_5_IRQHandler
                0x20001690                RTC_WKUP_IRQHandler
                0x20001690                SPDIF_RX_IRQHandler
                0x20001690                SPI2_IRQHandler
                0x20001690                OTG_HS_EP1_IN_IRQHandler
                0x20001690                DMA1_Stream0_IRQHandler
                0x20001690                CAN1_TX_IRQHandler
                0x20001690                FMPI2C1_ER_IRQHandler
                0x20001690                EXTI4_IRQHandler
                0x20001690                OTG_HS_EP1_OUT_IRQHandler
                0x20001690                WWDG_IRQHandler
                0x20001690                TIM2_IRQHandler
                0x20001690                OTG_FS_WKUP_IRQHandler
                0x20001690                TIM1_TRG_COM_TIM11_IRQHandler
                0x20001690                OTG_HS_IRQHandler
                0x20001690                EXTI1_IRQHandler
                0x20001690                USART2_IRQHandler
                0x20001690                I2C2_ER_IRQHandler
                0x20001690                DMA2_Stream1_IRQHandler
                0x20001690                CAN1_SCE_IRQHandler
                0x20001690                FLASH_IRQHandler
                0x20001690                DMA2_Stream4_IRQHandler
                0x20001690                USART1_IRQHandler
                0x20001690                OTG_FS_IRQHandler
                0x20001690                SPI3_IRQHandler
                0x20001690                DMA1_Stream4_IRQHandler
                0x20001690                I2C1_ER_IRQHandler
                0x20001690                FMC_IRQHandler
                0x20001690                DMA2_Stream6_IRQHandler
                0x20001690                SAI1_IRQHandler
                0x20001690                DMA1_Stream3_IRQHandler
 *fill*         0x20001692        0x2 
 .text.HAL_Init
                0x20001694       0x44 ./Drivers/STM32F4xx_HAL_Driver/Src/stm32f4xx_hal.o
                0x20001694                HAL_Init
 .text.HAL_InitTick
                0x200016d8       0x60 ./Drivers/STM32F4xx_HAL_Driver/Src/stm32f4xx_hal.o
                0x200016d8                HAL_InitTick
 .text.HAL_IncTick
                0x20001738       0x28 ./Drivers/STM32F4xx_HAL_Driver/Src/stm32f4xx_hal.o
                0x20001738                HAL_IncTick
 .text.HAL_GetTick
                0x20001760       0x18 ./Drivers/STM32F4xx_HAL_Driver/Src/stm32f4xx_hal.o
                0x20001760                HAL_GetTick
 .text.__NVIC_SetPriorityGrouping
                0x20001778       0x48 ./Drivers/STM32F4xx_HAL_Driver/Src/stm32f4xx_hal_cortex.o
 .text.__NVIC_GetPriorityGrouping
                0x200017c0       0x1c ./Drivers/STM32F4xx_HAL_Driver/Src/stm32f4xx_hal_cortex.o
 .text.__NVIC_SetPriority
                0x200017dc       0x54 ./Drivers/STM32F4xx_HAL_Driver/Src/stm32f4xx_hal_cortex.o
 .text.NVIC_EncodePriority
                0x20001830       0x66 ./Drivers/STM32F4xx_HAL_Driver/Src/stm32f4xx_hal_cortex.o
 *fill*         0x20001896        0x2 
 .text.SysTick_Config
                0x20001898       0x44 ./Drivers/STM32F4xx_HAL_Driver/Src/stm32f4xx_hal_cortex.o
 .text.HAL_NVIC_SetPriorityGrouping
                0x200018dc       0x16 ./Drivers/STM32F4xx_HAL_Driver/Src/stm32f4xx_hal_cortex.o
                0x200018dc                HAL_NVIC_SetPriorityGrouping
 .text.HAL_NVIC_SetPriority
                0x200018f2       0x38 ./Drivers/STM32F4xx_HAL_Driver/Src/stm32f4xx_hal_cortex.o
                0x200018f2                HAL_NVIC_SetPriority
 .text.HAL_SYSTICK_Config
                0x2000192a       0x18 ./Drivers/STM32F4xx_HAL_Driver/Src/stm32f4xx_hal_cortex.o
                0x2000192a                HAL_SYSTICK_Config
 *fill*         0x20001942        0x2 
 .text.HAL_RCC_ClockConfig
                0x20001944      0x1cc ./Drivers/STM32F4xx_HAL_Driver/Src/stm32f4xx_hal_rcc.o
                0x20001944                HAL_RCC_ClockConfig
 .text.HAL_RCC_GetSysClockFreq
                0x20001b10      0x354 ./Drivers/STM32F4xx_HAL_Driver/Src/stm32f4xx_hal_rcc_ex.o
                0x20001b10                HAL_RCC_GetSysClockFreq
 .text.HAL_RCC_OscConfig
                0x20001e64      0x53c ./Drivers/STM32F4xx_HAL_Driver/Src/stm32f4xx_hal_rcc_ex.o
                0x20001e64                HAL_RCC_OscConfig
 .text.calloc   0x200023a0       0x10 /opt/st/stm32cubeide_1.17.0/plugins/com.st.stm32cube.ide.mcu.externaltools.gnu-tools-for-stm32.12.3.rel1.linux64_1.1.0.202410170702/tools/bin/../lib/gcc/arm-none-eabi/12.3.1/../../../../arm-none-eabi/lib/thumb/v7e-m+fp/hard/libc_nano.a(libc_a-calloc.o)
                0x200023a0                calloc
 .text._calloc_r
                0x200023b0       0x28 /opt/st/stm32cubeide_1.17.0/plugins/com.st.stm32cube.ide.mcu.externaltools.gnu-tools-for-stm32.12.3.rel1.linux64_1.1.0.202410170702/tools/bin/../lib/gcc/arm-none-eabi/12.3.1/../../../../arm-none-eabi/lib/thumb/v7e-m+fp/hard/libc_nano.a(libc_a-callocr.o)
                0x200023b0                _calloc_r
 .text.exit     0x200023d8       0x24 /opt/st/stm32cubeide_1.17.0/plugins/com.st.stm32cube.ide.mcu.externaltools.gnu-tools-for-stm32.12.3.rel1.linux64_1.1.0.202410170702/tools/bin/../lib/gcc/arm-none-eabi/12.3.1/../../../../arm-none-eabi/lib/thumb/v7e-m+fp/hard/libc_nano.a(libc_a-exit.o)
                0x200023d8                exit
 .text.sbrk_aligned
                0x200023fc       0x44 /opt/st/stm32cubeide_1.17.0/plugins/com.st.stm32cube.ide.mcu.externaltools.gnu-tools-for-stm32.12.3.rel1.linux64_1.1.0.202410170702/tools/bin/../lib/gcc/arm-none-eabi/12.3.1/../../../../arm-none-eabi/lib/thumb/v7e-m+fp/hard/libc_nano.a(libc_a-mallocr.o)
 .text._malloc_r
                0x20002440      0x100 /opt/st/stm32cubeide_1.17.0/plugins/com.st.stm32cube.ide.mcu.externaltools.gnu-tools-for-stm32.12.3.rel1.linux64_1.1.0.202410170702/tools/bin/../lib/gcc/arm-none-eabi/12.3.1/../../../../arm-none-eabi/lib/thumb/v7e-m+fp/hard/libc_nano.a(libc_a-mallocr.o)
                0x20002440                _malloc_r
 .text.__malloc_lock
                0x20002540        0xc /opt/st/stm32cubeide_1.17.0/plugins/com.st.stm32cube.ide.mcu.externaltools.gnu-tools-for-stm32.12.3.rel1.linux64_1.1.0.202410170702/tools/bin/../lib/gcc/arm-none-eabi/12.3.1/../../../../arm-none-eabi/lib/thumb/v7e-m+fp/hard/libc_nano.a(libc_a-mlock.o)
                0x20002540                __malloc_lock
 .text.__malloc_unlock
                0x2000254c        0xc /opt/st/stm32cubeide_1.17.0/plugins/com.st.stm32cube.ide.mcu.externaltools.gnu-tools-for-stm32.12.3.rel1.linux64_1.1.0.202410170702/tools/bin/../lib/gcc/arm-none-eabi/12.3.1/../../../../arm-none-eabi/lib/thumb/v7e-m+fp/hard/libc_nano.a(libc_a-mlock.o)
                0x2000254c                __malloc_unlock
 .text.rand     0x20002558       0x7c /opt/st/stm32cubeide_1.17.0/plugins/com.st.stm32cube.ide.mcu.externaltools.gnu-tools-for-stm32.12.3.rel1.linux64_1.1.0.202410170702/tools/bin/../lib/gcc/arm-none-eabi/12.3.1/../../../../arm-none-eabi/lib/thumb/v7e-m+fp/hard/libc_nano.a(libc_a-rand.o)
                0x20002558                rand
 .text.std      0x200025d4       0x6c /opt/st/stm32cubeide_1.17.0/plugins/com.st.stm32cube.ide.mcu.externaltools.gnu-tools-for-stm32.12.3.rel1.linux64_1.1.0.202410170702/tools/bin/../lib/gcc/arm-none-eabi/12.3.1/../../../../arm-none-eabi/lib/thumb/v7e-m+fp/hard/libc_nano.a(libc_a-findfp.o)
 .text.stdio_exit_handler
                0x20002640       0x18 /opt/st/stm32cubeide_1.17.0/plugins/com.st.stm32cube.ide.mcu.externaltools.gnu-tools-for-stm32.12.3.rel1.linux64_1.1.0.202410170702/tools/bin/../lib/gcc/arm-none-eabi/12.3.1/../../../../arm-none-eabi/lib/thumb/v7e-m+fp/hard/libc_nano.a(libc_a-findfp.o)
 .text.cleanup_stdio
                0x20002658       0x40 /opt/st/stm32cubeide_1.17.0/plugins/com.st.stm32cube.ide.mcu.externaltools.gnu-tools-for-stm32.12.3.rel1.linux64_1.1.0.202410170702/tools/bin/../lib/gcc/arm-none-eabi/12.3.1/../../../../arm-none-eabi/lib/thumb/v7e-m+fp/hard/libc_nano.a(libc_a-findfp.o)
 .text.global_stdio_init.part.0
                0x20002698       0x3c /opt/st/stm32cubeide_1.17.0/plugins/com.st.stm32cube.ide.mcu.externaltools.gnu-tools-for-stm32.12.3.rel1.linux64_1.1.0.202410170702/tools/bin/../lib/gcc/arm-none-eabi/12.3.1/../../../../arm-none-eabi/lib/thumb/v7e-m+fp/hard/libc_nano.a(libc_a-findfp.o)
 .text.__sfp_lock_acquire
                0x200026d4        0xc /opt/st/stm32cubeide_1.17.0/plugins/com.st.stm32cube.ide.mcu.externaltools.gnu-tools-for-stm32.12.3.rel1.linux64_1.1.0.202410170702/tools/bin/../lib/gcc/arm-none-eabi/12.3.1/../../../../arm-none-eabi/lib/thumb/v7e-m+fp/hard/libc_nano.a(libc_a-findfp.o)
                0x200026d4                __sfp_lock_acquire
 .text.__sfp_lock_release
                0x200026e0        0xc /opt/st/stm32cubeide_1.17.0/plugins/com.st.stm32cube.ide.mcu.externaltools.gnu-tools-for-stm32.12.3.rel1.linux64_1.1.0.202410170702/tools/bin/../lib/gcc/arm-none-eabi/12.3.1/../../../../arm-none-eabi/lib/thumb/v7e-m+fp/hard/libc_nano.a(libc_a-findfp.o)
                0x200026e0                __sfp_lock_release
 .text.__sinit  0x200026ec       0x30 /opt/st/stm32cubeide_1.17.0/plugins/com.st.stm32cube.ide.mcu.externaltools.gnu-tools-for-stm32.12.3.rel1.linux64_1.1.0.202410170702/tools/bin/../lib/gcc/arm-none-eabi/12.3.1/../../../../arm-none-eabi/lib/thumb/v7e-m+fp/hard/libc_nano.a(libc_a-findfp.o)
                0x200026ec                __sinit
 .text._fwalk_sglue
                0x2000271c       0x3c /opt/st/stm32cubeide_1.17.0/plugins/com.st.stm32cube.ide.mcu.externaltools.gnu-tools-for-stm32.12.3.rel1.linux64_1.1.0.202410170702/tools/bin/../lib/gcc/arm-none-eabi/12.3.1/../../../../arm-none-eabi/lib/thumb/v7e-m+fp/hard/libc_nano.a(libc_a-fwalk.o)
                0x2000271c                _fwalk_sglue
 .text._puts_r  0x20002758       0xaa /opt/st/stm32cubeide_1.17.0/plugins/com.st.stm32cube.ide.mcu.externaltools.gnu-tools-for-stm32.12.3.rel1.linux64_1.1.0.202410170702/tools/bin/../lib/gcc/arm-none-eabi/12.3.1/../../../../arm-none-eabi/lib/thumb/v7e-m+fp/hard/libc_nano.a(libc_a-puts.o)
                0x20002758                _puts_r
 *fill*         0x20002802        0x2 
 .text.puts     0x20002804       0x10 /opt/st/stm32cubeide_1.17.0/plugins/com.st.stm32cube.ide.mcu.externaltools.gnu-tools-for-stm32.12.3.rel1.linux64_1.1.0.202410170702/tools/bin/../lib/gcc/arm-none-eabi/12.3.1/../../../../arm-none-eabi/lib/thumb/v7e-m+fp/hard/libc_nano.a(libc_a-puts.o)
                0x20002804                puts
 .text.__sread  0x20002814       0x22 /opt/st/stm32cubeide_1.17.0/plugins/com.st.stm32cube.ide.mcu.externaltools.gnu-tools-for-stm32.12.3.rel1.linux64_1.1.0.202410170702/tools/bin/../lib/gcc/arm-none-eabi/12.3.1/../../../../arm-none-eabi/lib/thumb/v7e-m+fp/hard/libc_nano.a(libc_a-stdio.o)
                0x20002814                __sread
 .text.__swrite
                0x20002836       0x38 /opt/st/stm32cubeide_1.17.0/plugins/com.st.stm32cube.ide.mcu.externaltools.gnu-tools-for-stm32.12.3.rel1.linux64_1.1.0.202410170702/tools/bin/../lib/gcc/arm-none-eabi/12.3.1/../../../../arm-none-eabi/lib/thumb/v7e-m+fp/hard/libc_nano.a(libc_a-stdio.o)
                0x20002836                __swrite
 .text.__sseek  0x2000286e       0x24 /opt/st/stm32cubeide_1.17.0/plugins/com.st.stm32cube.ide.mcu.externaltools.gnu-tools-for-stm32.12.3.rel1.linux64_1.1.0.202410170702/tools/bin/../lib/gcc/arm-none-eabi/12.3.1/../../../../arm-none-eabi/lib/thumb/v7e-m+fp/hard/libc_nano.a(libc_a-stdio.o)
                0x2000286e                __sseek
 .text.__sclose
                0x20002892        0x8 /opt/st/stm32cubeide_1.17.0/plugins/com.st.stm32cube.ide.mcu.externaltools.gnu-tools-for-stm32.12.3.rel1.linux64_1.1.0.202410170702/tools/bin/../lib/gcc/arm-none-eabi/12.3.1/../../../../arm-none-eabi/lib/thumb/v7e-m+fp/hard/libc_nano.a(libc_a-stdio.o)
                0x20002892                __sclose
 .text.__swbuf_r
                0x2000289a       0x7c /opt/st/stm32cubeide_1.17.0/plugins/com.st.stm32cube.ide.mcu.externaltools.gnu-tools-for-stm32.12.3.rel1.linux64_1.1.0.202410170702/tools/bin/../lib/gcc/arm-none-eabi/12.3.1/../../../../arm-none-eabi/lib/thumb/v7e-m+fp/hard/libc_nano.a(libc_a-wbuf.o)
                0x2000289a                __swbuf_r
 *fill*         0x20002916        0x2 
 .text.__swsetup_r
                0x20002918       0xac /opt/st/stm32cubeide_1.17.0/plugins/com.st.stm32cube.ide.mcu.externaltools.gnu-tools-for-stm32.12.3.rel1.linux64_1.1.0.202410170702/tools/bin/../lib/gcc/arm-none-eabi/12.3.1/../../../../arm-none-eabi/lib/thumb/v7e-m+fp/hard/libc_nano.a(libc_a-wsetup.o)
                0x20002918                __swsetup_r
 .text.memset   0x200029c4       0x10 /opt/st/stm32cubeide_1.17.0/plugins/com.st.stm32cube.ide.mcu.externaltools.gnu-tools-for-stm32.12.3.rel1.linux64_1.1.0.202410170702/tools/bin/../lib/gcc/arm-none-eabi/12.3.1/../../../../arm-none-eabi/lib/thumb/v7e-m+fp/hard/libc_nano.a(libc_a-memset.o)
                0x200029c4                memset
 .text._close_r
                0x200029d4       0x20 /opt/st/stm32cubeide_1.17.0/plugins/com.st.stm32cube.ide.mcu.externaltools.gnu-tools-for-stm32.12.3.rel1.linux64_1.1.0.202410170702/tools/bin/../lib/gcc/arm-none-eabi/12.3.1/../../../../arm-none-eabi/lib/thumb/v7e-m+fp/hard/libc_nano.a(libc_a-closer.o)
                0x200029d4                _close_r
 .text._lseek_r
                0x200029f4       0x24 /opt/st/stm32cubeide_1.17.0/plugins/com.st.stm32cube.ide.mcu.externaltools.gnu-tools-for-stm32.12.3.rel1.linux64_1.1.0.202410170702/tools/bin/../lib/gcc/arm-none-eabi/12.3.1/../../../../arm-none-eabi/lib/thumb/v7e-m+fp/hard/libc_nano.a(libc_a-lseekr.o)
                0x200029f4                _lseek_r
 .text._read_r  0x20002a18       0x24 /opt/st/stm32cubeide_1.17.0/plugins/com.st.stm32cube.ide.mcu.externaltools.gnu-tools-for-stm32.12.3.rel1.linux64_1.1.0.202410170702/tools/bin/../lib/gcc/arm-none-eabi/12.3.1/../../../../arm-none-eabi/lib/thumb/v7e-m+fp/hard/libc_nano.a(libc_a-readr.o)
                0x20002a18                _read_r
 .text._sbrk_r  0x20002a3c       0x20 /opt/st/stm32cubeide_1.17.0/plugins/com.st.stm32cube.ide.mcu.externaltools.gnu-tools-for-stm32.12.3.rel1.linux64_1.1.0.202410170702/tools/bin/../lib/gcc/arm-none-eabi/12.3.1/../../../../arm-none-eabi/lib/thumb/v7e-m+fp/hard/libc_nano.a(libc_a-sbrkr.o)
                0x20002a3c                _sbrk_r
 .text._write_r
                0x20002a5c       0x24 /opt/st/stm32cubeide_1.17.0/plugins/com.st.stm32cube.ide.mcu.externaltools.gnu-tools-for-stm32.12.3.rel1.linux64_1.1.0.202410170702/tools/bin/../lib/gcc/arm-none-eabi/12.3.1/../../../../arm-none-eabi/lib/thumb/v7e-m+fp/hard/libc_nano.a(libc_a-writer.o)
                0x20002a5c                _write_r
 .text.__errno  0x20002a80        0xc /opt/st/stm32cubeide_1.17.0/plugins/com.st.stm32cube.ide.mcu.externaltools.gnu-tools-for-stm32.12.3.rel1.linux64_1.1.0.202410170702/tools/bin/../lib/gcc/arm-none-eabi/12.3.1/../../../../arm-none-eabi/lib/thumb/v7e-m+fp/hard/libc_nano.a(libc_a-errno.o)
                0x20002a80                __errno
 .text.__retarget_lock_init_recursive
                0x20002a8c        0x2 /opt/st/stm32cubeide_1.17.0/plugins/com.st.stm32cube.ide.mcu.externaltools.gnu-tools-for-stm32.12.3.rel1.linux64_1.1.0.202410170702/tools/bin/../lib/gcc/arm-none-eabi/12.3.1/../../../../arm-none-eabi/lib/thumb/v7e-m+fp/hard/libc_nano.a(libc_a-lock.o)
                0x20002a8c                __retarget_lock_init_recursive
 .text.__retarget_lock_acquire_recursive
                0x20002a8e        0x2 /opt/st/stm32cubeide_1.17.0/plugins/com.st.stm32cube.ide.mcu.externaltools.gnu-tools-for-stm32.12.3.rel1.linux64_1.1.0.202410170702/tools/bin/../lib/gcc/arm-none-eabi/12.3.1/../../../../arm-none-eabi/lib/thumb/v7e-m+fp/hard/libc_nano.a(libc_a-lock.o)
                0x20002a8e                __retarget_lock_acquire_recursive
 .text.__retarget_lock_release_recursive
                0x20002a90        0x2 /opt/st/stm32cubeide_1.17.0/plugins/com.st.stm32cube.ide.mcu.externaltools.gnu-tools-for-stm32.12.3.rel1.linux64_1.1.0.202410170702/tools/bin/../lib/gcc/arm-none-eabi/12.3.1/../../../../arm-none-eabi/lib/thumb/v7e-m+fp/hard/libc_nano.a(libc_a-lock.o)
                0x20002a90                __retarget_lock_release_recursive
 *fill*         0x20002a92        0x2 
 .text.__assert_func
                0x20002a94       0x3c /opt/st/stm32cubeide_1.17.0/plugins/com.st.stm32cube.ide.mcu.externaltools.gnu-tools-for-stm32.12.3.rel1.linux64_1.1.0.202410170702/tools/bin/../lib/gcc/arm-none-eabi/12.3.1/../../../../arm-none-eabi/lib/thumb/v7e-m+fp/hard/libc_nano.a(libc_a-assert.o)
                0x20002a94                __assert_func
 .text._free_r  0x20002ad0       0x94 /opt/st/stm32cubeide_1.17.0/plugins/com.st.stm32cube.ide.mcu.externaltools.gnu-tools-for-stm32.12.3.rel1.linux64_1.1.0.202410170702/tools/bin/../lib/gcc/arm-none-eabi/12.3.1/../../../../arm-none-eabi/lib/thumb/v7e-m+fp/hard/libc_nano.a(libc_a-freer.o)
                0x20002ad0                _free_r
 .text.malloc   0x20002b64       0x10 /opt/st/stm32cubeide_1.17.0/plugins/com.st.stm32cube.ide.mcu.externaltools.gnu-tools-for-stm32.12.3.rel1.linux64_1.1.0.202410170702/tools/bin/../lib/gcc/arm-none-eabi/12.3.1/../../../../arm-none-eabi/lib/thumb/v7e-m+fp/hard/libc_nano.a(libc_a-malloc.o)
                0x20002b64                malloc
 .text.__sflush_r
                0x20002b74      0x108 /opt/st/stm32cubeide_1.17.0/plugins/com.st.stm32cube.ide.mcu.externaltools.gnu-tools-for-stm32.12.3.rel1.linux64_1.1.0.202410170702/tools/bin/../lib/gcc/arm-none-eabi/12.3.1/../../../../arm-none-eabi/lib/thumb/v7e-m+fp/hard/libc_nano.a(libc_a-fflush.o)
                0x20002b74                __sflush_r
 .text._fflush_r
                0x20002c7c       0x50 /opt/st/stm32cubeide_1.17.0/plugins/com.st.stm32cube.ide.mcu.externaltools.gnu-tools-for-stm32.12.3.rel1.linux64_1.1.0.202410170702/tools/bin/../lib/gcc/arm-none-eabi/12.3.1/../../../../arm-none-eabi/lib/thumb/v7e-m+fp/hard/libc_nano.a(libc_a-fflush.o)
                0x20002c7c                _fflush_r
 .text.fprintf  0x20002ccc       0x24 /opt/st/stm32cubeide_1.17.0/plugins/com.st.stm32cube.ide.mcu.externaltools.gnu-tools-for-stm32.12.3.rel1.linux64_1.1.0.202410170702/tools/bin/../lib/gcc/arm-none-eabi/12.3.1/../../../../arm-none-eabi/lib/thumb/v7e-m+fp/hard/libc_nano.a(libc_a-fprintf.o)
                0x20002ccc                fprintf
                0x20002ccc                fiprintf
 .text.__swhatbuf_r
                0x20002cf0       0x4c /opt/st/stm32cubeide_1.17.0/plugins/com.st.stm32cube.ide.mcu.externaltools.gnu-tools-for-stm32.12.3.rel1.linux64_1.1.0.202410170702/tools/bin/../lib/gcc/arm-none-eabi/12.3.1/../../../../arm-none-eabi/lib/thumb/v7e-m+fp/hard/libc_nano.a(libc_a-makebuf.o)
                0x20002cf0                __swhatbuf_r
 .text.__smakebuf_r
                0x20002d3c       0x78 /opt/st/stm32cubeide_1.17.0/plugins/com.st.stm32cube.ide.mcu.externaltools.gnu-tools-for-stm32.12.3.rel1.linux64_1.1.0.202410170702/tools/bin/../lib/gcc/arm-none-eabi/12.3.1/../../../../arm-none-eabi/lib/thumb/v7e-m+fp/hard/libc_nano.a(libc_a-makebuf.o)
                0x20002d3c                __smakebuf_r
 .text._fstat_r
                0x20002db4       0x24 /opt/st/stm32cubeide_1.17.0/plugins/com.st.stm32cube.ide.mcu.externaltools.gnu-tools-for-stm32.12.3.rel1.linux64_1.1.0.202410170702/tools/bin/../lib/gcc/arm-none-eabi/12.3.1/../../../../arm-none-eabi/lib/thumb/v7e-m+fp/hard/libc_nano.a(libc_a-fstatr.o)
                0x20002db4                _fstat_r
 .text._isatty_r
                0x20002dd8       0x20 /opt/st/stm32cubeide_1.17.0/plugins/com.st.stm32cube.ide.mcu.externaltools.gnu-tools-for-stm32.12.3.rel1.linux64_1.1.0.202410170702/tools/bin/../lib/gcc/arm-none-eabi/12.3.1/../../../../arm-none-eabi/lib/thumb/v7e-m+fp/hard/libc_nano.a(libc_a-isattyr.o)
                0x20002dd8                _isatty_r
 .text.abort    0x20002df8        0xe /opt/st/stm32cubeide_1.17.0/plugins/com.st.stm32cube.ide.mcu.externaltools.gnu-tools-for-stm32.12.3.rel1.linux64_1.1.0.202410170702/tools/bin/../lib/gcc/arm-none-eabi/12.3.1/../../../../arm-none-eabi/lib/thumb/v7e-m+fp/hard/libc_nano.a(libc_a-abort.o)
                0x20002df8                abort
 .text.__sfputc_r
                0x20002e06       0x2e /opt/st/stm32cubeide_1.17.0/plugins/com.st.stm32cube.ide.mcu.externaltools.gnu-tools-for-stm32.12.3.rel1.linux64_1.1.0.202410170702/tools/bin/../lib/gcc/arm-none-eabi/12.3.1/../../../../arm-none-eabi/lib/thumb/v7e-m+fp/hard/libc_nano.a(libc_a-nano-vfprintf.o)
 .text.__sfputs_r
                0x20002e34       0x24 /opt/st/stm32cubeide_1.17.0/plugins/com.st.stm32cube.ide.mcu.externaltools.gnu-tools-for-stm32.12.3.rel1.linux64_1.1.0.202410170702/tools/bin/../lib/gcc/arm-none-eabi/12.3.1/../../../../arm-none-eabi/lib/thumb/v7e-m+fp/hard/libc_nano.a(libc_a-nano-vfprintf.o)
                0x20002e34                __sfputs_r
 .text._vfprintf_r
                0x20002e58      0x230 /opt/st/stm32cubeide_1.17.0/plugins/com.st.stm32cube.ide.mcu.externaltools.gnu-tools-for-stm32.12.3.rel1.linux64_1.1.0.202410170702/tools/bin/../lib/gcc/arm-none-eabi/12.3.1/../../../../arm-none-eabi/lib/thumb/v7e-m+fp/hard/libc_nano.a(libc_a-nano-vfprintf.o)
                0x20002e58                _vfiprintf_r
                0x20002e58                _vfprintf_r
 .text._printf_common
                0x20003088       0xda /opt/st/stm32cubeide_1.17.0/plugins/com.st.stm32cube.ide.mcu.externaltools.gnu-tools-for-stm32.12.3.rel1.linux64_1.1.0.202410170702/tools/bin/../lib/gcc/arm-none-eabi/12.3.1/../../../../arm-none-eabi/lib/thumb/v7e-m+fp/hard/libc_nano.a(libc_a-nano-vfprintf_i.o)
                0x20003088                _printf_common
 *fill*         0x20003162        0x2 
 .text._printf_i
                0x20003164      0x240 /opt/st/stm32cubeide_1.17.0/plugins/com.st.stm32cube.ide.mcu.externaltools.gnu-tools-for-stm32.12.3.rel1.linux64_1.1.0.202410170702/tools/bin/../lib/gcc/arm-none-eabi/12.3.1/../../../../arm-none-eabi/lib/thumb/v7e-m+fp/hard/libc_nano.a(libc_a-nano-vfprintf_i.o)
                0x20003164                _printf_i
 .text._raise_r
                0x200033a4       0x50 /opt/st/stm32cubeide_1.17.0/plugins/com.st.stm32cube.ide.mcu.externaltools.gnu-tools-for-stm32.12.3.rel1.linux64_1.1.0.202410170702/tools/bin/../lib/gcc/arm-none-eabi/12.3.1/../../../../arm-none-eabi/lib/thumb/v7e-m+fp/hard/libc_nano.a(libc_a-signal.o)
                0x200033a4                _raise_r
 .text.raise    0x200033f4       0x10 /opt/st/stm32cubeide_1.17.0/plugins/com.st.stm32cube.ide.mcu.externaltools.gnu-tools-for-stm32.12.3.rel1.linux64_1.1.0.202410170702/tools/bin/../lib/gcc/arm-none-eabi/12.3.1/../../../../arm-none-eabi/lib/thumb/v7e-m+fp/hard/libc_nano.a(libc_a-signal.o)
                0x200033f4                raise
 .text._kill_r  0x20003404       0x24 /opt/st/stm32cubeide_1.17.0/plugins/com.st.stm32cube.ide.mcu.externaltools.gnu-tools-for-stm32.12.3.rel1.linux64_1.1.0.202410170702/tools/bin/../lib/gcc/arm-none-eabi/12.3.1/../../../../arm-none-eabi/lib/thumb/v7e-m+fp/hard/libc_nano.a(libc_a-signalr.o)
                0x20003404                _kill_r
 .text._getpid_r
                0x20003428        0x4 /opt/st/stm32cubeide_1.17.0/plugins/com.st.stm32cube.ide.mcu.externaltools.gnu-tools-for-stm32.12.3.rel1.linux64_1.1.0.202410170702/tools/bin/../lib/gcc/arm-none-eabi/12.3.1/../../../../arm-none-eabi/lib/thumb/v7e-m+fp/hard/libc_nano.a(libc_a-signalr.o)
                0x20003428                _getpid_r
 *(.glue_7)
 .glue_7        0x2000342c        0x0 linker stubs
 *(.glue_7t)
 .glue_7t       0x2000342c        0x0 linker stubs
 *(.eh_frame)
 .eh_frame      0x2000342c        0x0 /opt/st/stm32cubeide_1.17.0/plugins/com.st.stm32cube.ide.mcu.externaltools.gnu-tools-for-stm32.12.3.rel1.linux64_1.1.0.202410170702/tools/bin/../lib/gcc/arm-none-eabi/12.3.1/thumb/v7e-m+fp/hard/crtbegin.o
 *(.RamFunc)
 *(.RamFunc*)
 *(.init)
 .init          0x2000342c        0x4 /opt/st/stm32cubeide_1.17.0/plugins/com.st.stm32cube.ide.mcu.externaltools.gnu-tools-for-stm32.12.3.rel1.linux64_1.1.0.202410170702/tools/bin/../lib/gcc/arm-none-eabi/12.3.1/thumb/v7e-m+fp/hard/crti.o
                0x2000342c                _init
 .init          0x20003430        0x8 /opt/st/stm32cubeide_1.17.0/plugins/com.st.stm32cube.ide.mcu.externaltools.gnu-tools-for-stm32.12.3.rel1.linux64_1.1.0.202410170702/tools/bin/../lib/gcc/arm-none-eabi/12.3.1/thumb/v7e-m+fp/hard/crtn.o
 *(.fini)
 .fini          0x20003438        0x4 /opt/st/stm32cubeide_1.17.0/plugins/com.st.stm32cube.ide.mcu.externaltools.gnu-tools-for-stm32.12.3.rel1.linux64_1.1.0.202410170702/tools/bin/../lib/gcc/arm-none-eabi/12.3.1/thumb/v7e-m+fp/hard/crti.o
                0x20003438                _fini
 .fini          0x2000343c        0x8 /opt/st/stm32cubeide_1.17.0/plugins/com.st.stm32cube.ide.mcu.externaltools.gnu-tools-for-stm32.12.3.rel1.linux64_1.1.0.202410170702/tools/bin/../lib/gcc/arm-none-eabi/12.3.1/thumb/v7e-m+fp/hard/crtn.o
                0x20003444                        . = ALIGN (0x4)
                0x20003444                        _etext = .

.vfp11_veneer   0x20003444        0x0
 .vfp11_veneer  0x20003444        0x0 linker stubs

.v4_bx          0x20003444        0x0
 .v4_bx         0x20003444        0x0 linker stubs

.iplt           0x20003444        0x0
 .iplt          0x20003444        0x0 /opt/st/stm32cubeide_1.17.0/plugins/com.st.stm32cube.ide.mcu.externaltools.gnu-tools-for-stm32.12.3.rel1.linux64_1.1.0.202410170702/tools/bin/../lib/gcc/arm-none-eabi/12.3.1/thumb/v7e-m+fp/hard/crtbegin.o

.rodata         0x20003444      0x118
                0x20003444                        . = ALIGN (0x4)
 *(.rodata)
 .rodata        0x20003444       0x27 ./Core/Src/main.o
 *(.rodata*)
 *fill*         0x2000346b        0x1 
 .rodata.AHBPrescTable
                0x2000346c       0x10 ./Core/Src/system_stm32f4xx.o
                0x2000346c                AHBPrescTable
 .rodata.srand.str1.1
                0x2000347c       0x6f /opt/st/stm32cubeide_1.17.0/plugins/com.st.stm32cube.ide.mcu.externaltools.gnu-tools-for-stm32.12.3.rel1.linux64_1.1.0.202410170702/tools/bin/../lib/gcc/arm-none-eabi/12.3.1/../../../../arm-none-eabi/lib/thumb/v7e-m+fp/hard/libc_nano.a(libc_a-rand.o)
 .rodata.__assert_func.str1.1
                0x200034eb       0x3c /opt/st/stm32cubeide_1.17.0/plugins/com.st.stm32cube.ide.mcu.externaltools.gnu-tools-for-stm32.12.3.rel1.linux64_1.1.0.202410170702/tools/bin/../lib/gcc/arm-none-eabi/12.3.1/../../../../arm-none-eabi/lib/thumb/v7e-m+fp/hard/libc_nano.a(libc_a-assert.o)
                                 0x3d (size before relaxing)
 .rodata._vfprintf_r.str1.1
                0x20003527       0x11 /opt/st/stm32cubeide_1.17.0/plugins/com.st.stm32cube.ide.mcu.externaltools.gnu-tools-for-stm32.12.3.rel1.linux64_1.1.0.202410170702/tools/bin/../lib/gcc/arm-none-eabi/12.3.1/../../../../arm-none-eabi/lib/thumb/v7e-m+fp/hard/libc_nano.a(libc_a-nano-vfprintf.o)
 .rodata._printf_i.str1.1
                0x20003538       0x22 /opt/st/stm32cubeide_1.17.0/plugins/com.st.stm32cube.ide.mcu.externaltools.gnu-tools-for-stm32.12.3.rel1.linux64_1.1.0.202410170702/tools/bin/../lib/gcc/arm-none-eabi/12.3.1/../../../../arm-none-eabi/lib/thumb/v7e-m+fp/hard/libc_nano.a(libc_a-nano-vfprintf_i.o)
                0x2000355c                        . = ALIGN (0x4)
 *fill*         0x2000355a        0x2 

.ARM.extab      0x2000355c        0x0
                0x2000355c                        . = ALIGN (0x4)
 *(.ARM.extab* .gnu.linkonce.armextab.*)
                0x2000355c                        . = ALIGN (0x4)

.ARM            0x2000355c        0x8
                0x2000355c                        . = ALIGN (0x4)
                0x2000355c                        __exidx_start = .
 *(.ARM.exidx*)
 .ARM.exidx     0x2000355c        0x8 /opt/st/stm32cubeide_1.17.0/plugins/com.st.stm32cube.ide.mcu.externaltools.gnu-tools-for-stm32.12.3.rel1.linux64_1.1.0.202410170702/tools/bin/../lib/gcc/arm-none-eabi/12.3.1/../../../../arm-none-eabi/lib/thumb/v7e-m+fp/hard/libc_nano.a(libc_a-memchr.o)
 .ARM.exidx     0x20003564        0x0 /opt/st/stm32cubeide_1.17.0/plugins/com.st.stm32cube.ide.mcu.externaltools.gnu-tools-for-stm32.12.3.rel1.linux64_1.1.0.202410170702/tools/bin/../lib/gcc/arm-none-eabi/12.3.1/thumb/v7e-m+fp/hard/libgcc.a(_udivmoddi4.o)
                                  0x8 (size before relaxing)
                0x20003564                        __exidx_end = .
                0x20003564                        . = ALIGN (0x4)

.preinit_array  0x20003564        0x0
                0x20003564                        . = ALIGN (0x4)
                0x20003564                        PROVIDE (__preinit_array_start = .)
 *(.preinit_array*)
                0x20003564                        PROVIDE (__preinit_array_end = .)
                0x20003564                        . = ALIGN (0x4)

.init_array     0x20003564        0x4
                0x20003564                        . = ALIGN (0x4)
                0x20003564                        PROVIDE (__init_array_start = .)
 *(SORT_BY_NAME(.init_array.*))
 *(.init_array*)
 .init_array    0x20003564        0x4 /opt/st/stm32cubeide_1.17.0/plugins/com.st.stm32cube.ide.mcu.externaltools.gnu-tools-for-stm32.12.3.rel1.linux64_1.1.0.202410170702/tools/bin/../lib/gcc/arm-none-eabi/12.3.1/thumb/v7e-m+fp/hard/crtbegin.o
                0x20003568                        PROVIDE (__init_array_end = .)
                0x20003568                        . = ALIGN (0x4)

.fini_array     0x20003568        0x4
                0x20003568                        . = ALIGN (0x4)
                [!provide]                        PROVIDE (__fini_array_start = .)
 *(SORT_BY_NAME(.fini_array.*))
 *(.fini_array*)
 .fini_array    0x20003568        0x4 /opt/st/stm32cubeide_1.17.0/plugins/com.st.stm32cube.ide.mcu.externaltools.gnu-tools-for-stm32.12.3.rel1.linux64_1.1.0.202410170702/tools/bin/../lib/gcc/arm-none-eabi/12.3.1/thumb/v7e-m+fp/hard/crtbegin.o
                [!provide]                        PROVIDE (__fini_array_end = .)
                0x2000356c                        . = ALIGN (0x4)
                0x2000356c                        _sidata = LOADADDR (.data)

.rel.dyn        0x2000356c        0x0
 .rel.iplt      0x2000356c        0x0 /opt/st/stm32cubeide_1.17.0/plugins/com.st.stm32cube.ide.mcu.externaltools.gnu-tools-for-stm32.12.3.rel1.linux64_1.1.0.202410170702/tools/bin/../lib/gcc/arm-none-eabi/12.3.1/thumb/v7e-m+fp/hard/crtbegin.o

.data           0x2000356c       0x68
                0x2000356c                        . = ALIGN (0x4)
                0x2000356c                        _sdata = .
 *(.data)
 *(.data*)
 .data.SystemCoreClock
                0x2000356c        0x4 ./Core/Src/system_stm32f4xx.o
                0x2000356c                SystemCoreClock
 .data.uwTickPrio
                0x20003570        0x4 ./Drivers/STM32F4xx_HAL_Driver/Src/stm32f4xx_hal.o
                0x20003570                uwTickPrio
 .data.uwTickFreq
                0x20003574        0x1 ./Drivers/STM32F4xx_HAL_Driver/Src/stm32f4xx_hal.o
                0x20003574                uwTickFreq
 *fill*         0x20003575        0x3 
 .data.__sglue  0x20003578        0xc /opt/st/stm32cubeide_1.17.0/plugins/com.st.stm32cube.ide.mcu.externaltools.gnu-tools-for-stm32.12.3.rel1.linux64_1.1.0.202410170702/tools/bin/../lib/gcc/arm-none-eabi/12.3.1/../../../../arm-none-eabi/lib/thumb/v7e-m+fp/hard/libc_nano.a(libc_a-findfp.o)
                0x20003578                __sglue
 .data._impure_ptr
                0x20003584        0x4 /opt/st/stm32cubeide_1.17.0/plugins/com.st.stm32cube.ide.mcu.externaltools.gnu-tools-for-stm32.12.3.rel1.linux64_1.1.0.202410170702/tools/bin/../lib/gcc/arm-none-eabi/12.3.1/../../../../arm-none-eabi/lib/thumb/v7e-m+fp/hard/libc_nano.a(libc_a-impure.o)
                0x20003584                _impure_ptr
 .data._impure_data
                0x20003588       0x4c /opt/st/stm32cubeide_1.17.0/plugins/com.st.stm32cube.ide.mcu.externaltools.gnu-tools-for-stm32.12.3.rel1.linux64_1.1.0.202410170702/tools/bin/../lib/gcc/arm-none-eabi/12.3.1/../../../../arm-none-eabi/lib/thumb/v7e-m+fp/hard/libc_nano.a(libc_a-impure.o)
                0x20003588                _impure_data
                0x200035d4                        . = ALIGN (0x4)
                0x200035d4                        _edata = .

.igot.plt       0x200035d4        0x0
 .igot.plt      0x200035d4        0x0 /opt/st/stm32cubeide_1.17.0/plugins/com.st.stm32cube.ide.mcu.externaltools.gnu-tools-for-stm32.12.3.rel1.linux64_1.1.0.202410170702/tools/bin/../lib/gcc/arm-none-eabi/12.3.1/thumb/v7e-m+fp/hard/crtbegin.o
                0x200035d4                        . = ALIGN (0x4)

.bss            0x200035d4      0x310
                0x200035d4                        _sbss = .
                0x200035d4                        __bss_start__ = _sbss
 *(.bss)
 .bss           0x200035d4       0x1c /opt/st/stm32cubeide_1.17.0/plugins/com.st.stm32cube.ide.mcu.externaltools.gnu-tools-for-stm32.12.3.rel1.linux64_1.1.0.202410170702/tools/bin/../lib/gcc/arm-none-eabi/12.3.1/thumb/v7e-m+fp/hard/crtbegin.o
 *(.bss*)
 .bss.g_coverageList
                0x200035f0      0x190 ./Core/Src/main.o
                0x200035f0                g_coverageList
 .bss.g_covListPtr
                0x20003780        0x4 ./Core/Src/main.o
                0x20003780                g_covListPtr
 .bss.g_sutStartPtr
                0x20003784        0x4 ./Core/Src/main.o
                0x20003784                g_sutStartPtr
 .bss.g_isIncreasing
                0x20003788        0x1 ./Core/Src/main.o
                0x20003788                g_isIncreasing
 *fill*         0x20003789        0x3 
 .bss.g_iterations
                0x2000378c        0x4 ./Core/Src/main.o
                0x2000378c                g_iterations
 .bss.__sbrk_heap_end
                0x20003790        0x4 ./Core/Src/sysmem.o
 .bss.uwTick    0x20003794        0x4 ./Drivers/STM32F4xx_HAL_Driver/Src/stm32f4xx_hal.o
                0x20003794                uwTick
 .bss.__malloc_sbrk_start
                0x20003798        0x4 /opt/st/stm32cubeide_1.17.0/plugins/com.st.stm32cube.ide.mcu.externaltools.gnu-tools-for-stm32.12.3.rel1.linux64_1.1.0.202410170702/tools/bin/../lib/gcc/arm-none-eabi/12.3.1/../../../../arm-none-eabi/lib/thumb/v7e-m+fp/hard/libc_nano.a(libc_a-mallocr.o)
                0x20003798                __malloc_sbrk_start
 .bss.__malloc_free_list
                0x2000379c        0x4 /opt/st/stm32cubeide_1.17.0/plugins/com.st.stm32cube.ide.mcu.externaltools.gnu-tools-for-stm32.12.3.rel1.linux64_1.1.0.202410170702/tools/bin/../lib/gcc/arm-none-eabi/12.3.1/../../../../arm-none-eabi/lib/thumb/v7e-m+fp/hard/libc_nano.a(libc_a-mallocr.o)
                0x2000379c                __malloc_free_list
 .bss.__sf      0x200037a0      0x138 /opt/st/stm32cubeide_1.17.0/plugins/com.st.stm32cube.ide.mcu.externaltools.gnu-tools-for-stm32.12.3.rel1.linux64_1.1.0.202410170702/tools/bin/../lib/gcc/arm-none-eabi/12.3.1/../../../../arm-none-eabi/lib/thumb/v7e-m+fp/hard/libc_nano.a(libc_a-findfp.o)
                0x200037a0                __sf
 .bss.__stdio_exit_handler
                0x200038d8        0x4 /opt/st/stm32cubeide_1.17.0/plugins/com.st.stm32cube.ide.mcu.externaltools.gnu-tools-for-stm32.12.3.rel1.linux64_1.1.0.202410170702/tools/bin/../lib/gcc/arm-none-eabi/12.3.1/../../../../arm-none-eabi/lib/thumb/v7e-m+fp/hard/libc_nano.a(libc_a-findfp.o)
                0x200038d8                __stdio_exit_handler
 .bss.errno     0x200038dc        0x4 /opt/st/stm32cubeide_1.17.0/plugins/com.st.stm32cube.ide.mcu.externaltools.gnu-tools-for-stm32.12.3.rel1.linux64_1.1.0.202410170702/tools/bin/../lib/gcc/arm-none-eabi/12.3.1/../../../../arm-none-eabi/lib/thumb/v7e-m+fp/hard/libc_nano.a(libc_a-reent.o)
                0x200038dc                errno
 .bss.__lock___malloc_recursive_mutex
                0x200038e0        0x1 /opt/st/stm32cubeide_1.17.0/plugins/com.st.stm32cube.ide.mcu.externaltools.gnu-tools-for-stm32.12.3.rel1.linux64_1.1.0.202410170702/tools/bin/../lib/gcc/arm-none-eabi/12.3.1/../../../../arm-none-eabi/lib/thumb/v7e-m+fp/hard/libc_nano.a(libc_a-lock.o)
                0x200038e0                __lock___malloc_recursive_mutex
 .bss.__lock___sfp_recursive_mutex
                0x200038e1        0x1 /opt/st/stm32cubeide_1.17.0/plugins/com.st.stm32cube.ide.mcu.externaltools.gnu-tools-for-stm32.12.3.rel1.linux64_1.1.0.202410170702/tools/bin/../lib/gcc/arm-none-eabi/12.3.1/../../../../arm-none-eabi/lib/thumb/v7e-m+fp/hard/libc_nano.a(libc_a-lock.o)
                0x200038e1                __lock___sfp_recursive_mutex
 *(COMMON)
                0x200038e4                        . = ALIGN (0x4)
 *fill*         0x200038e2        0x2 
                0x200038e4                        _ebss = .
                0x200038e4                        __bss_end__ = _ebss

._user_heap_stack
                0x200038e4     0x60e4
                0x200038e8                        . = ALIGN (0x8)
 *fill*         0x200038e4        0x4 
                [!provide]                        PROVIDE (end = .)
                0x200038e8                        PROVIDE (_end = .)
                0x20005930                        . = (. + _Min_Heap_Size)
 *fill*         0x200038e8     0x2048 
                0x200099c6                        . = (. + _Min_Stack_Size)
 *fill*         0x20005930     0x4096 
                0x200099c8                        . = ALIGN (0x8)
 *fill*         0x200099c6        0x2 

/DISCARD/
 libc.a(*)
 libm.a(*)
 libgcc.a(*)

.ARM.attributes
                0x00000000       0x30
 *(.ARM.attributes)
 .ARM.attributes
                0x00000000       0x22 /opt/st/stm32cubeide_1.17.0/plugins/com.st.stm32cube.ide.mcu.externaltools.gnu-tools-for-stm32.12.3.rel1.linux64_1.1.0.202410170702/tools/bin/../lib/gcc/arm-none-eabi/12.3.1/thumb/v7e-m+fp/hard/crti.o
 .ARM.attributes
                0x00000022       0x34 /opt/st/stm32cubeide_1.17.0/plugins/com.st.stm32cube.ide.mcu.externaltools.gnu-tools-for-stm32.12.3.rel1.linux64_1.1.0.202410170702/tools/bin/../lib/gcc/arm-none-eabi/12.3.1/thumb/v7e-m+fp/hard/crtbegin.o
 .ARM.attributes
                0x00000056       0x34 ./Core/Src/branch.o
 .ARM.attributes
                0x0000008a       0x20 ./Core/Src/coverage.o
 .ARM.attributes
                0x000000aa       0x34 ./Core/Src/main.o
 .ARM.attributes
                0x000000de       0x34 ./Core/Src/stm32f4xx_hal_msp.o
 .ARM.attributes
                0x00000112       0x34 ./Core/Src/stm32f4xx_it.o
 .ARM.attributes
                0x00000146       0x34 ./Core/Src/syscalls.o
 .ARM.attributes
                0x0000017a       0x34 ./Core/Src/sysmem.o
 .ARM.attributes
                0x000001ae       0x34 ./Core/Src/system_stm32f4xx.o
 .ARM.attributes
                0x000001e2       0x21 ./Core/Startup/startup_stm32f446retx.o
 .ARM.attributes
                0x00000203       0x34 ./Drivers/STM32F4xx_HAL_Driver/Src/stm32f4xx_hal.o
 .ARM.attributes
                0x00000237       0x34 ./Drivers/STM32F4xx_HAL_Driver/Src/stm32f4xx_hal_cortex.o
 .ARM.attributes
                0x0000026b       0x34 ./Drivers/STM32F4xx_HAL_Driver/Src/stm32f4xx_hal_rcc.o
 .ARM.attributes
                0x0000029f       0x34 ./Drivers/STM32F4xx_HAL_Driver/Src/stm32f4xx_hal_rcc_ex.o
 .ARM.attributes
                0x000002d3       0x34 /opt/st/stm32cubeide_1.17.0/plugins/com.st.stm32cube.ide.mcu.externaltools.gnu-tools-for-stm32.12.3.rel1.linux64_1.1.0.202410170702/tools/bin/../lib/gcc/arm-none-eabi/12.3.1/../../../../arm-none-eabi/lib/thumb/v7e-m+fp/hard/libc_nano.a(libc_a-calloc.o)
 .ARM.attributes
                0x00000307       0x34 /opt/st/stm32cubeide_1.17.0/plugins/com.st.stm32cube.ide.mcu.externaltools.gnu-tools-for-stm32.12.3.rel1.linux64_1.1.0.202410170702/tools/bin/../lib/gcc/arm-none-eabi/12.3.1/../../../../arm-none-eabi/lib/thumb/v7e-m+fp/hard/libc_nano.a(libc_a-callocr.o)
 .ARM.attributes
                0x0000033b       0x34 /opt/st/stm32cubeide_1.17.0/plugins/com.st.stm32cube.ide.mcu.externaltools.gnu-tools-for-stm32.12.3.rel1.linux64_1.1.0.202410170702/tools/bin/../lib/gcc/arm-none-eabi/12.3.1/../../../../arm-none-eabi/lib/thumb/v7e-m+fp/hard/libc_nano.a(libc_a-exit.o)
 .ARM.attributes
                0x0000036f       0x34 /opt/st/stm32cubeide_1.17.0/plugins/com.st.stm32cube.ide.mcu.externaltools.gnu-tools-for-stm32.12.3.rel1.linux64_1.1.0.202410170702/tools/bin/../lib/gcc/arm-none-eabi/12.3.1/../../../../arm-none-eabi/lib/thumb/v7e-m+fp/hard/libc_nano.a(libc_a-mallocr.o)
 .ARM.attributes
                0x000003a3       0x34 /opt/st/stm32cubeide_1.17.0/plugins/com.st.stm32cube.ide.mcu.externaltools.gnu-tools-for-stm32.12.3.rel1.linux64_1.1.0.202410170702/tools/bin/../lib/gcc/arm-none-eabi/12.3.1/../../../../arm-none-eabi/lib/thumb/v7e-m+fp/hard/libc_nano.a(libc_a-mlock.o)
 .ARM.attributes
                0x000003d7       0x34 /opt/st/stm32cubeide_1.17.0/plugins/com.st.stm32cube.ide.mcu.externaltools.gnu-tools-for-stm32.12.3.rel1.linux64_1.1.0.202410170702/tools/bin/../lib/gcc/arm-none-eabi/12.3.1/../../../../arm-none-eabi/lib/thumb/v7e-m+fp/hard/libc_nano.a(libc_a-rand.o)
 .ARM.attributes
                0x0000040b       0x34 /opt/st/stm32cubeide_1.17.0/plugins/com.st.stm32cube.ide.mcu.externaltools.gnu-tools-for-stm32.12.3.rel1.linux64_1.1.0.202410170702/tools/bin/../lib/gcc/arm-none-eabi/12.3.1/../../../../arm-none-eabi/lib/thumb/v7e-m+fp/hard/libc_nano.a(libc_a-findfp.o)
 .ARM.attributes
                0x0000043f       0x34 /opt/st/stm32cubeide_1.17.0/plugins/com.st.stm32cube.ide.mcu.externaltools.gnu-tools-for-stm32.12.3.rel1.linux64_1.1.0.202410170702/tools/bin/../lib/gcc/arm-none-eabi/12.3.1/../../../../arm-none-eabi/lib/thumb/v7e-m+fp/hard/libc_nano.a(libc_a-fwalk.o)
 .ARM.attributes
                0x00000473       0x34 /opt/st/stm32cubeide_1.17.0/plugins/com.st.stm32cube.ide.mcu.externaltools.gnu-tools-for-stm32.12.3.rel1.linux64_1.1.0.202410170702/tools/bin/../lib/gcc/arm-none-eabi/12.3.1/../../../../arm-none-eabi/lib/thumb/v7e-m+fp/hard/libc_nano.a(libc_a-puts.o)
 .ARM.attributes
                0x000004a7       0x34 /opt/st/stm32cubeide_1.17.0/plugins/com.st.stm32cube.ide.mcu.externaltools.gnu-tools-for-stm32.12.3.rel1.linux64_1.1.0.202410170702/tools/bin/../lib/gcc/arm-none-eabi/12.3.1/../../../../arm-none-eabi/lib/thumb/v7e-m+fp/hard/libc_nano.a(libc_a-stdio.o)
 .ARM.attributes
                0x000004db       0x34 /opt/st/stm32cubeide_1.17.0/plugins/com.st.stm32cube.ide.mcu.externaltools.gnu-tools-for-stm32.12.3.rel1.linux64_1.1.0.202410170702/tools/bin/../lib/gcc/arm-none-eabi/12.3.1/../../../../arm-none-eabi/lib/thumb/v7e-m+fp/hard/libc_nano.a(libc_a-wbuf.o)
 .ARM.attributes
                0x0000050f       0x34 /opt/st/stm32cubeide_1.17.0/plugins/com.st.stm32cube.ide.mcu.externaltools.gnu-tools-for-stm32.12.3.rel1.linux64_1.1.0.202410170702/tools/bin/../lib/gcc/arm-none-eabi/12.3.1/../../../../arm-none-eabi/lib/thumb/v7e-m+fp/hard/libc_nano.a(libc_a-wsetup.o)
 .ARM.attributes
                0x00000543       0x34 /opt/st/stm32cubeide_1.17.0/plugins/com.st.stm32cube.ide.mcu.externaltools.gnu-tools-for-stm32.12.3.rel1.linux64_1.1.0.202410170702/tools/bin/../lib/gcc/arm-none-eabi/12.3.1/../../../../arm-none-eabi/lib/thumb/v7e-m+fp/hard/libc_nano.a(libc_a-memset.o)
 .ARM.attributes
                0x00000577       0x34 /opt/st/stm32cubeide_1.17.0/plugins/com.st.stm32cube.ide.mcu.externaltools.gnu-tools-for-stm32.12.3.rel1.linux64_1.1.0.202410170702/tools/bin/../lib/gcc/arm-none-eabi/12.3.1/../../../../arm-none-eabi/lib/thumb/v7e-m+fp/hard/libc_nano.a(libc_a-closer.o)
 .ARM.attributes
                0x000005ab       0x34 /opt/st/stm32cubeide_1.17.0/plugins/com.st.stm32cube.ide.mcu.externaltools.gnu-tools-for-stm32.12.3.rel1.linux64_1.1.0.202410170702/tools/bin/../lib/gcc/arm-none-eabi/12.3.1/../../../../arm-none-eabi/lib/thumb/v7e-m+fp/hard/libc_nano.a(libc_a-reent.o)
 .ARM.attributes
                0x000005df       0x34 /opt/st/stm32cubeide_1.17.0/plugins/com.st.stm32cube.ide.mcu.externaltools.gnu-tools-for-stm32.12.3.rel1.linux64_1.1.0.202410170702/tools/bin/../lib/gcc/arm-none-eabi/12.3.1/../../../../arm-none-eabi/lib/thumb/v7e-m+fp/hard/libc_nano.a(libc_a-impure.o)
 .ARM.attributes
                0x00000613       0x34 /opt/st/stm32cubeide_1.17.0/plugins/com.st.stm32cube.ide.mcu.externaltools.gnu-tools-for-stm32.12.3.rel1.linux64_1.1.0.202410170702/tools/bin/../lib/gcc/arm-none-eabi/12.3.1/../../../../arm-none-eabi/lib/thumb/v7e-m+fp/hard/libc_nano.a(libc_a-lseekr.o)
 .ARM.attributes
                0x00000647       0x34 /opt/st/stm32cubeide_1.17.0/plugins/com.st.stm32cube.ide.mcu.externaltools.gnu-tools-for-stm32.12.3.rel1.linux64_1.1.0.202410170702/tools/bin/../lib/gcc/arm-none-eabi/12.3.1/../../../../arm-none-eabi/lib/thumb/v7e-m+fp/hard/libc_nano.a(libc_a-readr.o)
 .ARM.attributes
                0x0000067b       0x34 /opt/st/stm32cubeide_1.17.0/plugins/com.st.stm32cube.ide.mcu.externaltools.gnu-tools-for-stm32.12.3.rel1.linux64_1.1.0.202410170702/tools/bin/../lib/gcc/arm-none-eabi/12.3.1/../../../../arm-none-eabi/lib/thumb/v7e-m+fp/hard/libc_nano.a(libc_a-sbrkr.o)
 .ARM.attributes
                0x000006af       0x34 /opt/st/stm32cubeide_1.17.0/plugins/com.st.stm32cube.ide.mcu.externaltools.gnu-tools-for-stm32.12.3.rel1.linux64_1.1.0.202410170702/tools/bin/../lib/gcc/arm-none-eabi/12.3.1/../../../../arm-none-eabi/lib/thumb/v7e-m+fp/hard/libc_nano.a(libc_a-writer.o)
 .ARM.attributes
                0x000006e3       0x34 /opt/st/stm32cubeide_1.17.0/plugins/com.st.stm32cube.ide.mcu.externaltools.gnu-tools-for-stm32.12.3.rel1.linux64_1.1.0.202410170702/tools/bin/../lib/gcc/arm-none-eabi/12.3.1/../../../../arm-none-eabi/lib/thumb/v7e-m+fp/hard/libc_nano.a(libc_a-errno.o)
 .ARM.attributes
                0x00000717       0x34 /opt/st/stm32cubeide_1.17.0/plugins/com.st.stm32cube.ide.mcu.externaltools.gnu-tools-for-stm32.12.3.rel1.linux64_1.1.0.202410170702/tools/bin/../lib/gcc/arm-none-eabi/12.3.1/../../../../arm-none-eabi/lib/thumb/v7e-m+fp/hard/libc_nano.a(libc_a-lock.o)
 .ARM.attributes
                0x0000074b       0x34 /opt/st/stm32cubeide_1.17.0/plugins/com.st.stm32cube.ide.mcu.externaltools.gnu-tools-for-stm32.12.3.rel1.linux64_1.1.0.202410170702/tools/bin/../lib/gcc/arm-none-eabi/12.3.1/../../../../arm-none-eabi/lib/thumb/v7e-m+fp/hard/libc_nano.a(libc_a-assert.o)
 .ARM.attributes
                0x0000077f       0x34 /opt/st/stm32cubeide_1.17.0/plugins/com.st.stm32cube.ide.mcu.externaltools.gnu-tools-for-stm32.12.3.rel1.linux64_1.1.0.202410170702/tools/bin/../lib/gcc/arm-none-eabi/12.3.1/../../../../arm-none-eabi/lib/thumb/v7e-m+fp/hard/libc_nano.a(libc_a-freer.o)
 .ARM.attributes
                0x000007b3       0x34 /opt/st/stm32cubeide_1.17.0/plugins/com.st.stm32cube.ide.mcu.externaltools.gnu-tools-for-stm32.12.3.rel1.linux64_1.1.0.202410170702/tools/bin/../lib/gcc/arm-none-eabi/12.3.1/../../../../arm-none-eabi/lib/thumb/v7e-m+fp/hard/libc_nano.a(libc_a-malloc.o)
 .ARM.attributes
                0x000007e7       0x34 /opt/st/stm32cubeide_1.17.0/plugins/com.st.stm32cube.ide.mcu.externaltools.gnu-tools-for-stm32.12.3.rel1.linux64_1.1.0.202410170702/tools/bin/../lib/gcc/arm-none-eabi/12.3.1/../../../../arm-none-eabi/lib/thumb/v7e-m+fp/hard/libc_nano.a(libc_a-fflush.o)
 .ARM.attributes
                0x0000081b       0x34 /opt/st/stm32cubeide_1.17.0/plugins/com.st.stm32cube.ide.mcu.externaltools.gnu-tools-for-stm32.12.3.rel1.linux64_1.1.0.202410170702/tools/bin/../lib/gcc/arm-none-eabi/12.3.1/../../../../arm-none-eabi/lib/thumb/v7e-m+fp/hard/libc_nano.a(libc_a-fprintf.o)
 .ARM.attributes
                0x0000084f       0x34 /opt/st/stm32cubeide_1.17.0/plugins/com.st.stm32cube.ide.mcu.externaltools.gnu-tools-for-stm32.12.3.rel1.linux64_1.1.0.202410170702/tools/bin/../lib/gcc/arm-none-eabi/12.3.1/../../../../arm-none-eabi/lib/thumb/v7e-m+fp/hard/libc_nano.a(libc_a-makebuf.o)
 .ARM.attributes
                0x00000883       0x34 /opt/st/stm32cubeide_1.17.0/plugins/com.st.stm32cube.ide.mcu.externaltools.gnu-tools-for-stm32.12.3.rel1.linux64_1.1.0.202410170702/tools/bin/../lib/gcc/arm-none-eabi/12.3.1/../../../../arm-none-eabi/lib/thumb/v7e-m+fp/hard/libc_nano.a(libc_a-fstatr.o)
 .ARM.attributes
                0x000008b7       0x34 /opt/st/stm32cubeide_1.17.0/plugins/com.st.stm32cube.ide.mcu.externaltools.gnu-tools-for-stm32.12.3.rel1.linux64_1.1.0.202410170702/tools/bin/../lib/gcc/arm-none-eabi/12.3.1/../../../../arm-none-eabi/lib/thumb/v7e-m+fp/hard/libc_nano.a(libc_a-isattyr.o)
 .ARM.attributes
                0x000008eb       0x34 /opt/st/stm32cubeide_1.17.0/plugins/com.st.stm32cube.ide.mcu.externaltools.gnu-tools-for-stm32.12.3.rel1.linux64_1.1.0.202410170702/tools/bin/../lib/gcc/arm-none-eabi/12.3.1/../../../../arm-none-eabi/lib/thumb/v7e-m+fp/hard/libc_nano.a(libc_a-abort.o)
 .ARM.attributes
                0x0000091f       0x34 /opt/st/stm32cubeide_1.17.0/plugins/com.st.stm32cube.ide.mcu.externaltools.gnu-tools-for-stm32.12.3.rel1.linux64_1.1.0.202410170702/tools/bin/../lib/gcc/arm-none-eabi/12.3.1/../../../../arm-none-eabi/lib/thumb/v7e-m+fp/hard/libc_nano.a(libc_a-nano-vfprintf.o)
 .ARM.attributes
                0x00000953       0x34 /opt/st/stm32cubeide_1.17.0/plugins/com.st.stm32cube.ide.mcu.externaltools.gnu-tools-for-stm32.12.3.rel1.linux64_1.1.0.202410170702/tools/bin/../lib/gcc/arm-none-eabi/12.3.1/../../../../arm-none-eabi/lib/thumb/v7e-m+fp/hard/libc_nano.a(libc_a-nano-vfprintf_i.o)
 .ARM.attributes
                0x00000987       0x34 /opt/st/stm32cubeide_1.17.0/plugins/com.st.stm32cube.ide.mcu.externaltools.gnu-tools-for-stm32.12.3.rel1.linux64_1.1.0.202410170702/tools/bin/../lib/gcc/arm-none-eabi/12.3.1/../../../../arm-none-eabi/lib/thumb/v7e-m+fp/hard/libc_nano.a(libc_a-signal.o)
 .ARM.attributes
                0x000009bb       0x34 /opt/st/stm32cubeide_1.17.0/plugins/com.st.stm32cube.ide.mcu.externaltools.gnu-tools-for-stm32.12.3.rel1.linux64_1.1.0.202410170702/tools/bin/../lib/gcc/arm-none-eabi/12.3.1/../../../../arm-none-eabi/lib/thumb/v7e-m+fp/hard/libc_nano.a(libc_a-signalr.o)
 .ARM.attributes
                0x000009ef       0x1c /opt/st/stm32cubeide_1.17.0/plugins/com.st.stm32cube.ide.mcu.externaltools.gnu-tools-for-stm32.12.3.rel1.linux64_1.1.0.202410170702/tools/bin/../lib/gcc/arm-none-eabi/12.3.1/../../../../arm-none-eabi/lib/thumb/v7e-m+fp/hard/libc_nano.a(libc_a-memchr.o)
 .ARM.attributes
                0x00000a0b       0x22 /opt/st/stm32cubeide_1.17.0/plugins/com.st.stm32cube.ide.mcu.externaltools.gnu-tools-for-stm32.12.3.rel1.linux64_1.1.0.202410170702/tools/bin/../lib/gcc/arm-none-eabi/12.3.1/thumb/v7e-m+fp/hard/libgcc.a(_aeabi_uldivmod.o)
 .ARM.attributes
                0x00000a2d       0x34 /opt/st/stm32cubeide_1.17.0/plugins/com.st.stm32cube.ide.mcu.externaltools.gnu-tools-for-stm32.12.3.rel1.linux64_1.1.0.202410170702/tools/bin/../lib/gcc/arm-none-eabi/12.3.1/thumb/v7e-m+fp/hard/libgcc.a(_udivmoddi4.o)
 .ARM.attributes
                0x00000a61       0x22 /opt/st/stm32cubeide_1.17.0/plugins/com.st.stm32cube.ide.mcu.externaltools.gnu-tools-for-stm32.12.3.rel1.linux64_1.1.0.202410170702/tools/bin/../lib/gcc/arm-none-eabi/12.3.1/thumb/v7e-m+fp/hard/libgcc.a(_dvmd_tls.o)
 .ARM.attributes
                0x00000a83       0x22 /opt/st/stm32cubeide_1.17.0/plugins/com.st.stm32cube.ide.mcu.externaltools.gnu-tools-for-stm32.12.3.rel1.linux64_1.1.0.202410170702/tools/bin/../lib/gcc/arm-none-eabi/12.3.1/thumb/v7e-m+fp/hard/crtn.o
OUTPUT(microfuzz.elf elf32-littlearm)
LOAD linker stubs
LOAD /opt/st/stm32cubeide_1.17.0/plugins/com.st.stm32cube.ide.mcu.externaltools.gnu-tools-for-stm32.12.3.rel1.linux64_1.1.0.202410170702/tools/bin/../lib/gcc/arm-none-eabi/12.3.1/../../../../arm-none-eabi/lib/thumb/v7e-m+fp/hard/libc.a
LOAD /opt/st/stm32cubeide_1.17.0/plugins/com.st.stm32cube.ide.mcu.externaltools.gnu-tools-for-stm32.12.3.rel1.linux64_1.1.0.202410170702/tools/bin/../lib/gcc/arm-none-eabi/12.3.1/../../../../arm-none-eabi/lib/thumb/v7e-m+fp/hard/libm.a
LOAD /opt/st/stm32cubeide_1.17.0/plugins/com.st.stm32cube.ide.mcu.externaltools.gnu-tools-for-stm32.12.3.rel1.linux64_1.1.0.202410170702/tools/bin/../lib/gcc/arm-none-eabi/12.3.1/thumb/v7e-m+fp/hard/libgcc.a

.debug_info     0x00000000     0x45e3
 .debug_info    0x00000000      0x116 ./Core/Src/branch.o
 .debug_info    0x00000116       0x24 ./Core/Src/coverage.o
 .debug_info    0x0000013a      0x9f4 ./Core/Src/main.o
 .debug_info    0x00000b2e      0x299 ./Core/Src/stm32f4xx_hal_msp.o
 .debug_info    0x00000dc7      0x112 ./Core/Src/stm32f4xx_it.o
 .debug_info    0x00000ed9      0x6a3 ./Core/Src/syscalls.o
 .debug_info    0x0000157c      0x168 ./Core/Src/sysmem.o
 .debug_info    0x000016e4      0x54a ./Core/Src/system_stm32f4xx.o
 .debug_info    0x00001c2e       0x30 ./Core/Startup/startup_stm32f446retx.o
 .debug_info    0x00001c5e      0x99a ./Drivers/STM32F4xx_HAL_Driver/Src/stm32f4xx_hal.o
 .debug_info    0x000025f8      0xdaa ./Drivers/STM32F4xx_HAL_Driver/Src/stm32f4xx_hal_cortex.o
 .debug_info    0x000033a2      0x8eb ./Drivers/STM32F4xx_HAL_Driver/Src/stm32f4xx_hal_rcc.o
 .debug_info    0x00003c8d      0x956 ./Drivers/STM32F4xx_HAL_Driver/Src/stm32f4xx_hal_rcc_ex.o

.debug_abbrev   0x00000000     0x12d2
 .debug_abbrev  0x00000000       0xa1 ./Core/Src/branch.o
 .debug_abbrev  0x000000a1       0x14 ./Core/Src/coverage.o
 .debug_abbrev  0x000000b5      0x330 ./Core/Src/main.o
 .debug_abbrev  0x000003e5       0xd8 ./Core/Src/stm32f4xx_hal_msp.o
 .debug_abbrev  0x000004bd       0x73 ./Core/Src/stm32f4xx_it.o
 .debug_abbrev  0x00000530      0x1b6 ./Core/Src/syscalls.o
 .debug_abbrev  0x000006e6       0xbc ./Core/Src/sysmem.o
 .debug_abbrev  0x000007a2      0x11a ./Core/Src/system_stm32f4xx.o
 .debug_abbrev  0x000008bc       0x24 ./Core/Startup/startup_stm32f446retx.o
 .debug_abbrev  0x000008e0      0x214 ./Drivers/STM32F4xx_HAL_Driver/Src/stm32f4xx_hal.o
 .debug_abbrev  0x00000af4      0x31d ./Drivers/STM32F4xx_HAL_Driver/Src/stm32f4xx_hal_cortex.o
 .debug_abbrev  0x00000e11      0x2b7 ./Drivers/STM32F4xx_HAL_Driver/Src/stm32f4xx_hal_rcc.o
 .debug_abbrev  0x000010c8      0x20a ./Drivers/STM32F4xx_HAL_Driver/Src/stm32f4xx_hal_rcc_ex.o

.debug_aranges  0x00000000      0x568
 .debug_aranges
                0x00000000       0x20 ./Core/Src/branch.o
 .debug_aranges
                0x00000020       0x20 ./Core/Src/coverage.o
 .debug_aranges
                0x00000040       0x70 ./Core/Src/main.o
 .debug_aranges
                0x000000b0       0x20 ./Core/Src/stm32f4xx_hal_msp.o
 .debug_aranges
                0x000000d0       0x60 ./Core/Src/stm32f4xx_it.o
 .debug_aranges
                0x00000130       0xa8 ./Core/Src/syscalls.o
 .debug_aranges
                0x000001d8       0x20 ./Core/Src/sysmem.o
 .debug_aranges
                0x000001f8       0x28 ./Core/Src/system_stm32f4xx.o
 .debug_aranges
                0x00000220       0x28 ./Core/Startup/startup_stm32f446retx.o
 .debug_aranges
                0x00000248       0xf0 ./Drivers/STM32F4xx_HAL_Driver/Src/stm32f4xx_hal.o
 .debug_aranges
                0x00000338      0x130 ./Drivers/STM32F4xx_HAL_Driver/Src/stm32f4xx_hal_cortex.o
 .debug_aranges
                0x00000468       0x88 ./Drivers/STM32F4xx_HAL_Driver/Src/stm32f4xx_hal_rcc.o
 .debug_aranges
                0x000004f0       0x78 ./Drivers/STM32F4xx_HAL_Driver/Src/stm32f4xx_hal_rcc_ex.o

.debug_rnglists
                0x00000000      0x3e0
 .debug_rnglists
                0x00000000       0x14 ./Core/Src/branch.o
 .debug_rnglists
                0x00000014       0x64 ./Core/Src/main.o
 .debug_rnglists
                0x00000078       0x13 ./Core/Src/stm32f4xx_hal_msp.o
 .debug_rnglists
                0x0000008b       0x43 ./Core/Src/stm32f4xx_it.o
 .debug_rnglists
                0x000000ce       0x79 ./Core/Src/syscalls.o
 .debug_rnglists
                0x00000147       0x13 ./Core/Src/sysmem.o
 .debug_rnglists
                0x0000015a       0x1a ./Core/Src/system_stm32f4xx.o
 .debug_rnglists
                0x00000174       0x19 ./Core/Startup/startup_stm32f446retx.o
 .debug_rnglists
                0x0000018d       0xaf ./Drivers/STM32F4xx_HAL_Driver/Src/stm32f4xx_hal.o
 .debug_rnglists
                0x0000023c       0xe0 ./Drivers/STM32F4xx_HAL_Driver/Src/stm32f4xx_hal_cortex.o
 .debug_rnglists
                0x0000031c       0x66 ./Drivers/STM32F4xx_HAL_Driver/Src/stm32f4xx_hal_rcc.o
 .debug_rnglists
                0x00000382       0x5e ./Drivers/STM32F4xx_HAL_Driver/Src/stm32f4xx_hal_rcc_ex.o

.debug_macro    0x00000000    0x216c7
 .debug_macro   0x00000000      0x16a ./Core/Src/branch.o
 .debug_macro   0x0000016a      0xab4 ./Core/Src/branch.o
 .debug_macro   0x00000c1e       0x22 ./Core/Src/branch.o
 .debug_macro   0x00000c40       0x5b ./Core/Src/branch.o
 .debug_macro   0x00000c9b       0x2a ./Core/Src/branch.o
 .debug_macro   0x00000cc5       0x94 ./Core/Src/branch.o
 .debug_macro   0x00000d59       0x43 ./Core/Src/branch.o
 .debug_macro   0x00000d9c       0x34 ./Core/Src/branch.o
 .debug_macro   0x00000dd0       0x16 ./Core/Src/branch.o
 .debug_macro   0x00000de6       0x57 ./Core/Src/branch.o
 .debug_macro   0x00000e3d       0x9e ./Core/Src/branch.o
 .debug_macro   0x00000edb      0x369 ./Core/Src/branch.o
 .debug_macro   0x00001244      0x10b ./Core/Src/branch.o
 .debug_macro   0x0000134f       0x10 ./Core/Src/branch.o
 .debug_macro   0x0000135f       0x16 ./Core/Src/branch.o
 .debug_macro   0x00001375       0x43 ./Core/Src/branch.o
 .debug_macro   0x000013b8       0x34 ./Core/Src/branch.o
 .debug_macro   0x000013ec       0x10 ./Core/Src/branch.o
 .debug_macro   0x000013fc       0x58 ./Core/Src/branch.o
 .debug_macro   0x00001454       0x8e ./Core/Src/branch.o
 .debug_macro   0x000014e2       0x1c ./Core/Src/branch.o
 .debug_macro   0x000014fe      0x177 ./Core/Src/branch.o
 .debug_macro   0x00001675       0x16 ./Core/Src/branch.o
 .debug_macro   0x0000168b       0x16 ./Core/Src/branch.o
 .debug_macro   0x000016a1      0x146 ./Core/Src/branch.o
 .debug_macro   0x000017e7      0x103 ./Core/Src/branch.o
 .debug_macro   0x000018ea       0x6a ./Core/Src/branch.o
 .debug_macro   0x00001954      0x1df ./Core/Src/branch.o
 .debug_macro   0x00001b33       0x16 ./Core/Src/branch.o
 .debug_macro   0x00001b49       0x35 ./Core/Src/branch.o
 .debug_macro   0x00001b7e       0x20 ./Core/Src/branch.o
 .debug_macro   0x00001b9e      0x347 ./Core/Src/main.o
 .debug_macro   0x00001ee5       0x16 ./Core/Src/main.o
 .debug_macro   0x00001efb       0x16 ./Core/Src/main.o
 .debug_macro   0x00001f11       0x29 ./Core/Src/main.o
 .debug_macro   0x00001f3a       0x22 ./Core/Src/main.o
 .debug_macro   0x00001f5c       0x10 ./Core/Src/main.o
 .debug_macro   0x00001f6c      0x28f ./Core/Src/main.o
 .debug_macro   0x000021fb       0x2e ./Core/Src/main.o
 .debug_macro   0x00002229       0x28 ./Core/Src/main.o
 .debug_macro   0x00002251       0x1c ./Core/Src/main.o
 .debug_macro   0x0000226d       0x22 ./Core/Src/main.o
 .debug_macro   0x0000228f       0xfb ./Core/Src/main.o
 .debug_macro   0x0000238a     0x1011 ./Core/Src/main.o
 .debug_macro   0x0000339b      0x11f ./Core/Src/main.o
 .debug_macro   0x000034ba    0x16749 ./Core/Src/main.o
 .debug_macro   0x00019c03       0x6d ./Core/Src/main.o
 .debug_macro   0x00019c70     0x369a ./Core/Src/main.o
 .debug_macro   0x0001d30a       0x56 ./Core/Src/main.o
 .debug_macro   0x0001d360      0xca5 ./Core/Src/main.o
 .debug_macro   0x0001e005      0x9e9 ./Core/Src/main.o
 .debug_macro   0x0001e9ee      0x115 ./Core/Src/main.o
 .debug_macro   0x0001eb03      0x1a0 ./Core/Src/main.o
 .debug_macro   0x0001eca3       0xa5 ./Core/Src/main.o
 .debug_macro   0x0001ed48      0x16d ./Core/Src/main.o
 .debug_macro   0x0001eeb5      0x287 ./Core/Src/main.o
 .debug_macro   0x0001f13c       0x5f ./Core/Src/main.o
 .debug_macro   0x0001f19b      0x236 ./Core/Src/main.o
 .debug_macro   0x0001f3d1      0x132 ./Core/Src/main.o
 .debug_macro   0x0001f503      0x29c ./Core/Src/main.o
 .debug_macro   0x0001f79f       0x2e ./Core/Src/main.o
 .debug_macro   0x0001f7cd      0x127 ./Core/Src/main.o
 .debug_macro   0x0001f8f4       0xe8 ./Core/Src/main.o
 .debug_macro   0x0001f9dc       0x89 ./Core/Src/main.o
 .debug_macro   0x0001fa65      0x126 ./Core/Src/main.o
 .debug_macro   0x0001fb8b      0x1ba ./Core/Src/stm32f4xx_hal_msp.o
 .debug_macro   0x0001fd45       0x5c ./Core/Src/stm32f4xx_hal_msp.o
 .debug_macro   0x0001fda1      0x1c4 ./Core/Src/stm32f4xx_it.o
 .debug_macro   0x0001ff65      0x274 ./Core/Src/syscalls.o
 .debug_macro   0x000201d9       0x10 ./Core/Src/syscalls.o
 .debug_macro   0x000201e9       0x10 ./Core/Src/syscalls.o
 .debug_macro   0x000201f9       0x10 ./Core/Src/syscalls.o
 .debug_macro   0x00020209       0x10 ./Core/Src/syscalls.o
 .debug_macro   0x00020219       0x1c ./Core/Src/syscalls.o
 .debug_macro   0x00020235       0x52 ./Core/Src/syscalls.o
 .debug_macro   0x00020287       0x22 ./Core/Src/syscalls.o
 .debug_macro   0x000202a9       0x10 ./Core/Src/syscalls.o
 .debug_macro   0x000202b9       0x52 ./Core/Src/syscalls.o
 .debug_macro   0x0002030b       0xcf ./Core/Src/syscalls.o
 .debug_macro   0x000203da       0x1c ./Core/Src/syscalls.o
 .debug_macro   0x000203f6       0x3d ./Core/Src/syscalls.o
 .debug_macro   0x00020433       0x35 ./Core/Src/syscalls.o
 .debug_macro   0x00020468      0x12c ./Core/Src/syscalls.o
 .debug_macro   0x00020594       0x10 ./Core/Src/syscalls.o
 .debug_macro   0x000205a4      0x242 ./Core/Src/syscalls.o
 .debug_macro   0x000207e6       0x1c ./Core/Src/syscalls.o
 .debug_macro   0x00020802       0x10 ./Core/Src/syscalls.o
 .debug_macro   0x00020812      0x18a ./Core/Src/syscalls.o
 .debug_macro   0x0002099c       0x16 ./Core/Src/syscalls.o
 .debug_macro   0x000209b2       0xce ./Core/Src/syscalls.o
 .debug_macro   0x00020a80       0xff ./Core/Src/sysmem.o
 .debug_macro   0x00020b7f      0x23c ./Core/Src/sysmem.o
 .debug_macro   0x00020dbb      0x1c8 ./Core/Src/system_stm32f4xx.o
 .debug_macro   0x00020f83      0x210 ./Drivers/STM32F4xx_HAL_Driver/Src/stm32f4xx_hal.o
 .debug_macro   0x00021193      0x1b0 ./Drivers/STM32F4xx_HAL_Driver/Src/stm32f4xx_hal_cortex.o
 .debug_macro   0x00021343      0x1d4 ./Drivers/STM32F4xx_HAL_Driver/Src/stm32f4xx_hal_rcc.o
 .debug_macro   0x00021517      0x1b0 ./Drivers/STM32F4xx_HAL_Driver/Src/stm32f4xx_hal_rcc_ex.o

.debug_line     0x00000000     0x6bc4
 .debug_line    0x00000000      0x517 ./Core/Src/branch.o
 .debug_line    0x00000517       0x75 ./Core/Src/coverage.o
 .debug_line    0x0000058c     0x1029 ./Core/Src/main.o
 .debug_line    0x000015b5      0x642 ./Core/Src/stm32f4xx_hal_msp.o
 .debug_line    0x00001bf7      0x70b ./Core/Src/stm32f4xx_it.o
 .debug_line    0x00002302      0x7b0 ./Core/Src/syscalls.o
 .debug_line    0x00002ab2      0x481 ./Core/Src/sysmem.o
 .debug_line    0x00002f33      0x6cd ./Core/Src/system_stm32f4xx.o
 .debug_line    0x00003600       0x79 ./Core/Startup/startup_stm32f446retx.o
 .debug_line    0x00003679      0x930 ./Drivers/STM32F4xx_HAL_Driver/Src/stm32f4xx_hal.o
 .debug_line    0x00003fa9      0xc22 ./Drivers/STM32F4xx_HAL_Driver/Src/stm32f4xx_hal_cortex.o
 .debug_line    0x00004bcb      0xcc5 ./Drivers/STM32F4xx_HAL_Driver/Src/stm32f4xx_hal_rcc.o
 .debug_line    0x00005890     0x1334 ./Drivers/STM32F4xx_HAL_Driver/Src/stm32f4xx_hal_rcc_ex.o

.debug_str      0x00000000    0xc7a38
 .debug_str     0x00000000     0x7640 ./Core/Src/branch.o
                               0x784e (size before relaxing)
 .debug_str     0x00007640       0x25 ./Core/Src/coverage.o
                                 0x62 (size before relaxing)
 .debug_str     0x00007665    0xbcca6 ./Core/Src/main.o
                              0xc459c (size before relaxing)
 .debug_str     0x000c430b       0x2c ./Core/Src/stm32f4xx_hal_msp.o
                              0xc07a6 (size before relaxing)
 .debug_str     0x000c4337       0xb7 ./Core/Src/stm32f4xx_it.o
                              0xc0707 (size before relaxing)
 .debug_str     0x000c43ee     0x1fd8 ./Core/Src/syscalls.o
                               0x98b6 (size before relaxing)
 .debug_str     0x000c63c6       0x6b ./Core/Src/sysmem.o
                               0x60ce (size before relaxing)
 .debug_str     0x000c6431      0x13d ./Core/Src/system_stm32f4xx.o
                              0xc08b8 (size before relaxing)
 .debug_str     0x000c656e       0x36 ./Core/Startup/startup_stm32f446retx.o
                                 0x81 (size before relaxing)
 .debug_str     0x000c65a4      0xb33 ./Drivers/STM32F4xx_HAL_Driver/Src/stm32f4xx_hal.o
                              0xc141b (size before relaxing)
 .debug_str     0x000c70d7      0x394 ./Drivers/STM32F4xx_HAL_Driver/Src/stm32f4xx_hal_cortex.o
                              0xc1172 (size before relaxing)
 .debug_str     0x000c746b      0x2a9 ./Drivers/STM32F4xx_HAL_Driver/Src/stm32f4xx_hal_rcc.o
                              0xc0c8f (size before relaxing)
 .debug_str     0x000c7714      0x324 ./Drivers/STM32F4xx_HAL_Driver/Src/stm32f4xx_hal_rcc_ex.o
                              0xc0cc2 (size before relaxing)

.comment        0x00000000       0x43
 .comment       0x00000000       0x43 ./Core/Src/branch.o
                                 0x44 (size before relaxing)
 .comment       0x00000043       0x44 ./Core/Src/main.o
 .comment       0x00000043       0x44 ./Core/Src/stm32f4xx_hal_msp.o
 .comment       0x00000043       0x44 ./Core/Src/stm32f4xx_it.o
 .comment       0x00000043       0x44 ./Core/Src/syscalls.o
 .comment       0x00000043       0x44 ./Core/Src/sysmem.o
 .comment       0x00000043       0x44 ./Core/Src/system_stm32f4xx.o
 .comment       0x00000043       0x44 ./Drivers/STM32F4xx_HAL_Driver/Src/stm32f4xx_hal.o
 .comment       0x00000043       0x44 ./Drivers/STM32F4xx_HAL_Driver/Src/stm32f4xx_hal_cortex.o
 .comment       0x00000043       0x44 ./Drivers/STM32F4xx_HAL_Driver/Src/stm32f4xx_hal_rcc.o
 .comment       0x00000043       0x44 ./Drivers/STM32F4xx_HAL_Driver/Src/stm32f4xx_hal_rcc_ex.o

.debug_frame    0x00000000     0x1d14
 .debug_frame   0x00000000       0x34 ./Core/Src/branch.o
 .debug_frame   0x00000034      0x180 ./Core/Src/main.o
 .debug_frame   0x000001b4       0x38 ./Core/Src/stm32f4xx_hal_msp.o
 .debug_frame   0x000001ec      0x104 ./Core/Src/stm32f4xx_it.o
 .debug_frame   0x000002f0      0x2ac ./Core/Src/syscalls.o
 .debug_frame   0x0000059c       0x34 ./Core/Src/sysmem.o
 .debug_frame   0x000005d0       0x58 ./Core/Src/system_stm32f4xx.o
 .debug_frame   0x00000628      0x374 ./Drivers/STM32F4xx_HAL_Driver/Src/stm32f4xx_hal.o
 .debug_frame   0x0000099c      0x508 ./Drivers/STM32F4xx_HAL_Driver/Src/stm32f4xx_hal_cortex.o
 .debug_frame   0x00000ea4      0x1f4 ./Drivers/STM32F4xx_HAL_Driver/Src/stm32f4xx_hal_rcc.o
 .debug_frame   0x00001098      0x1e8 ./Drivers/STM32F4xx_HAL_Driver/Src/stm32f4xx_hal_rcc_ex.o
 .debug_frame   0x00001280       0x20 /opt/st/stm32cubeide_1.17.0/plugins/com.st.stm32cube.ide.mcu.externaltools.gnu-tools-for-stm32.12.3.rel1.linux64_1.1.0.202410170702/tools/bin/../lib/gcc/arm-none-eabi/12.3.1/../../../../arm-none-eabi/lib/thumb/v7e-m+fp/hard/libc_nano.a(libc_a-calloc.o)
 .debug_frame   0x000012a0       0x2c /opt/st/stm32cubeide_1.17.0/plugins/com.st.stm32cube.ide.mcu.externaltools.gnu-tools-for-stm32.12.3.rel1.linux64_1.1.0.202410170702/tools/bin/../lib/gcc/arm-none-eabi/12.3.1/../../../../arm-none-eabi/lib/thumb/v7e-m+fp/hard/libc_nano.a(libc_a-callocr.o)
 .debug_frame   0x000012cc       0x28 /opt/st/stm32cubeide_1.17.0/plugins/com.st.stm32cube.ide.mcu.externaltools.gnu-tools-for-stm32.12.3.rel1.linux64_1.1.0.202410170702/tools/bin/../lib/gcc/arm-none-eabi/12.3.1/../../../../arm-none-eabi/lib/thumb/v7e-m+fp/hard/libc_nano.a(libc_a-exit.o)
 .debug_frame   0x000012f4       0x50 /opt/st/stm32cubeide_1.17.0/plugins/com.st.stm32cube.ide.mcu.externaltools.gnu-tools-for-stm32.12.3.rel1.linux64_1.1.0.202410170702/tools/bin/../lib/gcc/arm-none-eabi/12.3.1/../../../../arm-none-eabi/lib/thumb/v7e-m+fp/hard/libc_nano.a(libc_a-mallocr.o)
 .debug_frame   0x00001344       0x30 /opt/st/stm32cubeide_1.17.0/plugins/com.st.stm32cube.ide.mcu.externaltools.gnu-tools-for-stm32.12.3.rel1.linux64_1.1.0.202410170702/tools/bin/../lib/gcc/arm-none-eabi/12.3.1/../../../../arm-none-eabi/lib/thumb/v7e-m+fp/hard/libc_nano.a(libc_a-mlock.o)
 .debug_frame   0x00001374       0x44 /opt/st/stm32cubeide_1.17.0/plugins/com.st.stm32cube.ide.mcu.externaltools.gnu-tools-for-stm32.12.3.rel1.linux64_1.1.0.202410170702/tools/bin/../lib/gcc/arm-none-eabi/12.3.1/../../../../arm-none-eabi/lib/thumb/v7e-m+fp/hard/libc_nano.a(libc_a-rand.o)
 .debug_frame   0x000013b8      0x144 /opt/st/stm32cubeide_1.17.0/plugins/com.st.stm32cube.ide.mcu.externaltools.gnu-tools-for-stm32.12.3.rel1.linux64_1.1.0.202410170702/tools/bin/../lib/gcc/arm-none-eabi/12.3.1/../../../../arm-none-eabi/lib/thumb/v7e-m+fp/hard/libc_nano.a(libc_a-findfp.o)
 .debug_frame   0x000014fc       0x34 /opt/st/stm32cubeide_1.17.0/plugins/com.st.stm32cube.ide.mcu.externaltools.gnu-tools-for-stm32.12.3.rel1.linux64_1.1.0.202410170702/tools/bin/../lib/gcc/arm-none-eabi/12.3.1/../../../../arm-none-eabi/lib/thumb/v7e-m+fp/hard/libc_nano.a(libc_a-fwalk.o)
 .debug_frame   0x00001530       0x3c /opt/st/stm32cubeide_1.17.0/plugins/com.st.stm32cube.ide.mcu.externaltools.gnu-tools-for-stm32.12.3.rel1.linux64_1.1.0.202410170702/tools/bin/../lib/gcc/arm-none-eabi/12.3.1/../../../../arm-none-eabi/lib/thumb/v7e-m+fp/hard/libc_nano.a(libc_a-puts.o)
 .debug_frame   0x0000156c       0x88 /opt/st/stm32cubeide_1.17.0/plugins/com.st.stm32cube.ide.mcu.externaltools.gnu-tools-for-stm32.12.3.rel1.linux64_1.1.0.202410170702/tools/bin/../lib/gcc/arm-none-eabi/12.3.1/../../../../arm-none-eabi/lib/thumb/v7e-m+fp/hard/libc_nano.a(libc_a-stdio.o)
 .debug_frame   0x000015f4       0x40 /opt/st/stm32cubeide_1.17.0/plugins/com.st.stm32cube.ide.mcu.externaltools.gnu-tools-for-stm32.12.3.rel1.linux64_1.1.0.202410170702/tools/bin/../lib/gcc/arm-none-eabi/12.3.1/../../../../arm-none-eabi/lib/thumb/v7e-m+fp/hard/libc_nano.a(libc_a-wbuf.o)
 .debug_frame   0x00001634       0x2c /opt/st/stm32cubeide_1.17.0/plugins/com.st.stm32cube.ide.mcu.externaltools.gnu-tools-for-stm32.12.3.rel1.linux64_1.1.0.202410170702/tools/bin/../lib/gcc/arm-none-eabi/12.3.1/../../../../arm-none-eabi/lib/thumb/v7e-m+fp/hard/libc_nano.a(libc_a-wsetup.o)
 .debug_frame   0x00001660       0x20 /opt/st/stm32cubeide_1.17.0/plugins/com.st.stm32cube.ide.mcu.externaltools.gnu-tools-for-stm32.12.3.rel1.linux64_1.1.0.202410170702/tools/bin/../lib/gcc/arm-none-eabi/12.3.1/../../../../arm-none-eabi/lib/thumb/v7e-m+fp/hard/libc_nano.a(libc_a-memset.o)
 .debug_frame   0x00001680       0x2c /opt/st/stm32cubeide_1.17.0/plugins/com.st.stm32cube.ide.mcu.externaltools.gnu-tools-for-stm32.12.3.rel1.linux64_1.1.0.202410170702/tools/bin/../lib/gcc/arm-none-eabi/12.3.1/../../../../arm-none-eabi/lib/thumb/v7e-m+fp/hard/libc_nano.a(libc_a-closer.o)
 .debug_frame   0x000016ac       0x38 /opt/st/stm32cubeide_1.17.0/plugins/com.st.stm32cube.ide.mcu.externaltools.gnu-tools-for-stm32.12.3.rel1.linux64_1.1.0.202410170702/tools/bin/../lib/gcc/arm-none-eabi/12.3.1/../../../../arm-none-eabi/lib/thumb/v7e-m+fp/hard/libc_nano.a(libc_a-reent.o)
 .debug_frame   0x000016e4       0x2c /opt/st/stm32cubeide_1.17.0/plugins/com.st.stm32cube.ide.mcu.externaltools.gnu-tools-for-stm32.12.3.rel1.linux64_1.1.0.202410170702/tools/bin/../lib/gcc/arm-none-eabi/12.3.1/../../../../arm-none-eabi/lib/thumb/v7e-m+fp/hard/libc_nano.a(libc_a-lseekr.o)
 .debug_frame   0x00001710       0x2c /opt/st/stm32cubeide_1.17.0/plugins/com.st.stm32cube.ide.mcu.externaltools.gnu-tools-for-stm32.12.3.rel1.linux64_1.1.0.202410170702/tools/bin/../lib/gcc/arm-none-eabi/12.3.1/../../../../arm-none-eabi/lib/thumb/v7e-m+fp/hard/libc_nano.a(libc_a-readr.o)
 .debug_frame   0x0000173c       0x2c /opt/st/stm32cubeide_1.17.0/plugins/com.st.stm32cube.ide.mcu.externaltools.gnu-tools-for-stm32.12.3.rel1.linux64_1.1.0.202410170702/tools/bin/../lib/gcc/arm-none-eabi/12.3.1/../../../../arm-none-eabi/lib/thumb/v7e-m+fp/hard/libc_nano.a(libc_a-sbrkr.o)
 .debug_frame   0x00001768       0x2c /opt/st/stm32cubeide_1.17.0/plugins/com.st.stm32cube.ide.mcu.externaltools.gnu-tools-for-stm32.12.3.rel1.linux64_1.1.0.202410170702/tools/bin/../lib/gcc/arm-none-eabi/12.3.1/../../../../arm-none-eabi/lib/thumb/v7e-m+fp/hard/libc_nano.a(libc_a-writer.o)
 .debug_frame   0x00001794       0x20 /opt/st/stm32cubeide_1.17.0/plugins/com.st.stm32cube.ide.mcu.externaltools.gnu-tools-for-stm32.12.3.rel1.linux64_1.1.0.202410170702/tools/bin/../lib/gcc/arm-none-eabi/12.3.1/../../../../arm-none-eabi/lib/thumb/v7e-m+fp/hard/libc_nano.a(libc_a-errno.o)
 .debug_frame   0x000017b4       0xb0 /opt/st/stm32cubeide_1.17.0/plugins/com.st.stm32cube.ide.mcu.externaltools.gnu-tools-for-stm32.12.3.rel1.linux64_1.1.0.202410170702/tools/bin/../lib/gcc/arm-none-eabi/12.3.1/../../../../arm-none-eabi/lib/thumb/v7e-m+fp/hard/libc_nano.a(libc_a-lock.o)
 .debug_frame   0x00001864       0x40 /opt/st/stm32cubeide_1.17.0/plugins/com.st.stm32cube.ide.mcu.externaltools.gnu-tools-for-stm32.12.3.rel1.linux64_1.1.0.202410170702/tools/bin/../lib/gcc/arm-none-eabi/12.3.1/../../../../arm-none-eabi/lib/thumb/v7e-m+fp/hard/libc_nano.a(libc_a-assert.o)
 .debug_frame   0x000018a4       0x38 /opt/st/stm32cubeide_1.17.0/plugins/com.st.stm32cube.ide.mcu.externaltools.gnu-tools-for-stm32.12.3.rel1.linux64_1.1.0.202410170702/tools/bin/../lib/gcc/arm-none-eabi/12.3.1/../../../../arm-none-eabi/lib/thumb/v7e-m+fp/hard/libc_nano.a(libc_a-freer.o)
 .debug_frame   0x000018dc       0x30 /opt/st/stm32cubeide_1.17.0/plugins/com.st.stm32cube.ide.mcu.externaltools.gnu-tools-for-stm32.12.3.rel1.linux64_1.1.0.202410170702/tools/bin/../lib/gcc/arm-none-eabi/12.3.1/../../../../arm-none-eabi/lib/thumb/v7e-m+fp/hard/libc_nano.a(libc_a-malloc.o)
 .debug_frame   0x0000190c       0x5c /opt/st/stm32cubeide_1.17.0/plugins/com.st.stm32cube.ide.mcu.externaltools.gnu-tools-for-stm32.12.3.rel1.linux64_1.1.0.202410170702/tools/bin/../lib/gcc/arm-none-eabi/12.3.1/../../../../arm-none-eabi/lib/thumb/v7e-m+fp/hard/libc_nano.a(libc_a-fflush.o)
 .debug_frame   0x00001968       0x64 /opt/st/stm32cubeide_1.17.0/plugins/com.st.stm32cube.ide.mcu.externaltools.gnu-tools-for-stm32.12.3.rel1.linux64_1.1.0.202410170702/tools/bin/../lib/gcc/arm-none-eabi/12.3.1/../../../../arm-none-eabi/lib/thumb/v7e-m+fp/hard/libc_nano.a(libc_a-fprintf.o)
 .debug_frame   0x000019cc       0x58 /opt/st/stm32cubeide_1.17.0/plugins/com.st.stm32cube.ide.mcu.externaltools.gnu-tools-for-stm32.12.3.rel1.linux64_1.1.0.202410170702/tools/bin/../lib/gcc/arm-none-eabi/12.3.1/../../../../arm-none-eabi/lib/thumb/v7e-m+fp/hard/libc_nano.a(libc_a-makebuf.o)
 .debug_frame   0x00001a24       0x2c /opt/st/stm32cubeide_1.17.0/plugins/com.st.stm32cube.ide.mcu.externaltools.gnu-tools-for-stm32.12.3.rel1.linux64_1.1.0.202410170702/tools/bin/../lib/gcc/arm-none-eabi/12.3.1/../../../../arm-none-eabi/lib/thumb/v7e-m+fp/hard/libc_nano.a(libc_a-fstatr.o)
 .debug_frame   0x00001a50       0x2c /opt/st/stm32cubeide_1.17.0/plugins/com.st.stm32cube.ide.mcu.externaltools.gnu-tools-for-stm32.12.3.rel1.linux64_1.1.0.202410170702/tools/bin/../lib/gcc/arm-none-eabi/12.3.1/../../../../arm-none-eabi/lib/thumb/v7e-m+fp/hard/libc_nano.a(libc_a-isattyr.o)
 .debug_frame   0x00001a7c       0x28 /opt/st/stm32cubeide_1.17.0/plugins/com.st.stm32cube.ide.mcu.externaltools.gnu-tools-for-stm32.12.3.rel1.linux64_1.1.0.202410170702/tools/bin/../lib/gcc/arm-none-eabi/12.3.1/../../../../arm-none-eabi/lib/thumb/v7e-m+fp/hard/libc_nano.a(libc_a-abort.o)
 .debug_frame   0x00001aa4       0xa8 /opt/st/stm32cubeide_1.17.0/plugins/com.st.stm32cube.ide.mcu.externaltools.gnu-tools-for-stm32.12.3.rel1.linux64_1.1.0.202410170702/tools/bin/../lib/gcc/arm-none-eabi/12.3.1/../../../../arm-none-eabi/lib/thumb/v7e-m+fp/hard/libc_nano.a(libc_a-nano-vfprintf.o)
 .debug_frame   0x00001b4c       0x60 /opt/st/stm32cubeide_1.17.0/plugins/com.st.stm32cube.ide.mcu.externaltools.gnu-tools-for-stm32.12.3.rel1.linux64_1.1.0.202410170702/tools/bin/../lib/gcc/arm-none-eabi/12.3.1/../../../../arm-none-eabi/lib/thumb/v7e-m+fp/hard/libc_nano.a(libc_a-nano-vfprintf_i.o)
 .debug_frame   0x00001bac       0xcc /opt/st/stm32cubeide_1.17.0/plugins/com.st.stm32cube.ide.mcu.externaltools.gnu-tools-for-stm32.12.3.rel1.linux64_1.1.0.202410170702/tools/bin/../lib/gcc/arm-none-eabi/12.3.1/../../../../arm-none-eabi/lib/thumb/v7e-m+fp/hard/libc_nano.a(libc_a-signal.o)
 .debug_frame   0x00001c78       0x3c /opt/st/stm32cubeide_1.17.0/plugins/com.st.stm32cube.ide.mcu.externaltools.gnu-tools-for-stm32.12.3.rel1.linux64_1.1.0.202410170702/tools/bin/../lib/gcc/arm-none-eabi/12.3.1/../../../../arm-none-eabi/lib/thumb/v7e-m+fp/hard/libc_nano.a(libc_a-signalr.o)
 .debug_frame   0x00001cb4       0x2c /opt/st/stm32cubeide_1.17.0/plugins/com.st.stm32cube.ide.mcu.externaltools.gnu-tools-for-stm32.12.3.rel1.linux64_1.1.0.202410170702/tools/bin/../lib/gcc/arm-none-eabi/12.3.1/thumb/v7e-m+fp/hard/libgcc.a(_aeabi_uldivmod.o)
 .debug_frame   0x00001ce0       0x34 /opt/st/stm32cubeide_1.17.0/plugins/com.st.stm32cube.ide.mcu.externaltools.gnu-tools-for-stm32.12.3.rel1.linux64_1.1.0.202410170702/tools/bin/../lib/gcc/arm-none-eabi/12.3.1/thumb/v7e-m+fp/hard/libgcc.a(_udivmoddi4.o)

.debug_line_str
                0x00000000       0x7c
 .debug_line_str
                0x00000000       0x54 ./Core/Src/coverage.o
 .debug_line_str
                0x00000054       0x28 ./Core/Startup/startup_stm32f446retx.o
                                 0x65 (size before relaxing)