     VMA      LMA     Size Align Out     In      Symbol
       0        0        0     1 _Min_Heap_Size = 0x2048
       0        0        0     1 _Min_Stack_Size = 0x4096
       0        0        0     1 _estack = ORIGIN ( RAM ) + LENGTH ( RAM )
20000000 20000000       bc     1 .isr_vector
20000000 20000000        0     1         . = ALIGN ( 4 )
20000000 20000000       bc     1         /tmp/startup_stm32g0b1xx-e3515a.o:(.isr_vector)
20000000 20000000       bc     1                 g_pfnVectors
200000bc 200000bc        0     1         . = ALIGN ( 4 )
200000bc 200000bc        4     4 .fuzzdata
200000bc 200000bc        0     1         . = ALIGN ( 4 )
200000bc 200000bc        0     1         _fuzzdatastart = .
200000bc 200000bc        4     4         /tmp/fuzz-b60797.o:(.fuzzdata)
200000bc 200000bc        4     1                 cleanup_function
200000c0 200000c0        0     1         _fuzzdataend = .
200000c0 200000c0        0     1         . = ALIGN ( 4 )
200000c0 200000c0        0     1 .targetdata
200000c0 200000c0        0     1         . = ALIGN ( 4 )
200000c0 200000c0        0     1         _targetdatastart = .
200000c0 200000c0        0     1         . = ALIGN ( 4 )
200000c0 200000c0        0     1         _targetdataend = .
200000c0 200000c0        0     1 _sidata = LOADADDR ( .data )
200000c0 200000c0      588     8 .data
200000c0 200000c0        0     1         . = ALIGN ( 4 )
200000c0 200000c0        0     1         _sdata = .
200000c0 200000c0        4     4         /tmp/system_stm32g0xx-99d4fd.o:(.data)
200000c0 200000c0        4     1                 SystemCoreClock
200000c4 200000c4        0     1         /home/santiago/Research/microfuzz/toolchains/arm/gcc/arm-none-eabi/lib/thumb/v6-m/nofp/libc.a(libc_a-aeabi_memclr.o):(.data)
200000c4 200000c4        0     1         /home/santiago/Research/microfuzz/toolchains/arm/gcc/arm-none-eabi/lib/thumb/v6-m/nofp/libc.a(libc_a-aeabi_memset.o):(.data)
200000c4 200000c4        0     1         /home/santiago/Research/microfuzz/toolchains/arm/gcc/arm-none-eabi/lib/thumb/v6-m/nofp/libc.a(libc_a-memset.o):(.data)
200000c4 200000c4        0     1         /home/santiago/Research/microfuzz/toolchains/arm/gcc/arm-none-eabi/lib/thumb/v6-m/nofp/libm.a(libm_a-w_exp.o):(.data)
200000c4 200000c4        0     1         /home/santiago/Research/microfuzz/toolchains/arm/gcc/arm-none-eabi/lib/thumb/v6-m/nofp/libm.a(libm_a-e_exp.o):(.data)
200000c4 200000c4        0     1         /home/santiago/Research/microfuzz/toolchains/arm/gcc/arm-none-eabi/lib/thumb/v6-m/nofp/libm.a(libm_a-math_err.o):(.data)
200000c4 200000c4        0     1         /home/santiago/Research/microfuzz/toolchains/arm/gcc/arm-none-eabi/lib/thumb/v6-m/nofp/libc.a(libc_a-errno.o):(.data)
200000c4 200000c4        0     1         /home/santiago/Research/microfuzz/toolchains/arm/gcc/arm-none-eabi/lib/thumb/v6-m/nofp/libc.a(libc_a-impure.o):(.data)
200000c4 200000c4        0     1         /home/santiago/Research/microfuzz/toolchains/arm/gcc/arm-none-eabi/lib/thumb/v6-m/nofp/libc.a(libc_a-findfp.o):(.data)
200000c4 200000c4        0     1         /home/santiago/Research/microfuzz/toolchains/arm/gcc/arm-none-eabi/lib/thumb/v6-m/nofp/libc.a(libc_a-fwalk.o):(.data)
200000c4 200000c4        0     1         /home/santiago/Research/microfuzz/toolchains/arm/gcc/arm-none-eabi/lib/thumb/v6-m/nofp/libc.a(libc_a-fclose.o):(.data)
200000c4 200000c4        0     1         /home/santiago/Research/microfuzz/toolchains/arm/gcc/arm-none-eabi/lib/thumb/v6-m/nofp/libc.a(libc_a-fflush.o):(.data)
200000c4 200000c4        0     1         /home/santiago/Research/microfuzz/toolchains/arm/gcc/arm-none-eabi/lib/thumb/v6-m/nofp/libc.a(libc_a-freer.o):(.data)
200000c4 200000c4        0     1         /home/santiago/Research/microfuzz/toolchains/arm/gcc/arm-none-eabi/lib/thumb/v6-m/nofp/libc.a(libc_a-sysconf.o):(.data)
200000c4 200000c4        0     1         /home/santiago/Research/microfuzz/toolchains/arm/gcc/arm-none-eabi/lib/thumb/v6-m/nofp/libc.a(libc_a-mlock.o):(.data)
200000c4 200000c4        0     1         /home/santiago/Research/microfuzz/toolchains/arm/gcc/arm-none-eabi/lib/thumb/v6-m/nofp/libc.a(libc_a-lock.o):(.data)
200000c4 200000c4        0     1         /home/santiago/Research/microfuzz/toolchains/arm/gcc/arm-none-eabi/lib/thumb/v6-m/nofp/libc.a(libc_a-sbrkr.o):(.data)
200000c4 200000c4        0     1         /home/santiago/Research/microfuzz/toolchains/arm/gcc/arm-none-eabi/lib/thumb/v6-m/nofp/libnosys.a(sbrk.o):(.data)
200000c4 200000c4        0     1         /home/santiago/Research/microfuzz/toolchains/arm/gcc/arm-none-eabi/lib/thumb/v6-m/nofp/libc.a(libc_a-reent.o):(.data)
200000c4 200000c4        0     1         /home/santiago/Research/microfuzz/toolchains/arm/gcc/arm-none-eabi/lib/thumb/v6-m/nofp/libc.a(libc_a-mallocr.o):(.data)
200000c4 200000c4        0     1         /home/santiago/Research/microfuzz/toolchains/arm/gcc/arm-none-eabi/lib/thumb/v6-m/nofp/libc.a(libc_a-stdio.o):(.data)
200000c4 200000c4        0     1         /home/santiago/Research/microfuzz/toolchains/arm/gcc/arm-none-eabi/lib/thumb/v6-m/nofp/libc.a(libc_a-readr.o):(.data)
200000c4 200000c4        0     1         /home/santiago/Research/microfuzz/toolchains/arm/gcc/arm-none-eabi/lib/thumb/v6-m/nofp/libnosys.a(read.o):(.data)
200000c4 200000c4        0     1         /home/santiago/Research/microfuzz/toolchains/arm/gcc/arm-none-eabi/lib/thumb/v6-m/nofp/libc.a(libc_a-writer.o):(.data)
200000c4 200000c4        0     1         /home/santiago/Research/microfuzz/toolchains/arm/gcc/arm-none-eabi/lib/thumb/v6-m/nofp/libnosys.a(write.o):(.data)
200000c4 200000c4        0     1         /home/santiago/Research/microfuzz/toolchains/arm/gcc/arm-none-eabi/lib/thumb/v6-m/nofp/libc.a(libc_a-lseekr.o):(.data)
200000c4 200000c4        0     1         /home/santiago/Research/microfuzz/toolchains/arm/gcc/arm-none-eabi/lib/thumb/v6-m/nofp/libnosys.a(lseek.o):(.data)
200000c4 200000c4        0     1         /home/santiago/Research/microfuzz/toolchains/arm/gcc/arm-none-eabi/lib/thumb/v6-m/nofp/libc.a(libc_a-closer.o):(.data)
200000c4 200000c4        0     1         /home/santiago/Research/microfuzz/toolchains/arm/gcc/arm-none-eabi/lib/thumb/v6-m/nofp/libnosys.a(close.o):(.data)
200000c4 200000c4        0     1         /home/santiago/Research/microfuzz/toolchains/arm/gcc/arm-none-eabi/lib/thumb/v6-m/nofp/libc.a(libm_a-s_finite.o):(.data)
200000c4 200000c4        8     4         /tmp/stm32g0xx_hal-ba324a.o:(.data)
200000c4 200000c4        4     1                 uwTickPrio
200000c8 200000c8        4     1                 uwTickFreq
200000cc 200000cc        0     1         /home/santiago/Research/microfuzz/toolchains/arm/gcc/arm-none-eabi/lib/thumb/v6-m/nofp/libc.a(libc_a-aeabi_memcpy.o):(.data)
200000cc 200000cc        0     1         /home/santiago/Research/microfuzz/toolchains/arm/gcc/arm-none-eabi/lib/thumb/v6-m/nofp/libc.a(libc_a-memcpy-stub.o):(.data)
200000cc 200000cc        0     1         /home/santiago/Research/microfuzz/toolchains/arm/gcc/arm-none-eabi/lib/thumb/v6-m/nofp/libc.a(libc_a-rand.o):(.data)
200000cc 200000cc        0     1         /home/santiago/Research/microfuzz/toolchains/arm/gcc/arm-none-eabi/lib/thumb/v6-m/nofp/libc.a(libc_a-calloc.o):(.data)
200000cc 200000cc        0     1         /home/santiago/Research/microfuzz/toolchains/arm/gcc/arm-none-eabi/lib/thumb/v6-m/nofp/libc.a(libc_a-callocr.o):(.data)
200000cc 200000cc        0     1         /home/santiago/Research/microfuzz/toolchains/arm/gcc/arm-none-eabi/lib/thumb/v6-m/nofp/libc.a(libc_a-exit.o):(.data)
200000cc 200000cc        0     1         /home/santiago/Research/microfuzz/toolchains/arm/gcc/arm-none-eabi/lib/thumb/v6-m/nofp/libc.a(libc_a-__call_atexit.o):(.data)
200000cc 200000cc        0     1         /home/santiago/Research/microfuzz/toolchains/arm/gcc/arm-none-eabi/lib/thumb/v6-m/nofp/libc.a(libc_a-atexit.o):(.data)
200000cc 200000cc        0     1         /home/santiago/Research/microfuzz/toolchains/arm/gcc/arm-none-eabi/lib/thumb/v6-m/nofp/libc.a(libc_a-__atexit.o):(.data)
200000cc 200000cc        0     1         /home/santiago/Research/microfuzz/toolchains/arm/gcc/arm-none-eabi/lib/thumb/v6-m/nofp/libc.a(libc_a-fini.o):(.data)
200000cc 200000cc        0     1         /home/santiago/Research/microfuzz/toolchains/arm/gcc/arm-none-eabi/lib/thumb/v6-m/nofp/libnosys.a(_exit.o):(.data)
200000d0 200000d0        8     8         /tmp/time_bare-9a748b.o:(.data)
200000d0 200000d0        8     1                 g_sut_timeout
200000d8 200000d8        0     1         /home/santiago/Research/microfuzz/toolchains/arm/gcc/lib/gcc/arm-none-eabi/13.3.1/thumb/v6-m/nofp/crti.o:(.data)
200000d8 200000d8        0     1         /home/santiago/Research/microfuzz/toolchains/arm/gcc/lib/gcc/arm-none-eabi/13.3.1/thumb/v6-m/nofp/crtbegin.o:(.data)
200000d8 200000d8        0     1         /home/santiago/Research/microfuzz/toolchains/arm/gcc/lib/gcc/arm-none-eabi/13.3.1/thumb/v6-m/nofp/crtend.o:(.data)
200000d8 200000d8        4     4         /home/santiago/Research/microfuzz/toolchains/arm/gcc/arm-none-eabi/lib/thumb/v6-m/nofp/libc.a(libc_a-impure.o):(.data._impure_ptr)
200000d8 200000d8        0     1                 $d
200000d8 200000d8        4     1                 _impure_ptr
200000e0 200000e0      140     8         /home/santiago/Research/microfuzz/toolchains/arm/gcc/arm-none-eabi/lib/thumb/v6-m/nofp/libc.a(libc_a-impure.o):(.data._impure_data)
200000e0 200000e0        0     1                 $d
200000e0 200000e0      140     1                 _impure_data
20000220 20000220        c     4         /home/santiago/Research/microfuzz/toolchains/arm/gcc/arm-none-eabi/lib/thumb/v6-m/nofp/libc.a(libc_a-findfp.o):(.data.__sglue)
20000220 20000220        0     1                 $d
20000220 20000220        c     1                 __sglue
2000022c 2000022c        4     4         /home/santiago/Research/microfuzz/toolchains/arm/gcc/arm-none-eabi/lib/thumb/v6-m/nofp/libc.a(libc_a-mallocr.o):(.data.__malloc_sbrk_base)
2000022c 2000022c        0     1                 $d
2000022c 2000022c        4     1                 __malloc_sbrk_base
20000230 20000230        4     4         /home/santiago/Research/microfuzz/toolchains/arm/gcc/arm-none-eabi/lib/thumb/v6-m/nofp/libc.a(libc_a-mallocr.o):(.data.__malloc_trim_threshold)
20000230 20000230        0     1                 $d
20000230 20000230        4     1                 __malloc_trim_threshold
20000238 20000238      408     8         /home/santiago/Research/microfuzz/toolchains/arm/gcc/arm-none-eabi/lib/thumb/v6-m/nofp/libc.a(libc_a-mallocr.o):(.data.__malloc_av_)
20000238 20000238        0     1                 $d
20000238 20000238      408     1                 __malloc_av_
20000640 20000640        4     4         /home/santiago/Research/microfuzz/toolchains/arm/gcc/arm-none-eabi/lib/thumb/v6-m/nofp/libc.a(libc_a-__call_atexit.o):(.data.__atexit_recursive_mutex)
20000640 20000640        0     1                 $d
20000640 20000640        4     1                 __atexit_recursive_mutex
20000644 20000644        4     4         /home/santiago/Research/microfuzz/toolchains/arm/gcc/lib/gcc/arm-none-eabi/13.3.1/thumb/v6-m/nofp/crtbegin.o:(.data.__dso_handle)
20000644 20000644        0     1                 $d
20000644 20000644        0     1                 __dso_handle
20000648 20000648        0     1         . = ALIGN ( 4 )
20000648 20000648        0     1         _edata = .
20000648 20000648     8e18     8 .text
20000648 20000648        0     1         . = ALIGN ( 4 )
20000648 20000648       5c     4         /tmp/coverage-91c06e.o:(.text)
20000648 20000648        0     1                 $t
20000649 20000649        0     1                 __sanitizer_cov_trace_pc
20000698 20000698        0     1                 $d
200006a4 200006a4      180     4         /tmp/system_stm32g0xx-99d4fd.o:(.text)
200006a4 200006a4        0     1                 $t
200006a5 200006a5        2     1                 SystemInit
200006a9 200006a9      17c     1                 SystemCoreClockUpdate
200006c8 200006c8        0     1                 $d
2000074c 2000074c        0     1                 $t
20000808 20000808        0     1                 $d
20000824 20000824       88     4         /tmp/main-597a70.o:(.text)
20000824 20000824        0     1                 $t
20000825 20000825       14     1                 main
20000839 20000839       6e     1                 SystemClock_Config
200008a7 200008a7        6     1                 Error_Handler
200008ac 200008ac        0     2         /home/santiago/Research/microfuzz/toolchains/arm/gcc/arm-none-eabi/lib/thumb/v6-m/nofp/libc.a(libc_a-aeabi_memclr.o):(.text)
200008ac 200008ac        0     2         /home/santiago/Research/microfuzz/toolchains/arm/gcc/arm-none-eabi/lib/thumb/v6-m/nofp/libc.a(libc_a-aeabi_memset.o):(.text)
200008ac 200008ac        0     2         /home/santiago/Research/microfuzz/toolchains/arm/gcc/arm-none-eabi/lib/thumb/v6-m/nofp/libc.a(libc_a-memset.o):(.text)
200008ac 200008ac       14     4         /tmp/harness-4eef93.o:(.text)
200008ac 200008ac        0     1                 $t
200008ad 200008ad       14     1                 target_harness
200008c0 200008c0     10e0     4         /tmp/susan_corner-4cc4db.o:(.text)
200008c0 200008c0        0     1                 $t
200008c1 200008c1       28     1                 fgetc2
200008e9 200008e9       e8     1                 getint
200009d1 200009d1       c0     1                 get_image
20000a8c 20000a8c        0     1                 $d
20000a90 20000a90        0     1                 $t
20000a91 20000a91       de     1                 int_to_uint8_t
20000b71 20000b71       d4     1                 setup_brightness_lut
20000c3c 20000c3c        0     1                 $d
20000c44 20000c44        0     1                 $t
20000c45 20000c45       f8     1                 corner_draw
20000d3d 20000d3d      ba2     1                 susan_corners_quick
200018e1 200018e1       c0     1                 susan_corners
2000199c 2000199c        0     1                 $d
200019a0 200019a0        0     2         /home/santiago/Research/microfuzz/toolchains/arm/gcc/arm-none-eabi/lib/thumb/v6-m/nofp/libm.a(libm_a-w_exp.o):(.text)
200019a0 200019a0        0     2         /home/santiago/Research/microfuzz/toolchains/arm/gcc/arm-none-eabi/lib/thumb/v6-m/nofp/libm.a(libm_a-e_exp.o):(.text)
200019a0 200019a0        0     2         /home/santiago/Research/microfuzz/toolchains/arm/gcc/arm-none-eabi/lib/thumb/v6-m/nofp/libm.a(libm_a-math_err.o):(.text)
200019a0 200019a0        0     2         /home/santiago/Research/microfuzz/toolchains/arm/gcc/arm-none-eabi/lib/thumb/v6-m/nofp/libc.a(libc_a-errno.o):(.text)
200019a0 200019a0        0     2         /home/santiago/Research/microfuzz/toolchains/arm/gcc/arm-none-eabi/lib/thumb/v6-m/nofp/libc.a(libc_a-impure.o):(.text)
200019a0 200019a0        0     2         /home/santiago/Research/microfuzz/toolchains/arm/gcc/arm-none-eabi/lib/thumb/v6-m/nofp/libc.a(libc_a-findfp.o):(.text)
200019a0 200019a0        0     2         /home/santiago/Research/microfuzz/toolchains/arm/gcc/arm-none-eabi/lib/thumb/v6-m/nofp/libc.a(libc_a-fwalk.o):(.text)
200019a0 200019a0        0     2         /home/santiago/Research/microfuzz/toolchains/arm/gcc/arm-none-eabi/lib/thumb/v6-m/nofp/libc.a(libc_a-fclose.o):(.text)
200019a0 200019a0        0     2         /home/santiago/Research/microfuzz/toolchains/arm/gcc/arm-none-eabi/lib/thumb/v6-m/nofp/libc.a(libc_a-fflush.o):(.text)
200019a0 200019a0        0     2         /home/santiago/Research/microfuzz/toolchains/arm/gcc/arm-none-eabi/lib/thumb/v6-m/nofp/libc.a(libc_a-freer.o):(.text)
200019a0 200019a0        0     2         /home/santiago/Research/microfuzz/toolchains/arm/gcc/arm-none-eabi/lib/thumb/v6-m/nofp/libc.a(libc_a-sysconf.o):(.text)
200019a0 200019a0        0     2         /home/santiago/Research/microfuzz/toolchains/arm/gcc/arm-none-eabi/lib/thumb/v6-m/nofp/libc.a(libc_a-mlock.o):(.text)
200019a0 200019a0        0     2         /home/santiago/Research/microfuzz/toolchains/arm/gcc/arm-none-eabi/lib/thumb/v6-m/nofp/libc.a(libc_a-lock.o):(.text)
200019a0 200019a0        0     2         /home/santiago/Research/microfuzz/toolchains/arm/gcc/arm-none-eabi/lib/thumb/v6-m/nofp/libc.a(libc_a-sbrkr.o):(.text)
200019a0 200019a0        0     2         /home/santiago/Research/microfuzz/toolchains/arm/gcc/arm-none-eabi/lib/thumb/v6-m/nofp/libnosys.a(sbrk.o):(.text)
200019a0 200019a0        0     2         /home/santiago/Research/microfuzz/toolchains/arm/gcc/arm-none-eabi/lib/thumb/v6-m/nofp/libc.a(libc_a-reent.o):(.text)
200019a0 200019a0        0     2         /home/santiago/Research/microfuzz/toolchains/arm/gcc/arm-none-eabi/lib/thumb/v6-m/nofp/libc.a(libc_a-mallocr.o):(.text)
200019a0 200019a0        0     2         /home/santiago/Research/microfuzz/toolchains/arm/gcc/arm-none-eabi/lib/thumb/v6-m/nofp/libc.a(libc_a-stdio.o):(.text)
200019a0 200019a0        0     2         /home/santiago/Research/microfuzz/toolchains/arm/gcc/arm-none-eabi/lib/thumb/v6-m/nofp/libc.a(libc_a-readr.o):(.text)
200019a0 200019a0        0     2         /home/santiago/Research/microfuzz/toolchains/arm/gcc/arm-none-eabi/lib/thumb/v6-m/nofp/libnosys.a(read.o):(.text)
200019a0 200019a0        0     2         /home/santiago/Research/microfuzz/toolchains/arm/gcc/arm-none-eabi/lib/thumb/v6-m/nofp/libc.a(libc_a-writer.o):(.text)
200019a0 200019a0        0     2         /home/santiago/Research/microfuzz/toolchains/arm/gcc/arm-none-eabi/lib/thumb/v6-m/nofp/libnosys.a(write.o):(.text)
200019a0 200019a0        0     2         /home/santiago/Research/microfuzz/toolchains/arm/gcc/arm-none-eabi/lib/thumb/v6-m/nofp/libc.a(libc_a-lseekr.o):(.text)
200019a0 200019a0        0     2         /home/santiago/Research/microfuzz/toolchains/arm/gcc/arm-none-eabi/lib/thumb/v6-m/nofp/libnosys.a(lseek.o):(.text)
200019a0 200019a0        0     2         /home/santiago/Research/microfuzz/toolchains/arm/gcc/arm-none-eabi/lib/thumb/v6-m/nofp/libc.a(libc_a-closer.o):(.text)
200019a0 200019a0        0     2         /home/santiago/Research/microfuzz/toolchains/arm/gcc/arm-none-eabi/lib/thumb/v6-m/nofp/libnosys.a(close.o):(.text)
200019a0 200019a0        0     2         /home/santiago/Research/microfuzz/toolchains/arm/gcc/arm-none-eabi/lib/thumb/v6-m/nofp/libc.a(libm_a-s_finite.o):(.text)
200019a0 200019a0        8     4         /tmp/stm32g0xx_hal_msp_template-66c262.o:(.text)
200019a0 200019a0        0     1                 $t
200019a1 200019a1        2     1                 HAL_MspInit
200019a3 200019a3        2     1                 HAL_MspDeInit
200019a5 200019a5        2     1                 HAL_PPP_MspInit
200019a7 200019a7        2     1                 HAL_PPP_MspDeInit
200019a8 200019a8        2     4         /tmp/trace-pc-guard-cb-10be4a.o:(.text)
200019a8 200019a8        0     1                 $t
200019a9 200019a9        2     1                 __sanitizer_cov_trace_pc_guard_init
200019ac 200019ac      3c8     4         /tmp/stm32g0xx_hal-ba324a.o:(.text)
200019ac 200019ac        0     1                 $t
200019ad 200019ad       38     1                 HAL_Init
200019e0 200019e0        0     1                 $d
200019e4 200019e4        0     1                 $t
200019e5 200019e5       7c     1                 HAL_InitTick
20001a54 20001a54        0     1                 $d
20001a60 20001a60        0     1                 $t
20001a65 20001a65       40     1                 HAL_DeInit
20001a94 20001a94        0     1                 $d
20001aa4 20001aa4        0     1                 $t
20001aa9 20001aa9       18     1                 HAL_IncTick
20001ab8 20001ab8        0     1                 $d
20001ac0 20001ac0        0     1                 $t
20001ac1 20001ac1        c     1                 HAL_GetTick
20001ac8 20001ac8        0     1                 $d
20001acc 20001acc        0     1                 $t
20001acd 20001acd        c     1                 HAL_GetTickPrio
20001ad4 20001ad4        0     1                 $d
20001ad8 20001ad8        0     1                 $t
20001ad9 20001ad9       4c     1                 HAL_SetTickFreq
20001b1c 20001b1c        0     1                 $d
20001b24 20001b24        0     1                 $t
20001b25 20001b25        c     1                 HAL_GetTickFreq
20001b2c 20001b2c        0     1                 $d
20001b30 20001b30        0     1                 $t
20001b31 20001b31       44     1                 HAL_Delay
20001b70 20001b70        0     1                 $d
20001b74 20001b74        0     1                 $t
20001b75 20001b75       10     1                 HAL_SuspendTick
20001b80 20001b80        0     1                 $d
20001b84 20001b84        0     1                 $t
20001b85 20001b85       10     1                 HAL_ResumeTick
20001b90 20001b90        0     1                 $d
20001b94 20001b94        0     1                 $t
20001b95 20001b95        8     1                 HAL_GetHalVersion
20001b98 20001b98        0     1                 $d
20001b9c 20001b9c        0     1                 $t
20001b9d 20001b9d        c     1                 HAL_GetREVID
20001ba4 20001ba4        0     1                 $d
20001ba8 20001ba8        0     1                 $t
20001ba9 20001ba9       14     1                 HAL_GetDEVID
20001bb4 20001bb4        0     1                 $d
20001bbc 20001bbc        0     1                 $t
20001bbd 20001bbd        c     1                 HAL_GetUIDw0
20001bc4 20001bc4        0     1                 $d
20001bc8 20001bc8        0     1                 $t
20001bc9 20001bc9        c     1                 HAL_GetUIDw1
20001bd0 20001bd0        0     1                 $d
20001bd4 20001bd4        0     1                 $t
20001bd5 20001bd5        c     1                 HAL_GetUIDw2
20001bdc 20001bdc        0     1                 $d
20001be0 20001be0        0     1                 $t
20001be1 20001be1       10     1                 HAL_DBGMCU_EnableDBGStopMode
20001bec 20001bec        0     1                 $d
20001bf0 20001bf0        0     1                 $t
20001bf1 20001bf1       10     1                 HAL_DBGMCU_DisableDBGStopMode
20001bfc 20001bfc        0     1                 $d
20001c00 20001c00        0     1                 $t
20001c01 20001c01       10     1                 HAL_DBGMCU_EnableDBGStandbyMode
20001c0c 20001c0c        0     1                 $d
20001c10 20001c10        0     1                 $t
20001c11 20001c11       10     1                 HAL_DBGMCU_DisableDBGStandbyMode
20001c1c 20001c1c        0     1                 $d
20001c20 20001c20        0     1                 $t
20001c21 20001c21       1c     1                 HAL_SYSCFG_VREFBUF_VoltageScalingConfig
20001c38 20001c38        0     1                 $d
20001c3c 20001c3c        0     1                 $t
20001c3d 20001c3d       1c     1                 HAL_SYSCFG_VREFBUF_HighImpedanceConfig
20001c54 20001c54        0     1                 $d
20001c58 20001c58        0     1                 $t
20001c59 20001c59       1c     1                 HAL_SYSCFG_VREFBUF_TrimmingConfig
20001c70 20001c70        0     1                 $d
20001c74 20001c74        0     1                 $t
20001c75 20001c75       4c     1                 HAL_SYSCFG_EnableVREFBUF
20001cbc 20001cbc        0     1                 $d
20001cc0 20001cc0        0     1                 $t
20001cc1 20001cc1       10     1                 HAL_SYSCFG_DisableVREFBUF
20001ccc 20001ccc        0     1                 $d
20001cd0 20001cd0        0     1                 $t
20001cd1 20001cd1       14     1                 HAL_SYSCFG_EnableIOAnalogSwitchBooster
20001ce0 20001ce0        0     1                 $d
20001ce4 20001ce4        0     1                 $t
20001ce5 20001ce5       14     1                 HAL_SYSCFG_DisableIOAnalogSwitchBooster
20001cf4 20001cf4        0     1                 $d
20001cf8 20001cf8        0     1                 $t
20001cf9 20001cf9       18     1                 HAL_SYSCFG_EnableRemap
20001d0c 20001d0c        0     1                 $d
20001d10 20001d10        0     1                 $t
20001d11 20001d11       18     1                 HAL_SYSCFG_DisableRemap
20001d24 20001d24        0     1                 $d
20001d28 20001d28        0     1                 $t
20001d29 20001d29       18     1                 HAL_SYSCFG_EnableClampingDiode
20001d3c 20001d3c        0     1                 $d
20001d40 20001d40        0     1                 $t
20001d41 20001d41       18     1                 HAL_SYSCFG_DisableClampingDiode
20001d54 20001d54        0     1                 $d
20001d58 20001d58        0     1                 $t
20001d59 20001d59       1c     1                 HAL_SYSCFG_StrobeDBattpinsConfig
20001d70 20001d70        0     1                 $d
20001d74 20001d74      ed4     4         /tmp/stm32g0xx_hal_rcc-288081.o:(.text)
20001d74 20001d74        0     1                 $t
20001d75 20001d75      110     1                 HAL_RCC_DeInit
20001e5c 20001e5c        0     1                 $d
20001e84 20001e84        0     1                 $t
20001e85 20001e85      710     1                 HAL_RCC_OscConfig
20002290 20002290        0     1                 $d
200022b0 200022b0        0     1                 $t
2000256c 2000256c        0     1                 $d
20002594 20002594        0     1                 $t
20002595 20002595      24c     1                 HAL_RCC_ClockConfig
200027bc 200027bc        0     1                 $d
200027e0 200027e0        0     1                 $t
200027e1 200027e1      120     1                 HAL_RCC_GetSysClockFreq
200028ec 200028ec        0     1                 $d
20002900 20002900        0     1                 $t
20002901 20002901       b4     1                 HAL_RCC_MCOConfig
200029ac 200029ac        0     1                 $d
200029b4 200029b4        0     1                 $t
200029b5 200029b5        c     1                 HAL_RCC_GetHCLKFreq
200029bc 200029bc        0     1                 $d
200029c0 200029c0        0     1                 $t
200029c1 200029c1       2c     1                 HAL_RCC_GetPCLK1Freq
200029e8 200029e8        0     1                 $d
200029ec 200029ec        0     1                 $t
200029ed 200029ed       10     1                 LL_RCC_GetAPB1Prescaler
200029f8 200029f8        0     1                 $d
200029fc 200029fc        0     1                 $t
200029fd 200029fd      164     1                 HAL_RCC_GetOscConfig
20002b4c 20002b4c        0     1                 $d
20002b60 20002b60        0     1                 $t
20002b61 20002b61       44     1                 HAL_RCC_GetClockConfig
20002b9c 20002b9c        0     1                 $d
20002ba4 20002ba4        0     1                 $t
20002ba5 20002ba5       14     1                 HAL_RCC_EnableCSS
20002bb4 20002bb4        0     1                 $d
20002bb8 20002bb8        0     1                 $t
20002bb9 20002bb9       10     1                 HAL_RCC_EnableLSECSS
20002bc4 20002bc4        0     1                 $d
20002bc8 20002bc8        0     1                 $t
20002bc9 20002bc9       10     1                 HAL_RCC_DisableLSECSS
20002bd4 20002bd4        0     1                 $d
20002bd8 20002bd8        0     1                 $t
20002bd9 20002bd9       48     1                 HAL_RCC_NMI_IRQHandler
20002c18 20002c18        0     1                 $d
20002c20 20002c20        0     1                 $t
20002c21 20002c21        2     1                 HAL_RCC_CSSCallback
20002c23 20002c23        2     1                 HAL_RCC_LSECSSCallback
20002c25 20002c25       24     1                 HAL_RCC_GetResetSource
20002c44 20002c44        0     1                 $d
20002c48 20002c48      3b8     4         /tmp/stm32g0xx_hal_cortex-3cd00a.o:(.text)
20002c48 20002c48        0     1                 $t
20002c49 20002c49       18     1                 HAL_NVIC_SetPriority
20002c61 20002c61       78     1                 __NVIC_SetPriority
20002cd0 20002cd0        0     1                 $d
20002cd8 20002cd8        0     1                 $t
20002cd9 20002cd9       12     1                 HAL_NVIC_EnableIRQ
20002ced 20002ced       24     1                 __NVIC_EnableIRQ
20002d0c 20002d0c        0     1                 $d
20002d10 20002d10        0     1                 $t
20002d11 20002d11       12     1                 HAL_NVIC_DisableIRQ
20002d25 20002d25       2c     1                 __NVIC_DisableIRQ
20002d4c 20002d4c        0     1                 $d
20002d50 20002d50        0     1                 $t
20002d51 20002d51        8     1                 HAL_NVIC_SystemReset
20002d59 20002d59       1c     1                 __NVIC_SystemReset
20002d6c 20002d6c        0     1                 $d
20002d74 20002d74        0     1                 $t
20002d75 20002d75       12     1                 HAL_SYSTICK_Config
20002d89 20002d89       50     1                 SysTick_Config
20002dcc 20002dcc        0     1                 $d
20002dd8 20002dd8        0     1                 $t
20002dd9 20002dd9       12     1                 HAL_NVIC_GetPriority
20002ded 20002ded       54     1                 __NVIC_GetPriority
20002e38 20002e38        0     1                 $d
20002e40 20002e40        0     1                 $t
20002e41 20002e41       12     1                 HAL_NVIC_SetPendingIRQ
20002e55 20002e55       24     1                 __NVIC_SetPendingIRQ
20002e74 20002e74        0     1                 $d
20002e78 20002e78        0     1                 $t
20002e79 20002e79       12     1                 HAL_NVIC_GetPendingIRQ
20002e8d 20002e8d       30     1                 __NVIC_GetPendingIRQ
20002eb8 20002eb8        0     1                 $d
20002ebc 20002ebc        0     1                 $t
20002ebd 20002ebd       12     1                 HAL_NVIC_ClearPendingIRQ
20002ed1 20002ed1       24     1                 __NVIC_ClearPendingIRQ
20002ef0 20002ef0        0     1                 $d
20002ef4 20002ef4        0     1                 $t
20002ef5 20002ef5       2c     1                 HAL_SYSTICK_CLKSourceConfig
20002f1c 20002f1c        0     1                 $d
20002f20 20002f20        0     1                 $t
20002f21 20002f21        a     1                 HAL_SYSTICK_IRQHandler
20002f2b 20002f2b        2     1                 HAL_SYSTICK_Callback
20002f2d 20002f2d       20     1                 HAL_MPU_Enable
20002f48 20002f48        0     1                 $d
20002f4c 20002f4c        0     1                 $t
20002f4d 20002f4d       10     1                 HAL_MPU_Disable
20002f58 20002f58        0     1                 $d
20002f5c 20002f5c        0     1                 $t
20002f5d 20002f5d       20     1                 HAL_MPU_EnableRegion
20002f74 20002f74        0     1                 $d
20002f7c 20002f7c        0     1                 $t
20002f7d 20002f7d       20     1                 HAL_MPU_DisableRegion
20002f94 20002f94        0     1                 $d
20002f9c 20002f9c        0     1                 $t
20002f9d 20002f9d       64     1                 HAL_MPU_ConfigRegion
20002ff4 20002ff4        0     1                 $d
20003000 20003000      d90     4         /tmp/fuzz-b60797.o:(.text)
20003000 20003000        0     1                 $t
20003001 20003001        2     1                 crash_handler
20003003 20003003        a     1                 HardFault_Handler
2000300d 2000300d       50     1                 state_restore
20003044 20003044        0     1                 $d
2000305c 2000305c        0     1                 $t
2000305d 2000305d      120     1                 fuzzer_setup
20003138 20003138        0     1                 $d
2000317c 2000317c        0     1                 $t
2000317d 2000317d      954     1                 mutator
2000358c 2000358c        0     1                 $d
2000359c 2000359c        0     1                 $t
20003848 20003848        0     1                 $d
20003878 20003878        0     1                 $t
20003884 20003884        0     1                 $d
20003894 20003894        0     1                 $t
20003ac8 20003ac8        0     1                 $d
20003ad0 20003ad0        0     1                 $t
20003ad1 20003ad1      118     1                 dequeue_seed
20003bd4 20003bd4        0     1                 $d
20003be8 20003be8        0     1                 $t
20003be9 20003be9        c     1                 bubble_coverage
20003bf0 20003bf0        0     1                 $d
20003bf4 20003bf4        0     1                 $t
20003bf5 20003bf5       a4     1                 check_for_coverage
20003c7c 20003c7c        0     1                 $d
20003c98 20003c98        0     1                 $t
20003c99 20003c99       c8     1                 fuzzing_loop
20003d50 20003d50        0     1                 $d
20003d60 20003d60        0     1                 $t
20003d61 20003d61       1c     1                 __wrap_exit
20003d78 20003d78        0     1                 $d
20003d7c 20003d7c        0     1                 $t
20003d7d 20003d7d       14     1                 __wrap__exit
20003d8c 20003d8c        0     1                 $d
20003d90 20003d90        0     2         /home/santiago/Research/microfuzz/toolchains/arm/gcc/arm-none-eabi/lib/thumb/v6-m/nofp/libc.a(libc_a-aeabi_memcpy.o):(.text)
20003d90 20003d90        0     2         /home/santiago/Research/microfuzz/toolchains/arm/gcc/arm-none-eabi/lib/thumb/v6-m/nofp/libc.a(libc_a-memcpy-stub.o):(.text)
20003d90 20003d90        0     2         /home/santiago/Research/microfuzz/toolchains/arm/gcc/arm-none-eabi/lib/thumb/v6-m/nofp/libc.a(libc_a-rand.o):(.text)
20003d90 20003d90        0     2         /home/santiago/Research/microfuzz/toolchains/arm/gcc/arm-none-eabi/lib/thumb/v6-m/nofp/libc.a(libc_a-calloc.o):(.text)
20003d90 20003d90        0     2         /home/santiago/Research/microfuzz/toolchains/arm/gcc/arm-none-eabi/lib/thumb/v6-m/nofp/libc.a(libc_a-callocr.o):(.text)
20003d90 20003d90        0     2         /home/santiago/Research/microfuzz/toolchains/arm/gcc/arm-none-eabi/lib/thumb/v6-m/nofp/libc.a(libc_a-exit.o):(.text)
20003d90 20003d90        0     2         /home/santiago/Research/microfuzz/toolchains/arm/gcc/arm-none-eabi/lib/thumb/v6-m/nofp/libc.a(libc_a-__call_atexit.o):(.text)
20003d90 20003d90        0     2         /home/santiago/Research/microfuzz/toolchains/arm/gcc/arm-none-eabi/lib/thumb/v6-m/nofp/libc.a(libc_a-atexit.o):(.text)
20003d90 20003d90        0     2         /home/santiago/Research/microfuzz/toolchains/arm/gcc/arm-none-eabi/lib/thumb/v6-m/nofp/libc.a(libc_a-__atexit.o):(.text)
20003d90 20003d90        0     2         /home/santiago/Research/microfuzz/toolchains/arm/gcc/arm-none-eabi/lib/thumb/v6-m/nofp/libc.a(libc_a-fini.o):(.text)
20003d90 20003d90        0     2         /home/santiago/Research/microfuzz/toolchains/arm/gcc/arm-none-eabi/lib/thumb/v6-m/nofp/libnosys.a(_exit.o):(.text)
20003d90 20003d90      158     4         /tmp/time_bare-9a748b.o:(.text)
20003d90 20003d90        0     1                 $t
20003d91 20003d91       34     1                 setup_fuzz_time
20003dc5 20003dc5        c     1                 start_fuzz_time
20003dd1 20003dd1       18     1                 end_fuzz_time
20003de4 20003de4        0     1                 $d
20003de8 20003de8        0     1                 $t
20003de9 20003de9       2c     1                 adjust_fuzz_time
20003e10 20003e10        0     1                 $d
20003e14 20003e14        0     1                 $t
20003e15 20003e15       64     1                 execution_cleanup
20003e74 20003e74        0     1                 $d
20003e78 20003e78        0     1                 $t
20003e79 20003e79       40     1                 SysTick_Handler
20003eac 20003eac        0     1                 $d
20003eb8 20003eb8        0     1                 $t
20003eb9 20003eb9       2c     1                 PendSV_Handler
20003edc 20003edc        0     1                 $d
20003ee8 20003ee8       14     4         /tmp/startup_stm32g0b1xx-e3515a.o:(.text)
20003efc 20003efc     135a     4         /tmp/stm32g0xx_hal_rcc_ex-b7247a.o:(.text)
20003efc 20003efc        0     1                 $t
20003efd 20003efd      430     1                 HAL_RCCEx_PeriphCLKConfig
20004310 20004310        0     1                 $d
2000432c 2000432c        0     1                 $t
2000432d 2000432d      160     1                 HAL_RCCEx_GetPeriphCLKConfig
2000447c 2000447c        0     1                 $d
2000448c 2000448c        0     1                 $t
2000448d 2000448d      994     1                 HAL_RCCEx_GetPeriphCLKFreq
2000489c 2000489c        0     1                 $d
200048a0 200048a0        0     1                 $t
200048a8 200048a8        0     1                 $d
200048cc 200048cc        0     1                 $t
20004cc8 20004cc8        0     1                 $d
20004cdc 20004cdc        0     1                 $t
20004df8 20004df8        0     1                 $d
20004e20 20004e20        0     1                 $t
20004e21 20004e21       cc     1                 HAL_RCCEx_EnableLSCO
20004edc 20004edc        0     1                 $d
20004eec 20004eec        0     1                 $t
20004eed 20004eed       8c     1                 HAL_RCCEx_DisableLSCO
20004f6c 20004f6c        0     1                 $d
20004f78 20004f78        0     1                 $t
20004f79 20004f79       6c     1                 HAL_RCCEx_CRSConfig
20004fd8 20004fd8        0     1                 $d
20004fe4 20004fe4        0     1                 $t
20004fe5 20004fe5       10     1                 HAL_RCCEx_CRSSoftwareSynchronizationGenerate
20004ff0 20004ff0        0     1                 $d
20004ff4 20004ff4        0     1                 $t
20004ff5 20004ff5       44     1                 HAL_RCCEx_CRSGetSynchronizationInfo
2000502c 2000502c        0     1                 $d
20005038 20005038        0     1                 $t
20005039 20005039      110     1                 HAL_RCCEx_CRSWaitSynchronization
20005140 20005140        0     1                 $d
20005148 20005148        0     1                 $t
20005149 20005149      100     1                 HAL_RCCEx_CRS_IRQHandler
2000523c 2000523c        0     1                 $d
20005248 20005248        0     1                 $t
20005249 20005249        2     1                 HAL_RCCEx_CRS_SyncOkCallback
2000524b 2000524b        2     1                 HAL_RCCEx_CRS_SyncWarnCallback
2000524d 2000524d        2     1                 HAL_RCCEx_CRS_ExpectedSyncCallback
2000524f 2000524f        8     1                 HAL_RCCEx_CRS_ErrorCallback
20005258 20005258      5b0     4         /tmp/stm32g0xx_hal_gpio-5b73b7.o:(.text)
20005258 20005258        0     1                 $t
20005259 20005259      2e8     1                 HAL_GPIO_Init
2000551c 2000551c        0     1                 $d
20005540 20005540        0     1                 $t
20005541 20005541      19c     1                 HAL_GPIO_DeInit
200056b8 200056b8        0     1                 $d
200056dc 200056dc        0     1                 $t
200056dd 200056dd       2c     1                 HAL_GPIO_ReadPin
20005709 20005709       2a     1                 HAL_GPIO_WritePin
20005733 20005733       24     1                 HAL_GPIO_TogglePin
20005757 20005757       4c     1                 HAL_GPIO_LockPin
200057a5 200057a5       50     1                 HAL_GPIO_EXTI_IRQHandler
200057ec 200057ec        0     1                 $d
200057f4 200057f4        0     1                 $t
200057f5 200057f5        a     1                 HAL_GPIO_EXTI_Rising_Callback
200057ff 200057ff        a     1                 HAL_GPIO_EXTI_Falling_Callback
20005808 20005808      1d0     4         /tmp/stm32g0xx_hal_pwr-d6eed7.o:(.text)
20005808 20005808        0     1                 $t
20005809 20005809       18     1                 HAL_PWR_DeInit
2000581c 2000581c        0     1                 $d
20005820 20005820        0     1                 $t
20005821 20005821       14     1                 HAL_PWR_EnableBkUpAccess
20005830 20005830        0     1                 $d
20005834 20005834        0     1                 $t
20005835 20005835       14     1                 HAL_PWR_DisableBkUpAccess
20005844 20005844        0     1                 $d
20005848 20005848        0     1                 $t
20005849 20005849       38     1                 HAL_PWR_EnableWakeUpPin
20005878 20005878        0     1                 $d
20005880 20005880        0     1                 $t
20005881 20005881       20     1                 HAL_PWR_DisableWakeUpPin
2000589c 2000589c        0     1                 $d
200058a0 200058a0        0     1                 $t
200058a1 200058a1       70     1                 HAL_PWR_EnterSLEEPMode
20005908 20005908        0     1                 $d
20005910 20005910        0     1                 $t
20005911 20005911       64     1                 HAL_PWR_EnterSTOPMode
2000596c 2000596c        0     1                 $d
20005974 20005974        0     1                 $t
20005975 20005975       24     1                 HAL_PWR_EnterSTANDBYMode
20005990 20005990        0     1                 $d
20005998 20005998        0     1                 $t
20005999 20005999       10     1                 HAL_PWR_EnableSleepOnExit
200059a4 200059a4        0     1                 $d
200059a8 200059a8        0     1                 $t
200059a9 200059a9       10     1                 HAL_PWR_DisableSleepOnExit
200059b4 200059b4        0     1                 $d
200059b8 200059b8        0     1                 $t
200059b9 200059b9       10     1                 HAL_PWR_EnableSEVOnPend
200059c4 200059c4        0     1                 $d
200059c8 200059c8        0     1                 $t
200059c9 200059c9       10     1                 HAL_PWR_DisableSEVOnPend
200059d4 200059d4        0     1                 $d
200059d8 200059d8      7e4     4         /tmp/stm32g0xx_hal_pwr_ex-561ca9.o:(.text)
200059d8 200059d8        0     1                 $t
200059d9 200059d9       24     1                 HAL_PWREx_EnableBatteryCharging
200059f8 200059f8        0     1                 $d
200059fc 200059fc        0     1                 $t
200059fd 200059fd       14     1                 HAL_PWREx_DisableBatteryCharging
20005a0c 20005a0c        0     1                 $d
20005a10 20005a10        0     1                 $t
20005a11 20005a11       14     1                 HAL_PWREx_EnablePORMonitorSampling
20005a20 20005a20        0     1                 $d
20005a24 20005a24        0     1                 $t
20005a25 20005a25       14     1                 HAL_PWREx_DisablePORMonitorSampling
20005a34 20005a34        0     1                 $d
20005a38 20005a38        0     1                 $t
20005a39 20005a39       bc     1                 HAL_PWREx_ConfigPVD
20005adc 20005adc        0     1                 $d
20005af4 20005af4        0     1                 $t
20005af5 20005af5       10     1                 HAL_PWREx_EnablePVD
20005b00 20005b00        0     1                 $d
20005b04 20005b04        0     1                 $t
20005b05 20005b05       10     1                 HAL_PWREx_DisablePVD
20005b10 20005b10        0     1                 $d
20005b14 20005b14        0     1                 $t
20005b15 20005b15       14     1                 HAL_PWREx_EnableVddUSB
20005b24 20005b24        0     1                 $d
20005b28 20005b28        0     1                 $t
20005b29 20005b29       14     1                 HAL_PWREx_DisableVddUSB
20005b38 20005b38        0     1                 $d
20005b3c 20005b3c        0     1                 $t
20005b3d 20005b3d       14     1                 HAL_PWREx_EnableVddIO2
20005b4c 20005b4c        0     1                 $d
20005b50 20005b50        0     1                 $t
20005b51 20005b51       14     1                 HAL_PWREx_DisableVddIO2
20005b60 20005b60        0     1                 $d
20005b64 20005b64        0     1                 $t
20005b65 20005b65       14     1                 HAL_PWREx_EnablePVMUSB
20005b74 20005b74        0     1                 $d
20005b78 20005b78        0     1                 $t
20005b79 20005b79       14     1                 HAL_PWREx_DisablePVMUSB
20005b88 20005b88        0     1                 $d
20005b8c 20005b8c        0     1                 $t
20005b8d 20005b8d       b8     1                 HAL_PWREx_ConfigPVM
20005c34 20005c34        0     1                 $d
20005c44 20005c44        0     1                 $t
20005c45 20005c45       14     1                 HAL_PWREx_EnableInternalWakeUpLine
20005c54 20005c54        0     1                 $d
20005c58 20005c58        0     1                 $t
20005c59 20005c59       14     1                 HAL_PWREx_DisableInternalWakeUpLine
20005c68 20005c68        0     1                 $d
20005c6c 20005c6c        0     1                 $t
20005c6d 20005c6d       e4     1                 HAL_PWREx_EnableGPIOPullUp
20005c88 20005c88        0     1                 $d
20005ca0 20005ca0        0     1                 $t
20005d28 20005d28        0     1                 $d
20005d50 20005d50        0     1                 $t
20005d51 20005d51       98     1                 HAL_PWREx_DisableGPIOPullUp
20005d6c 20005d6c        0     1                 $d
20005d84 20005d84        0     1                 $t
20005dd4 20005dd4        0     1                 $d
20005de8 20005de8        0     1                 $t
20005de9 20005de9      100     1                 HAL_PWREx_EnableGPIOPullDown
20005e04 20005e04        0     1                 $d
20005e1c 20005e1c        0     1                 $t
20005eb8 20005eb8        0     1                 $d
20005ee8 20005ee8        0     1                 $t
20005ee9 20005ee9       a8     1                 HAL_PWREx_DisableGPIOPullDown
20005f04 20005f04        0     1                 $d
20005f1c 20005f1c        0     1                 $t
20005f78 20005f78        0     1                 $d
20005f90 20005f90        0     1                 $t
20005f91 20005f91       14     1                 HAL_PWREx_EnablePullUpPullDownConfig
20005fa0 20005fa0        0     1                 $d
20005fa4 20005fa4        0     1                 $t
20005fa5 20005fa5       14     1                 HAL_PWREx_DisablePullUpPullDownConfig
20005fb4 20005fb4        0     1                 $d
20005fb8 20005fb8        0     1                 $t
20005fb9 20005fb9       14     1                 HAL_PWREx_EnableSRAMRetention
20005fc8 20005fc8        0     1                 $d
20005fcc 20005fcc        0     1                 $t
20005fcd 20005fcd       14     1                 HAL_PWREx_DisableSRAMRetention
20005fdc 20005fdc        0     1                 $d
20005fe0 20005fe0        0     1                 $t
20005fe1 20005fe1       18     1                 HAL_PWREx_EnableFlashPowerDown
20005ff4 20005ff4        0     1                 $d
20005ff8 20005ff8        0     1                 $t
20005ff9 20005ff9       18     1                 HAL_PWREx_DisableFlashPowerDown
2000600c 2000600c        0     1                 $d
20006010 20006010        0     1                 $t
20006011 20006011       10     1                 HAL_PWREx_GetVoltageRange
2000601c 2000601c        0     1                 $d
20006020 20006020        0     1                 $t
20006021 20006021       7c     1                 HAL_PWREx_ControlVoltageScaling
2000608c 2000608c        0     1                 $d
2000609c 2000609c        0     1                 $t
2000609d 2000609d       14     1                 HAL_PWREx_EnableLowPowerRunMode
200060ac 200060ac        0     1                 $d
200060b0 200060b0        0     1                 $t
200060b1 200060b1       68     1                 HAL_PWREx_DisableLowPowerRunMode
20006108 20006108        0     1                 $d
20006118 20006118        0     1                 $t
20006119 20006119       24     1                 HAL_PWREx_EnterSHUTDOWNMode
20006134 20006134        0     1                 $d
2000613c 2000613c        0     1                 $t
2000613d 2000613d       7c     1                 HAL_PWREx_PVD_PVM_IRQHandler
200061a8 200061a8        0     1                 $d
200061b8 200061b8        0     1                 $t
200061b9 200061b9        2     1                 HAL_PWREx_PVD_PVM_Rising_Callback
200061bb 200061bb        2     1                 HAL_PWREx_PVD_PVM_Falling_Callback
200061bc 200061bc        0     2         /home/santiago/Research/microfuzz/toolchains/arm/gcc/lib/gcc/arm-none-eabi/13.3.1/thumb/v6-m/nofp/crti.o:(.text)
200061bc 200061bc        0     2         /home/santiago/Research/microfuzz/toolchains/arm/gcc/lib/gcc/arm-none-eabi/13.3.1/thumb/v6-m/nofp/crtbegin.o:(.text)
200061bc 200061bc        0     2         /home/santiago/Research/microfuzz/toolchains/arm/gcc/lib/gcc/arm-none-eabi/13.3.1/thumb/v6-m/nofp/crtend.o:(.text)
200061c0 200061c0       20     8         /home/santiago/Research/microfuzz/toolchains/arm/llvm/bin/../lib/clang-runtimes/arm-none-eabi/armv6m_soft_nofp_exn_rtti/lib/libclang_rt.builtins.a(divsi3.S.obj):(.text)
200061c0 200061c0        0     1                 $t
200061c1 200061c1       20     1                 __aeabi_idiv
200061c1 200061c1       20     1                 __divsi3
200061e0 200061e0      1a2     4         /home/santiago/Research/microfuzz/toolchains/arm/llvm/bin/../lib/clang-runtimes/arm-none-eabi/armv6m_soft_nofp_exn_rtti/lib/libclang_rt.builtins.a(udivsi3.S.obj):(.text)
200061e0 200061e0        0     1                 $t
200061e1 200061e1      1a2     1                 __aeabi_uidiv
200061e1 200061e1      1a2     1                 __udivsi3
20006384 20006384        0     4         /home/santiago/Research/microfuzz/toolchains/arm/llvm/bin/../lib/clang-runtimes/arm-none-eabi/armv6m_soft_nofp_exn_rtti/lib/libclang_rt.builtins.a(adddf3.c.obj):(.text)
20006384 20006384        0     4         /home/santiago/Research/microfuzz/toolchains/arm/llvm/bin/../lib/clang-runtimes/arm-none-eabi/armv6m_soft_nofp_exn_rtti/lib/libclang_rt.builtins.a(ashldi3.c.obj):(.text)
20006384 20006384        0     4         /home/santiago/Research/microfuzz/toolchains/arm/llvm/bin/../lib/clang-runtimes/arm-none-eabi/armv6m_soft_nofp_exn_rtti/lib/libclang_rt.builtins.a(clzsi2.c.obj):(.text)
20006384 20006384        0     4         /home/santiago/Research/microfuzz/toolchains/arm/llvm/bin/../lib/clang-runtimes/arm-none-eabi/armv6m_soft_nofp_exn_rtti/lib/libclang_rt.builtins.a(comparedf2.c.obj):(.text)
20006384 20006384        0     4         /home/santiago/Research/microfuzz/toolchains/arm/llvm/bin/../lib/clang-runtimes/arm-none-eabi/armv6m_soft_nofp_exn_rtti/lib/libclang_rt.builtins.a(divdf3.c.obj):(.text)
20006384 20006384        0     4         /home/santiago/Research/microfuzz/toolchains/arm/llvm/bin/../lib/clang-runtimes/arm-none-eabi/armv6m_soft_nofp_exn_rtti/lib/libclang_rt.builtins.a(divsf3.c.obj):(.text)
20006384 20006384        0     4         /home/santiago/Research/microfuzz/toolchains/arm/llvm/bin/../lib/clang-runtimes/arm-none-eabi/armv6m_soft_nofp_exn_rtti/lib/libclang_rt.builtins.a(extendsfdf2.c.obj):(.text)
20006384 20006384        0     4         /home/santiago/Research/microfuzz/toolchains/arm/llvm/bin/../lib/clang-runtimes/arm-none-eabi/armv6m_soft_nofp_exn_rtti/lib/libclang_rt.builtins.a(fixdfsi.c.obj):(.text)
20006384 20006384        0     4         /home/santiago/Research/microfuzz/toolchains/arm/llvm/bin/../lib/clang-runtimes/arm-none-eabi/armv6m_soft_nofp_exn_rtti/lib/libclang_rt.builtins.a(fixsfsi.c.obj):(.text)
20006384 20006384        0     4         /home/santiago/Research/microfuzz/toolchains/arm/llvm/bin/../lib/clang-runtimes/arm-none-eabi/armv6m_soft_nofp_exn_rtti/lib/libclang_rt.builtins.a(floatsidf.c.obj):(.text)
20006384 20006384        0     4         /home/santiago/Research/microfuzz/toolchains/arm/llvm/bin/../lib/clang-runtimes/arm-none-eabi/armv6m_soft_nofp_exn_rtti/lib/libclang_rt.builtins.a(floatsisf.c.obj):(.text)
20006384 20006384        0     4         /home/santiago/Research/microfuzz/toolchains/arm/llvm/bin/../lib/clang-runtimes/arm-none-eabi/armv6m_soft_nofp_exn_rtti/lib/libclang_rt.builtins.a(fp_mode.c.obj):(.text)
20006384 20006384        0     4         /home/santiago/Research/microfuzz/toolchains/arm/llvm/bin/../lib/clang-runtimes/arm-none-eabi/armv6m_soft_nofp_exn_rtti/lib/libclang_rt.builtins.a(lshrdi3.c.obj):(.text)
20006384 20006384        0     4         /home/santiago/Research/microfuzz/toolchains/arm/llvm/bin/../lib/clang-runtimes/arm-none-eabi/armv6m_soft_nofp_exn_rtti/lib/libclang_rt.builtins.a(muldf3.c.obj):(.text)
20006384 20006384        0     4         /home/santiago/Research/microfuzz/toolchains/arm/llvm/bin/../lib/clang-runtimes/arm-none-eabi/armv6m_soft_nofp_exn_rtti/lib/libclang_rt.builtins.a(muldi3.c.obj):(.text)
20006384 20006384        0     4         /home/santiago/Research/microfuzz/toolchains/arm/llvm/bin/../lib/clang-runtimes/arm-none-eabi/armv6m_soft_nofp_exn_rtti/lib/libclang_rt.builtins.a(mulsf3.c.obj):(.text)
20006384 20006384        0     4         /home/santiago/Research/microfuzz/toolchains/arm/llvm/bin/../lib/clang-runtimes/arm-none-eabi/armv6m_soft_nofp_exn_rtti/lib/libclang_rt.builtins.a(subdf3.c.obj):(.text)
20006384 20006384        0     4         /home/santiago/Research/microfuzz/toolchains/arm/llvm/bin/../lib/clang-runtimes/arm-none-eabi/armv6m_soft_nofp_exn_rtti/lib/libclang_rt.builtins.a(truncdfsf2.c.obj):(.text)
20006384 20006384       62     4         /home/santiago/Research/microfuzz/toolchains/arm/llvm/bin/../lib/clang-runtimes/arm-none-eabi/armv6m_soft_nofp_exn_rtti/lib/libclang_rt.builtins.a(aeabi_dcmp.S.obj):(.text)
20006384 20006384        0     1                 $t
20006385 20006385       12     1                 __aeabi_dcmpeq
20006399 20006399       12     1                 __aeabi_dcmplt
200063ad 200063ad       12     1                 __aeabi_dcmple
200063c1 200063c1       12     1                 __aeabi_dcmpge
200063d5 200063d5       12     1                 __aeabi_dcmpgt
200063e8 200063e8        0     4         /home/santiago/Research/microfuzz/toolchains/arm/llvm/bin/../lib/clang-runtimes/arm-none-eabi/armv6m_soft_nofp_exn_rtti/lib/libclang_rt.builtins.a(aeabi_div0.c.obj):(.text)
200063e8 200063e8        e     4         /home/santiago/Research/microfuzz/toolchains/arm/llvm/bin/../lib/clang-runtimes/arm-none-eabi/armv6m_soft_nofp_exn_rtti/lib/libclang_rt.builtins.a(aeabi_idivmod.S.obj):(.text)
200063e8 200063e8        0     1                 $t
200063e9 200063e9        e     1                 __aeabi_idivmod
200063f8 200063f8       18     4         /home/santiago/Research/microfuzz/toolchains/arm/llvm/bin/../lib/clang-runtimes/arm-none-eabi/armv6m_soft_nofp_exn_rtti/lib/libclang_rt.builtins.a(aeabi_uidivmod.S.obj):(.text)
200063f8 200063f8        0     1                 $t
200063f9 200063f9       18     1                 __aeabi_uidivmod
20006410 20006410        c     4         /home/santiago/Research/microfuzz/toolchains/arm/gcc/arm-none-eabi/lib/thumb/v6-m/nofp/libc.a(libc_a-aeabi_memclr.o):(.text.__aeabi_memclr)
20006410 20006410        0     1                 $t
20006411 20006411        a     1                 __aeabi_memclr
20006411 20006411        a     1                 __aeabi_memclr8
20006411 20006411        a     1                 __aeabi_memclr4
2000641c 2000641c       10     4         /home/santiago/Research/microfuzz/toolchains/arm/gcc/arm-none-eabi/lib/thumb/v6-m/nofp/libc.a(libc_a-aeabi_memset.o):(.text.__aeabi_memset)
2000641c 2000641c        0     1                 $t
2000641d 2000641d        e     1                 __aeabi_memset
2000641d 2000641d        e     1                 __aeabi_memset8
2000641d 2000641d        e     1                 __aeabi_memset4
2000642c 2000642c       a8     4         /home/santiago/Research/microfuzz/toolchains/arm/gcc/arm-none-eabi/lib/thumb/v6-m/nofp/libc.a(libc_a-memset.o):(.text.memset)
2000642c 2000642c        0     1                 $t
2000642d 2000642d       a6     1                 memset
200064d4 200064d4       70     4         /home/santiago/Research/microfuzz/toolchains/arm/gcc/arm-none-eabi/lib/thumb/v6-m/nofp/libm.a(libm_a-w_exp.o):(.text.exp)
200064d4 200064d4        0     1                 $t
200064d5 200064d5       70     1                 exp
20006530 20006530        0     1                 $d
20006544 20006544      34c     4         /home/santiago/Research/microfuzz/toolchains/arm/gcc/arm-none-eabi/lib/thumb/v6-m/nofp/libm.a(libm_a-e_exp.o):(.text.__ieee754_exp)
20006544 20006544        0     1                 $t
20006545 20006545      34c     1                 __ieee754_exp
20006810 20006810        0     1                 $d
20006890 20006890       14     4         /home/santiago/Research/microfuzz/toolchains/arm/gcc/arm-none-eabi/lib/thumb/v6-m/nofp/libm.a(libm_a-math_err.o):(.text.with_errno)
20006890 20006890        0     1                 $t
20006891 20006891       14     1                 with_errno
200068a4 200068a4       2c     4         /home/santiago/Research/microfuzz/toolchains/arm/gcc/arm-none-eabi/lib/thumb/v6-m/nofp/libm.a(libm_a-math_err.o):(.text.xflow)
200068a4 200068a4        0     1                 $t
200068a5 200068a5       2c     1                 xflow
200068d0 200068d0       10     4         /home/santiago/Research/microfuzz/toolchains/arm/gcc/arm-none-eabi/lib/thumb/v6-m/nofp/libm.a(libm_a-math_err.o):(.text.__math_uflow)
200068d0 200068d0        0     1                 $t
200068d1 200068d1        e     1                 __math_uflow
200068e0 200068e0       10     4         /home/santiago/Research/microfuzz/toolchains/arm/gcc/arm-none-eabi/lib/thumb/v6-m/nofp/libm.a(libm_a-math_err.o):(.text.__math_may_uflow)
200068e0 200068e0        0     1                 $t
200068e1 200068e1       10     1                 __math_may_uflow
200068ec 200068ec        0     1                 $d
200068f0 200068f0       10     4         /home/santiago/Research/microfuzz/toolchains/arm/gcc/arm-none-eabi/lib/thumb/v6-m/nofp/libm.a(libm_a-math_err.o):(.text.__math_oflow)
200068f0 200068f0        0     1                 $t
200068f1 200068f1        e     1                 __math_oflow
20006900 20006900       34     4         /home/santiago/Research/microfuzz/toolchains/arm/gcc/arm-none-eabi/lib/thumb/v6-m/nofp/libm.a(libm_a-math_err.o):(.text.__math_divzero)
20006900 20006900        0     1                 $t
20006901 20006901       34     1                 __math_divzero
2000692c 2000692c        0     1                 $d
20006934 20006934       40     4         /home/santiago/Research/microfuzz/toolchains/arm/gcc/arm-none-eabi/lib/thumb/v6-m/nofp/libm.a(libm_a-math_err.o):(.text.__math_invalid)
20006934 20006934        0     1                 $t
20006935 20006935       3e     1                 __math_invalid
20006974 20006974       28     4         /home/santiago/Research/microfuzz/toolchains/arm/gcc/arm-none-eabi/lib/thumb/v6-m/nofp/libm.a(libm_a-math_err.o):(.text.__math_check_uflow)
20006974 20006974        0     1                 $t
20006975 20006975       28     1                 __math_check_uflow
2000699c 2000699c       48     4         /home/santiago/Research/microfuzz/toolchains/arm/gcc/arm-none-eabi/lib/thumb/v6-m/nofp/libm.a(libm_a-math_err.o):(.text.__math_check_oflow)
2000699c 2000699c        0     1                 $t
2000699d 2000699d       48     1                 __math_check_oflow
200069e0 200069e0        0     1                 $d
200069e4 200069e4        c     4         /home/santiago/Research/microfuzz/toolchains/arm/gcc/arm-none-eabi/lib/thumb/v6-m/nofp/libc.a(libc_a-errno.o):(.text.__errno)
200069e4 200069e4        0     1                 $t
200069e5 200069e5        c     1                 __errno
200069ec 200069ec        0     1                 $d
200069f0 200069f0       1c     4         /home/santiago/Research/microfuzz/toolchains/arm/gcc/arm-none-eabi/lib/thumb/v6-m/nofp/libc.a(libc_a-findfp.o):(.text.stdio_exit_handler)
200069f0 200069f0        0     1                 $t
200069f1 200069f1       1c     1                 stdio_exit_handler
20006a00 20006a00        0     1                 $d
20006a0c 20006a0c       3c     4         /home/santiago/Research/microfuzz/toolchains/arm/gcc/arm-none-eabi/lib/thumb/v6-m/nofp/libc.a(libc_a-findfp.o):(.text.cleanup_stdio)
20006a0c 20006a0c        0     1                 $t
20006a0d 20006a0d       3c     1                 cleanup_stdio
20006a3c 20006a3c        0     1                 $d
20006a48 20006a48       1c     4         /home/santiago/Research/microfuzz/toolchains/arm/gcc/arm-none-eabi/lib/thumb/v6-m/nofp/libc.a(libc_a-findfp.o):(.text.__fp_lock)
20006a48 20006a48        0     1                 $t
20006a49 20006a49       1a     1                 __fp_lock
20006a64 20006a64       1c     4         /home/santiago/Research/microfuzz/toolchains/arm/gcc/arm-none-eabi/lib/thumb/v6-m/nofp/libc.a(libc_a-findfp.o):(.text.__fp_unlock)
20006a64 20006a64        0     1                 $t
20006a65 20006a65       1a     1                 __fp_unlock
20006a80 20006a80      118     4         /home/santiago/Research/microfuzz/toolchains/arm/gcc/arm-none-eabi/lib/thumb/v6-m/nofp/libc.a(libc_a-findfp.o):(.text.global_stdio_init.part.0)
20006a80 20006a80        0     1                 $t
20006a81 20006a81      118     1                 global_stdio_init.part.0
20006b74 20006b74        0     1                 $d
20006b98 20006b98       c8     4         /home/santiago/Research/microfuzz/toolchains/arm/gcc/arm-none-eabi/lib/thumb/v6-m/nofp/libc.a(libc_a-findfp.o):(.text.__sfp)
20006b98 20006b98        0     1                 $t
20006b99 20006b99       c8     1                 __sfp
20006c50 20006c50        0     1                 $d
20006c60 20006c60       38     4         /home/santiago/Research/microfuzz/toolchains/arm/gcc/arm-none-eabi/lib/thumb/v6-m/nofp/libc.a(libc_a-findfp.o):(.text.__sinit)
20006c60 20006c60        0     1                 $t
20006c61 20006c61       38     1                 __sinit
20006c8c 20006c8c        0     1                 $d
20006c98 20006c98       10     4         /home/santiago/Research/microfuzz/toolchains/arm/gcc/arm-none-eabi/lib/thumb/v6-m/nofp/libc.a(libc_a-findfp.o):(.text.__sfp_lock_acquire)
20006c98 20006c98        0     1                 $t
20006c99 20006c99       10     1                 __sfp_lock_acquire
20006ca4 20006ca4        0     1                 $d
20006ca8 20006ca8       10     4         /home/santiago/Research/microfuzz/toolchains/arm/gcc/arm-none-eabi/lib/thumb/v6-m/nofp/libc.a(libc_a-findfp.o):(.text.__sfp_lock_release)
20006ca8 20006ca8        0     1                 $t
20006ca9 20006ca9       10     1                 __sfp_lock_release
20006cb4 20006cb4        0     1                 $d
20006cb8 20006cb8       20     4         /home/santiago/Research/microfuzz/toolchains/arm/gcc/arm-none-eabi/lib/thumb/v6-m/nofp/libc.a(libc_a-findfp.o):(.text.__fp_lock_all)
20006cb8 20006cb8        0     1                 $t
20006cb9 20006cb9       20     1                 __fp_lock_all
20006ccc 20006ccc        0     1                 $d
20006cd8 20006cd8       20     4         /home/santiago/Research/microfuzz/toolchains/arm/gcc/arm-none-eabi/lib/thumb/v6-m/nofp/libc.a(libc_a-findfp.o):(.text.__fp_unlock_all)
20006cd8 20006cd8        0     1                 $t
20006cd9 20006cd9       20     1                 __fp_unlock_all
20006cec 20006cec        0     1                 $d
20006cf8 20006cf8       44     4         /home/santiago/Research/microfuzz/toolchains/arm/gcc/arm-none-eabi/lib/thumb/v6-m/nofp/libc.a(libc_a-fwalk.o):(.text._fwalk_sglue)
20006cf8 20006cf8        0     1                 $t
20006cf9 20006cf9       44     1                 _fwalk_sglue
20006d3c 20006d3c       d0     4         /home/santiago/Research/microfuzz/toolchains/arm/gcc/arm-none-eabi/lib/thumb/v6-m/nofp/libc.a(libc_a-fclose.o):(.text._fclose_r)
20006d3c 20006d3c        0     1                 $t
20006d3d 20006d3d       ce     1                 _fclose_r
20006e0c 20006e0c       14     4         /home/santiago/Research/microfuzz/toolchains/arm/gcc/arm-none-eabi/lib/thumb/v6-m/nofp/libc.a(libc_a-fclose.o):(.text.fclose)
20006e0c 20006e0c        0     1                 $t
20006e0d 20006e0d       14     1                 fclose
20006e1c 20006e1c        0     1                 $d
20006e20 20006e20      148     4         /home/santiago/Research/microfuzz/toolchains/arm/gcc/arm-none-eabi/lib/thumb/v6-m/nofp/libc.a(libc_a-fflush.o):(.text.__sflush_r)
20006e20 20006e20        0     1                 $t
20006e21 20006e21      148     1                 __sflush_r
20006f60 20006f60        0     1                 $d
20006f68 20006f68       68     4         /home/santiago/Research/microfuzz/toolchains/arm/gcc/arm-none-eabi/lib/thumb/v6-m/nofp/libc.a(libc_a-fflush.o):(.text._fflush_r)
20006f68 20006f68        0     1                 $t
20006f69 20006f69       66     1                 _fflush_r
20006fd0 20006fd0       7c     4         /home/santiago/Research/microfuzz/toolchains/arm/gcc/arm-none-eabi/lib/thumb/v6-m/nofp/libc.a(libc_a-fflush.o):(.text.fflush)
20006fd0 20006fd0        0     1                 $t
20006fd1 20006fd1       7c     1                 fflush
2000703c 2000703c        0     1                 $d
2000704c 2000704c       b4     4         /home/santiago/Research/microfuzz/toolchains/arm/gcc/arm-none-eabi/lib/thumb/v6-m/nofp/libc.a(libc_a-freer.o):(.text._malloc_trim_r)
2000704c 2000704c        0     1                 $t
2000704d 2000704d       b4     1                 _malloc_trim_r
200070f4 200070f4        0     1                 $d
20007100 20007100      1d4     4         /home/santiago/Research/microfuzz/toolchains/arm/gcc/arm-none-eabi/lib/thumb/v6-m/nofp/libc.a(libc_a-freer.o):(.text._free_r)
20007100 20007100        0     1                 $t
20007101 20007101      1d4     1                 _free_r
200072c0 200072c0        0     1                 $d
200072d4 200072d4       1c     4         /home/santiago/Research/microfuzz/toolchains/arm/gcc/arm-none-eabi/lib/thumb/v6-m/nofp/libc.a(libc_a-sysconf.o):(.text.sysconf)
200072d4 200072d4        0     1                 $t
200072d5 200072d5       1a     1                 sysconf
200072f0 200072f0       10     4         /home/santiago/Research/microfuzz/toolchains/arm/gcc/arm-none-eabi/lib/thumb/v6-m/nofp/libc.a(libc_a-mlock.o):(.text.__malloc_lock)
200072f0 200072f0        0     1                 $t
200072f1 200072f1       10     1                 __malloc_lock
200072fc 200072fc        0     1                 $d
20007300 20007300       10     4         /home/santiago/Research/microfuzz/toolchains/arm/gcc/arm-none-eabi/lib/thumb/v6-m/nofp/libc.a(libc_a-mlock.o):(.text.__malloc_unlock)
20007300 20007300        0     1                 $t
20007301 20007301       10     1                 __malloc_unlock
2000730c 2000730c        0     1                 $d
20007310 20007310        4     4         /home/santiago/Research/microfuzz/toolchains/arm/gcc/arm-none-eabi/lib/thumb/v6-m/nofp/libc.a(libc_a-lock.o):(.text.__retarget_lock_init)
20007310 20007310        0     1                 $t
20007311 20007311        2     1                 __retarget_lock_init
20007314 20007314        4     4         /home/santiago/Research/microfuzz/toolchains/arm/gcc/arm-none-eabi/lib/thumb/v6-m/nofp/libc.a(libc_a-lock.o):(.text.__retarget_lock_init_recursive)
20007314 20007314        0     1                 $t
20007315 20007315        2     1                 __retarget_lock_init_recursive
20007318 20007318        4     4         /home/santiago/Research/microfuzz/toolchains/arm/gcc/arm-none-eabi/lib/thumb/v6-m/nofp/libc.a(libc_a-lock.o):(.text.__retarget_lock_close)
20007318 20007318        0     1                 $t
20007319 20007319        2     1                 __retarget_lock_close
2000731c 2000731c        4     4         /home/santiago/Research/microfuzz/toolchains/arm/gcc/arm-none-eabi/lib/thumb/v6-m/nofp/libc.a(libc_a-lock.o):(.text.__retarget_lock_close_recursive)
2000731c 2000731c        0     1                 $t
2000731d 2000731d        2     1                 __retarget_lock_close_recursive
20007320 20007320        4     4         /home/santiago/Research/microfuzz/toolchains/arm/gcc/arm-none-eabi/lib/thumb/v6-m/nofp/libc.a(libc_a-lock.o):(.text.__retarget_lock_acquire)
20007320 20007320        0     1                 $t
20007321 20007321        2     1                 __retarget_lock_acquire
20007324 20007324        4     4         /home/santiago/Research/microfuzz/toolchains/arm/gcc/arm-none-eabi/lib/thumb/v6-m/nofp/libc.a(libc_a-lock.o):(.text.__retarget_lock_acquire_recursive)
20007324 20007324        0     1                 $t
20007325 20007325        2     1                 __retarget_lock_acquire_recursive
20007328 20007328        4     4         /home/santiago/Research/microfuzz/toolchains/arm/gcc/arm-none-eabi/lib/thumb/v6-m/nofp/libc.a(libc_a-lock.o):(.text.__retarget_lock_try_acquire)
20007328 20007328        0     1                 $t
20007329 20007329        4     1                 __retarget_lock_try_acquire
2000732c 2000732c        4     4         /home/santiago/Research/microfuzz/toolchains/arm/gcc/arm-none-eabi/lib/thumb/v6-m/nofp/libc.a(libc_a-lock.o):(.text.__retarget_lock_try_acquire_recursive)
2000732c 2000732c        0     1                 $t
2000732d 2000732d        4     1                 __retarget_lock_try_acquire_recursive
20007330 20007330        4     4         /home/santiago/Research/microfuzz/toolchains/arm/gcc/arm-none-eabi/lib/thumb/v6-m/nofp/libc.a(libc_a-lock.o):(.text.__retarget_lock_release)
20007330 20007330        0     1                 $t
20007331 20007331        2     1                 __retarget_lock_release
20007334 20007334        4     4         /home/santiago/Research/microfuzz/toolchains/arm/gcc/arm-none-eabi/lib/thumb/v6-m/nofp/libc.a(libc_a-lock.o):(.text.__retarget_lock_release_recursive)
20007334 20007334        0     1                 $t
20007335 20007335        2     1                 __retarget_lock_release_recursive
20007338 20007338       24     4         /home/santiago/Research/microfuzz/toolchains/arm/gcc/arm-none-eabi/lib/thumb/v6-m/nofp/libc.a(libc_a-sbrkr.o):(.text._sbrk_r)
20007338 20007338        0     1                 $t
20007339 20007339       24     1                 _sbrk_r
20007358 20007358        0     1                 $d
2000735c 2000735c       1c     4         /home/santiago/Research/microfuzz/toolchains/arm/gcc/arm-none-eabi/lib/thumb/v6-m/nofp/libnosys.a(sbrk.o):(.text._sbrk)
2000735c 2000735c        0     1                 $t
2000735d 2000735d       1c     1                 _sbrk
20007370 20007370        0     1                 $d
20007378 20007378       74     4         /home/santiago/Research/microfuzz/toolchains/arm/gcc/arm-none-eabi/lib/thumb/v6-m/nofp/libc.a(libc_a-reent.o):(.text._reclaim_reent)
20007378 20007378        0     1                 $t
20007379 20007379       74     1                 _reclaim_reent
200073e8 200073e8        0     1                 $d
200073ec 200073ec      5c4     4         /home/santiago/Research/microfuzz/toolchains/arm/gcc/arm-none-eabi/lib/thumb/v6-m/nofp/libc.a(libc_a-mallocr.o):(.text._malloc_r)
200073ec 200073ec        0     1                 $t
200073ed 200073ed      5c4     1                 _malloc_r
20007734 20007734        0     1                 $d
2000774c 2000774c        0     1                 $t
200079a8 200079a8        0     1                 $d
200079b0 200079b0       28     4         /home/santiago/Research/microfuzz/toolchains/arm/gcc/arm-none-eabi/lib/thumb/v6-m/nofp/libc.a(libc_a-stdio.o):(.text.__sread)
200079b0 200079b0        0     1                 $t
200079b1 200079b1       28     1                 __sread
200079d4 200079d4        0     1                 $d
200079d8 200079d8        4     4         /home/santiago/Research/microfuzz/toolchains/arm/gcc/arm-none-eabi/lib/thumb/v6-m/nofp/libc.a(libc_a-stdio.o):(.text.__seofread)
200079d8 200079d8        0     1                 $t
200079d9 200079d9        4     1                 __seofread
200079dc 200079dc       40     4         /home/santiago/Research/microfuzz/toolchains/arm/gcc/arm-none-eabi/lib/thumb/v6-m/nofp/libc.a(libc_a-stdio.o):(.text.__swrite)
200079dc 200079dc        0     1                 $t
200079dd 200079dd       40     1                 __swrite
20007a18 20007a18        0     1                 $d
20007a1c 20007a1c       30     4         /home/santiago/Research/microfuzz/toolchains/arm/gcc/arm-none-eabi/lib/thumb/v6-m/nofp/libc.a(libc_a-stdio.o):(.text.__sseek)
20007a1c 20007a1c        0     1                 $t
20007a1d 20007a1d       30     1                 __sseek
20007a48 20007a48        0     1                 $d
20007a4c 20007a4c        c     4         /home/santiago/Research/microfuzz/toolchains/arm/gcc/arm-none-eabi/lib/thumb/v6-m/nofp/libc.a(libc_a-stdio.o):(.text.__sclose)
20007a4c 20007a4c        0     1                 $t
20007a4d 20007a4d        c     1                 __sclose
20007a58 20007a58       28     4         /home/santiago/Research/microfuzz/toolchains/arm/gcc/arm-none-eabi/lib/thumb/v6-m/nofp/libc.a(libc_a-readr.o):(.text._read_r)
20007a58 20007a58        0     1                 $t
20007a59 20007a59       28     1                 _read_r
20007a7c 20007a7c        0     1                 $d
20007a80 20007a80       10     4         /home/santiago/Research/microfuzz/toolchains/arm/gcc/arm-none-eabi/lib/thumb/v6-m/nofp/libnosys.a(read.o):(.text._read)
20007a80 20007a80        0     1                 $t
20007a81 20007a81       10     1                 _read
20007a8c 20007a8c        0     1                 $d
20007a90 20007a90       28     4         /home/santiago/Research/microfuzz/toolchains/arm/gcc/arm-none-eabi/lib/thumb/v6-m/nofp/libc.a(libc_a-writer.o):(.text._write_r)
20007a90 20007a90        0     1                 $t
20007a91 20007a91       28     1                 _write_r
20007ab4 20007ab4        0     1                 $d
20007ab8 20007ab8       10     4         /home/santiago/Research/microfuzz/toolchains/arm/gcc/arm-none-eabi/lib/thumb/v6-m/nofp/libnosys.a(write.o):(.text._write)
20007ab8 20007ab8        0     1                 $t
20007ab9 20007ab9       10     1                 _write
20007ac4 20007ac4        0     1                 $d
20007ac8 20007ac8       28     4         /home/santiago/Research/microfuzz/toolchains/arm/gcc/arm-none-eabi/lib/thumb/v6-m/nofp/libc.a(libc_a-lseekr.o):(.text._lseek_r)
20007ac8 20007ac8        0     1                 $t
20007ac9 20007ac9       28     1                 _lseek_r
20007aec 20007aec        0     1                 $d
20007af0 20007af0       10     4         /home/santiago/Research/microfuzz/toolchains/arm/gcc/arm-none-eabi/lib/thumb/v6-m/nofp/libnosys.a(lseek.o):(.text._lseek)
20007af0 20007af0        0     1                 $t
20007af1 20007af1       10     1                 _lseek
20007afc 20007afc        0     1                 $d
20007b00 20007b00       24     4         /home/santiago/Research/microfuzz/toolchains/arm/gcc/arm-none-eabi/lib/thumb/v6-m/nofp/libc.a(libc_a-closer.o):(.text._close_r)
20007b00 20007b00        0     1                 $t
20007b01 20007b01       24     1                 _close_r
20007b20 20007b20        0     1                 $d
20007b24 20007b24       10     4         /home/santiago/Research/microfuzz/toolchains/arm/gcc/arm-none-eabi/lib/thumb/v6-m/nofp/libnosys.a(close.o):(.text._close)
20007b24 20007b24        0     1                 $t
20007b25 20007b25       10     1                 _close
20007b30 20007b30        0     1                 $d
20007b34 20007b34       14     4         /home/santiago/Research/microfuzz/toolchains/arm/gcc/arm-none-eabi/lib/thumb/v6-m/nofp/libc.a(libm_a-s_finite.o):(.text.finite)
20007b34 20007b34        0     1                 $t
20007b35 20007b35       14     1                 finite
20007b44 20007b44        0     1                 $d
20007b48 20007b48        8     4         /home/santiago/Research/microfuzz/toolchains/arm/gcc/arm-none-eabi/lib/thumb/v6-m/nofp/libc.a(libc_a-aeabi_memcpy.o):(.text.__aeabi_memcpy)
20007b48 20007b48        0     1                 $t
20007b49 20007b49        8     1                 __aeabi_memcpy
20007b49 20007b49        8     1                 __aeabi_memcpy8
20007b49 20007b49        8     1                 __aeabi_memcpy4
20007b50 20007b50       8c     4         /home/santiago/Research/microfuzz/toolchains/arm/gcc/arm-none-eabi/lib/thumb/v6-m/nofp/libc.a(libc_a-memcpy-stub.o):(.text.memcpy)
20007b50 20007b50        0     1                 $t
20007b51 20007b51       8c     1                 memcpy
20007bdc 20007bdc       14     4         /home/santiago/Research/microfuzz/toolchains/arm/gcc/arm-none-eabi/lib/thumb/v6-m/nofp/libc.a(libc_a-rand.o):(.text.srand)
20007bdc 20007bdc        0     1                 $t
20007bdd 20007bdd       14     1                 srand
20007bec 20007bec        0     1                 $d
20007bf0 20007bf0       34     4         /home/santiago/Research/microfuzz/toolchains/arm/gcc/arm-none-eabi/lib/thumb/v6-m/nofp/libc.a(libc_a-rand.o):(.text.rand)
20007bf0 20007bf0        0     1                 $t
20007bf1 20007bf1       34     1                 rand
20007c18 20007c18        0     1                 $d
20007c24 20007c24       18     4         /home/santiago/Research/microfuzz/toolchains/arm/gcc/arm-none-eabi/lib/thumb/v6-m/nofp/libc.a(libc_a-calloc.o):(.text.calloc)
20007c24 20007c24        0     1                 $t
20007c25 20007c25       18     1                 calloc
20007c38 20007c38        0     1                 $d
20007c3c 20007c3c       a8     4         /home/santiago/Research/microfuzz/toolchains/arm/gcc/arm-none-eabi/lib/thumb/v6-m/nofp/libc.a(libc_a-callocr.o):(.text._calloc_r)
20007c3c 20007c3c        0     1                 $t
20007c3d 20007c3d       a6     1                 _calloc_r
20007ce4 20007ce4       20     4         /home/santiago/Research/microfuzz/toolchains/arm/gcc/arm-none-eabi/lib/thumb/v6-m/nofp/libc.a(libc_a-exit.o):(.text.exit)
20007ce4 20007ce4        0     1                 $t
20007d00 20007d00        0     1                 $d
20007d04 20007d04       18     4         /home/santiago/Research/microfuzz/toolchains/arm/gcc/arm-none-eabi/lib/thumb/v6-m/nofp/libc.a(libc_a-__call_atexit.o):(.text.startup.register_fini)
20007d04 20007d04        0     1                 $t
20007d05 20007d05       18     1                 register_fini
20007d14 20007d14        0     1                 $d
20007d1c 20007d1c       e8     4         /home/santiago/Research/microfuzz/toolchains/arm/gcc/arm-none-eabi/lib/thumb/v6-m/nofp/libc.a(libc_a-__call_atexit.o):(.text.__call_exitprocs)
20007d1c 20007d1c        0     1                 $t
20007d1d 20007d1d       e8     1                 __call_exitprocs
20007dfc 20007dfc        0     1                 $d
20007e04 20007e04       10     4         /home/santiago/Research/microfuzz/toolchains/arm/gcc/arm-none-eabi/lib/thumb/v6-m/nofp/libc.a(libc_a-atexit.o):(.text.atexit)
20007e04 20007e04        0     1                 $t
20007e05 20007e05       10     1                 atexit
20007e14 20007e14       a8     4         /home/santiago/Research/microfuzz/toolchains/arm/gcc/arm-none-eabi/lib/thumb/v6-m/nofp/libc.a(libc_a-__atexit.o):(.text.__register_exitproc)
20007e14 20007e14        0     1                 $t
20007e15 20007e15       a8     1                 __register_exitproc
20007eb0 20007eb0        0     1                 $d
20007ebc 20007ebc       28     4         /home/santiago/Research/microfuzz/toolchains/arm/gcc/arm-none-eabi/lib/thumb/v6-m/nofp/libc.a(libc_a-fini.o):(.text.__libc_fini_array)
20007ebc 20007ebc        0     1                 $t
20007ebd 20007ebd       28     1                 __libc_fini_array
[...]
2000b48c 2000b48c        1     1                 __lock___sfp_recursive_mutex
2000b490 2000b490        4     4         /home/santiago/Research/microfuzz/toolchains/arm/gcc/arm-none-eabi/lib/thumb/v6-m/nofp/libnosys.a(sbrk.o):(.bss.heap_end.0)
2000b490 2000b490        4     1                 heap_end.0
2000b490 2000b490        0     1                 $d
2000b494 2000b494        4     4         /home/santiago/Research/microfuzz/toolchains/arm/gcc/arm-none-eabi/lib/thumb/v6-m/nofp/libc.a(libc_a-reent.o):(.bss.errno)
2000b494 2000b494        0     1                 $d
2000b494 2000b494        4     1                 errno
2000b498 2000b498       28     4         /home/santiago/Research/microfuzz/toolchains/arm/gcc/arm-none-eabi/lib/thumb/v6-m/nofp/libc.a(libc_a-mallocr.o):(.bss.__malloc_current_mallinfo)
2000b498 2000b498        0     1                 $d
2000b498 2000b498       28     1                 __malloc_current_mallinfo
2000b4c0 2000b4c0        4     4         /home/santiago/Research/microfuzz/toolchains/arm/gcc/arm-none-eabi/lib/thumb/v6-m/nofp/libc.a(libc_a-mallocr.o):(.bss.__malloc_max_total_mem)
2000b4c0 2000b4c0        0     1                 $d
2000b4c0 2000b4c0        4     1                 __malloc_max_total_mem
2000b4c4 2000b4c4        4     4         /home/santiago/Research/microfuzz/toolchains/arm/gcc/arm-none-eabi/lib/thumb/v6-m/nofp/libc.a(libc_a-mallocr.o):(.bss.__malloc_max_sbrked_mem)
2000b4c4 2000b4c4        0     1                 $d
2000b4c4 2000b4c4        4     1                 __malloc_max_sbrked_mem
2000b4c8 2000b4c8        4     4         /home/santiago/Research/microfuzz/toolchains/arm/gcc/arm-none-eabi/lib/thumb/v6-m/nofp/libc.a(libc_a-mallocr.o):(.bss.__malloc_top_pad)
2000b4c8 2000b4c8        0     1                 $d
2000b4c8 2000b4c8        4     1                 __malloc_top_pad
2000b4cc 2000b4cc        4     4         /home/santiago/Research/microfuzz/toolchains/arm/gcc/arm-none-eabi/lib/thumb/v6-m/nofp/libc.a(libc_a-__call_atexit.o):(.bss.__atexit)
2000b4cc 2000b4cc        0     1                 $d
2000b4cc 2000b4cc        4     1                 __atexit
2000b4d0 2000b4d0      190     4         /home/santiago/Research/microfuzz/toolchains/arm/gcc/arm-none-eabi/lib/thumb/v6-m/nofp/libc.a(libc_a-__atexit.o):(.bss.__atexit0)
2000b4d0 2000b4d0        0     1                 $d
2000b4d0 2000b4d0      190     1                 __atexit0
2000b660 2000b660        1     1         /home/santiago/Research/microfuzz/toolchains/arm/gcc/lib/gcc/arm-none-eabi/13.3.1/thumb/v6-m/nofp/crtbegin.o:(.bss.completed.1)
2000b660 2000b660        0     1                 completed.1
2000b660 2000b660        0     1                 $d
2000b664 2000b664       18     4         /home/santiago/Research/microfuzz/toolchains/arm/gcc/lib/gcc/arm-none-eabi/13.3.1/thumb/v6-m/nofp/crtbegin.o:(.bss.object.0)
2000b664 2000b664        0     1                 object.0
2000b664 2000b664        0     1                 $d
2000b67c 2000b67c        0     1         . = ALIGN ( 4 )
2000b67c 2000b67c        0     1         _ebss = .
2000b67c 2000b67c        0     1         __bss_end__ = _ebss
2000b67c 2000b67c        0     1 __heap_start = .
2000b67c 2000b67c     60e4     1 ._user_heap_stack
2000b67c 2000b67c        4     1         . = ALIGN ( 8 )
2000b680 2000b680        0     1         PROVIDE ( end = . )
2000b680 2000b680     2048     1         . = . + _Min_Heap_Size
2000d6c8 2000d6c8     4096     1         . = . + _Min_Stack_Size
2001175e 2001175e        0     1         __heap_end = .
2001175e 2001175e        2     1         . = ALIGN ( 8 )
       0        0       29     1 .ARM.attributes
       0        0       29     1         /tmp/coverage-91c06e.o:(.ARM.attributes)
       0        0     3996     1 .debug_info
       0        0       a3     1         /tmp/coverage-91c06e.o:(.debug_info)
      a3       a3      1e6     1         /tmp/system_stm32g0xx-99d4fd.o:(.debug_info)
     289      289      1a4     1         /tmp/main-597a70.o:(.debug_info)
     42d      42d       77     1         /tmp/harness-4eef93.o:(.debug_info)
     4a4      4a4      3e8     1         /tmp/susan_corner-4cc4db.o:(.debug_info)
     88c      88c       50     1         /tmp/stm32g0xx_hal_msp_template-66c262.o:(.debug_info)
     8dc      8dc       2f     1         /tmp/trace-pc-guard-cb-10be4a.o:(.debug_info)
     90b      90b      70d     1         /tmp/stm32g0xx_hal-ba324a.o:(.debug_info)
    1018     1018      78f     1         /tmp/stm32g0xx_hal_rcc-288081.o:(.debug_info)
    17a7     17a7      5f2     1         /tmp/stm32g0xx_hal_cortex-3cd00a.o:(.debug_info)
    1d99     1d99      462     1         /tmp/fuzz-b60797.o:(.debug_info)
    21fb     21fb      1c0     1         /tmp/time_bare-9a748b.o:(.debug_info)
    23bb     23bb      15e     1         /tmp/startup_stm32g0b1xx-e3515a.o:(.debug_info)
    2519     2519      701     1         /tmp/stm32g0xx_hal_rcc_ex-b7247a.o:(.debug_info)
    2c1a     2c1a      3fd     1         /tmp/stm32g0xx_hal_gpio-5b73b7.o:(.debug_info)
    3017     3017      3ac     1         /tmp/stm32g0xx_hal_pwr-d6eed7.o:(.debug_info)
    33c3     33c3      5d3     1         /tmp/stm32g0xx_hal_pwr_ex-561ca9.o:(.debug_info)
       0        0     1005     1 .debug_abbrev
       0        0       21     1         /tmp/coverage-91c06e.o:(.debug_abbrev)
      21       21       d1     1         /tmp/system_stm32g0xx-99d4fd.o:(.debug_abbrev)
      f2       f2       c9     1         /tmp/main-597a70.o:(.debug_abbrev)
     1bb      1bb       71     1         /tmp/harness-4eef93.o:(.debug_abbrev)
     22c      22c      103     1         /tmp/susan_corner-4cc4db.o:(.debug_abbrev)
     32f      32f       2d     1         /tmp/stm32g0xx_hal_msp_template-66c262.o:(.debug_abbrev)
     35c      35c       2b     1         /tmp/trace-pc-guard-cb-10be4a.o:(.debug_abbrev)
     387      387      199     1         /tmp/stm32g0xx_hal-ba324a.o:(.debug_abbrev)
     520      520      16f     1         /tmp/stm32g0xx_hal_rcc-288081.o:(.debug_abbrev)
     68f      68f      1b9     1         /tmp/stm32g0xx_hal_cortex-3cd00a.o:(.debug_abbrev)
     848      848      18e     1         /tmp/fuzz-b60797.o:(.debug_abbrev)
     9d6      9d6      11f     1         /tmp/time_bare-9a748b.o:(.debug_abbrev)
     af5      af5       1f     1         /tmp/startup_stm32g0b1xx-e3515a.o:(.debug_abbrev)
     b14      b14      14d     1         /tmp/stm32g0xx_hal_rcc_ex-b7247a.o:(.debug_abbrev)
     c61      c61      12d     1         /tmp/stm32g0xx_hal_gpio-5b73b7.o:(.debug_abbrev)
     d8e      d8e       eb     1         /tmp/stm32g0xx_hal_pwr-d6eed7.o:(.debug_abbrev)
     e79      e79      18c     1         /tmp/stm32g0xx_hal_pwr_ex-561ca9.o:(.debug_abbrev)
       0        0       48     1 .debug_aranges
       0        0       20     1         /tmp/coverage-91c06e.o:(.debug_aranges)
      20       20       28     1         /tmp/startup_stm32g0b1xx-e3515a.o:(.debug_aranges)
       0        0     5f32     1 .debug_line
       0        0       69     1         /tmp/coverage-91c06e.o:(.debug_line)
      69       69      1af     1         /tmp/system_stm32g0xx-99d4fd.o:(.debug_line)
     218      218      148     1         /tmp/main-597a70.o:(.debug_line)
     360      360       b9     1         /tmp/harness-4eef93.o:(.debug_line)
     419      419     10cb     1         /tmp/susan_corner-4cc4db.o:(.debug_line)
    14e4     14e4       7a     1         /tmp/stm32g0xx_hal_msp_template-66c262.o:(.debug_line)
    155e     155e       6c     1         /tmp/trace-pc-guard-cb-10be4a.o:(.debug_line)
    15ca     15ca      42a     1         /tmp/stm32g0xx_hal-ba324a.o:(.debug_line)
    19f4     19f4      fd5     1         /tmp/stm32g0xx_hal_rcc-288081.o:(.debug_line)
    29c9     29c9      4a0     1         /tmp/stm32g0xx_hal_cortex-3cd00a.o:(.debug_line)
    2e69     2e69      ceb     1         /tmp/fuzz-b60797.o:(.debug_line)
    3b54     3b54      161     1         /tmp/time_bare-9a748b.o:(.debug_line)
    3cb5     3cb5       7d     1         /tmp/startup_stm32g0b1xx-e3515a.o:(.debug_line)
    3d32     3d32     13f9     1         /tmp/stm32g0xx_hal_rcc_ex-b7247a.o:(.debug_line)
    512b     512b      647     1         /tmp/stm32g0xx_hal_gpio-5b73b7.o:(.debug_line)
    5772     5772      1f6     1         /tmp/stm32g0xx_hal_pwr-d6eed7.o:(.debug_line)
    5968     5968      5ca     1         /tmp/stm32g0xx_hal_pwr_ex-561ca9.o:(.debug_line)
       0        0      74e     1 .debug_line_str
       0        0      74e     1         <internal>:(.debug_line_str)
       0        0     1348     1 .debug_str_offsets
       0        0       b8     1         /tmp/system_stm32g0xx-99d4fd.o:(.debug_str_offsets)
      b8       b8       b0     1         /tmp/main-597a70.o:(.debug_str_offsets)
     168      168       38     1         /tmp/harness-4eef93.o:(.debug_str_offsets)
     1a0      1a0       f4     1         /tmp/susan_corner-4cc4db.o:(.debug_str_offsets)
     294      294       24     1         /tmp/stm32g0xx_hal_msp_template-66c262.o:(.debug_str_offsets)
     2b8      2b8       18     1         /tmp/trace-pc-guard-cb-10be4a.o:(.debug_str_offsets)
     2d0      2d0      2b0     1         /tmp/stm32g0xx_hal-ba324a.o:(.debug_str_offsets)
     580      580      2a0     1         /tmp/stm32g0xx_hal_rcc-288081.o:(.debug_str_offsets)
     820      820      214     1         /tmp/stm32g0xx_hal_cortex-3cd00a.o:(.debug_str_offsets)
     a34      a34      1a8     1         /tmp/fuzz-b60797.o:(.debug_str_offsets)
     bdc      bdc       b4     1         /tmp/time_bare-9a748b.o:(.debug_str_offsets)
     c90      c90      26c     1         /tmp/stm32g0xx_hal_rcc_ex-b7247a.o:(.debug_str_offsets)
     efc      efc      130     1         /tmp/stm32g0xx_hal_gpio-5b73b7.o:(.debug_str_offsets)
    102c     102c      160     1         /tmp/stm32g0xx_hal_pwr-d6eed7.o:(.debug_str_offsets)
    118c     118c      1bc     1         /tmp/stm32g0xx_hal_pwr_ex-561ca9.o:(.debug_str_offsets)
       0        0     25c3     1 .debug_str
       0        0     25c3     1         <internal>:(.debug_str)
       0        0      410     1 .debug_addr
       0        0       1c     1         /tmp/system_stm32g0xx-99d4fd.o:(.debug_addr)
      1c       1c       14     1         /tmp/main-597a70.o:(.debug_addr)
      30       30       10     1         /tmp/harness-4eef93.o:(.debug_addr)
      40       40       30     1         /tmp/susan_corner-4cc4db.o:(.debug_addr)
      70       70       18     1         /tmp/stm32g0xx_hal_msp_template-66c262.o:(.debug_addr)
      88       88        c     1         /tmp/trace-pc-guard-cb-10be4a.o:(.debug_addr)
      94       94       a0     1         /tmp/stm32g0xx_hal-ba324a.o:(.debug_addr)
     134      134       54     1         /tmp/stm32g0xx_hal_rcc-288081.o:(.debug_addr)
     188      188       84     1         /tmp/stm32g0xx_hal_cortex-3cd00a.o:(.debug_addr)
     20c      20c       80     1         /tmp/fuzz-b60797.o:(.debug_addr)
     28c      28c       3c     1         /tmp/time_bare-9a748b.o:(.debug_addr)
     2c8      2c8       54     1         /tmp/stm32g0xx_hal_rcc_ex-b7247a.o:(.debug_addr)
     31c      31c       2c     1         /tmp/stm32g0xx_hal_gpio-5b73b7.o:(.debug_addr)
     348      348       38     1         /tmp/stm32g0xx_hal_pwr-d6eed7.o:(.debug_addr)
     380      380       90     1         /tmp/stm32g0xx_hal_pwr_ex-561ca9.o:(.debug_addr)
       0        0       29     1 .comment
       0        0       29     1         <internal>:(.comment)
       0        0     1ab4     4 .debug_frame
       0        0       40     4         /tmp/system_stm32g0xx-99d4fd.o:(.debug_frame)
      40       40       5c     4         /tmp/main-597a70.o:(.debug_frame)
      9c       9c       28     4         /home/santiago/Research/microfuzz/toolchains/arm/gcc/arm-none-eabi/lib/thumb/v6-m/nofp/libc.a(libc_a-aeabi_memclr.o):(.debug_frame)
      c4       c4       28     4         /home/santiago/Research/microfuzz/toolchains/arm/gcc/arm-none-eabi/lib/thumb/v6-m/nofp/libc.a(libc_a-aeabi_memset.o):(.debug_frame)
      ec       ec       30     4         /home/santiago/Research/microfuzz/toolchains/arm/gcc/arm-none-eabi/lib/thumb/v6-m/nofp/libc.a(libc_a-memset.o):(.debug_frame)
     11c      11c       30     4         /tmp/harness-4eef93.o:(.debug_frame)
     14c      14c      104     4         /tmp/susan_corner-4cc4db.o:(.debug_frame)
     250      250       30     4         /home/santiago/Research/microfuzz/toolchains/arm/gcc/arm-none-eabi/lib/thumb/v6-m/nofp/libm.a(libm_a-w_exp.o):(.debug_frame)
     280      280       38     4         /home/santiago/Research/microfuzz/toolchains/arm/gcc/arm-none-eabi/lib/thumb/v6-m/nofp/libm.a(libm_a-e_exp.o):(.debug_frame)
     2b8      2b8      104     4         /home/santiago/Research/microfuzz/toolchains/arm/gcc/arm-none-eabi/lib/thumb/v6-m/nofp/libm.a(libm_a-math_err.o):(.debug_frame)
     3bc      3bc       20     4         /home/santiago/Research/microfuzz/toolchains/arm/gcc/arm-none-eabi/lib/thumb/v6-m/nofp/libc.a(libc_a-errno.o):(.debug_frame)
     3dc      3dc      138     4         /home/santiago/Research/microfuzz/toolchains/arm/gcc/arm-none-eabi/lib/thumb/v6-m/nofp/libc.a(libc_a-findfp.o):(.debug_frame)
     514      514       38     4         /home/santiago/Research/microfuzz/toolchains/arm/gcc/arm-none-eabi/lib/thumb/v6-m/nofp/libc.a(libc_a-fwalk.o):(.debug_frame)
     54c      54c       44     4         /home/santiago/Research/microfuzz/toolchains/arm/gcc/arm-none-eabi/lib/thumb/v6-m/nofp/libc.a(libc_a-fclose.o):(.debug_frame)
     590      590       6c     4         /home/santiago/Research/microfuzz/toolchains/arm/gcc/arm-none-eabi/lib/thumb/v6-m/nofp/libc.a(libc_a-fflush.o):(.debug_frame)
     5fc      5fc       5c     4         /home/santiago/Research/microfuzz/toolchains/arm/gcc/arm-none-eabi/lib/thumb/v6-m/nofp/libc.a(libc_a-freer.o):(.debug_frame)
     658      658       28     4         /home/santiago/Research/microfuzz/toolchains/arm/gcc/arm-none-eabi/lib/thumb/v6-m/nofp/libc.a(libc_a-sysconf.o):(.debug_frame)
     680      680       40     4         /home/santiago/Research/microfuzz/toolchains/arm/gcc/arm-none-eabi/lib/thumb/v6-m/nofp/libc.a(libc_a-mlock.o):(.debug_frame)
     6c0      6c0       b0     4         /home/santiago/Research/microfuzz/toolchains/arm/gcc/arm-none-eabi/lib/thumb/v6-m/nofp/libc.a(libc_a-lock.o):(.debug_frame)
     770      770       2c     4         /home/santiago/Research/microfuzz/toolchains/arm/gcc/arm-none-eabi/lib/thumb/v6-m/nofp/libc.a(libc_a-sbrkr.o):(.debug_frame)
     79c      79c       20     4         /home/santiago/Research/microfuzz/toolchains/arm/gcc/arm-none-eabi/lib/thumb/v6-m/nofp/libnosys.a(sbrk.o):(.debug_frame)
     7bc      7bc       2c     4         /home/santiago/Research/microfuzz/toolchains/arm/gcc/arm-none-eabi/lib/thumb/v6-m/nofp/libc.a(libc_a-reent.o):(.debug_frame)
     7e8      7e8       3c     4         /home/santiago/Research/microfuzz/toolchains/arm/gcc/arm-none-eabi/lib/thumb/v6-m/nofp/libc.a(libc_a-mallocr.o):(.debug_frame)
     824      824       90     4         /home/santiago/Research/microfuzz/toolchains/arm/gcc/arm-none-eabi/lib/thumb/v6-m/nofp/libc.a(libc_a-stdio.o):(.debug_frame)
     8b4      8b4       2c     4         /home/santiago/Research/microfuzz/toolchains/arm/gcc/arm-none-eabi/lib/thumb/v6-m/nofp/libc.a(libc_a-readr.o):(.debug_frame)
     8e0      8e0       20     4         /home/santiago/Research/microfuzz/toolchains/arm/gcc/arm-none-eabi/lib/thumb/v6-m/nofp/libnosys.a(read.o):(.debug_frame)
     900      900       2c     4         /home/santiago/Research/microfuzz/toolchains/arm/gcc/arm-none-eabi/lib/thumb/v6-m/nofp/libc.a(libc_a-writer.o):(.debug_frame)
     92c      92c       20     4         /home/santiago/Research/microfuzz/toolchains/arm/gcc/arm-none-eabi/lib/thumb/v6-m/nofp/libnosys.a(write.o):(.debug_frame)
     94c      94c       2c     4         /home/santiago/Research/microfuzz/toolchains/arm/gcc/arm-none-eabi/lib/thumb/v6-m/nofp/libc.a(libc_a-lseekr.o):(.debug_frame)
     978      978       20     4         /home/santiago/Research/microfuzz/toolchains/arm/gcc/arm-none-eabi/lib/thumb/v6-m/nofp/libnosys.a(lseek.o):(.debug_frame)
     998      998       2c     4         /home/santiago/Research/microfuzz/toolchains/arm/gcc/arm-none-eabi/lib/thumb/v6-m/nofp/libc.a(libc_a-closer.o):(.debug_frame)
     9c4      9c4       20     4         /home/santiago/Research/microfuzz/toolchains/arm/gcc/arm-none-eabi/lib/thumb/v6-m/nofp/libnosys.a(close.o):(.debug_frame)
     9e4      9e4       20     4         /home/santiago/Research/microfuzz/toolchains/arm/gcc/arm-none-eabi/lib/thumb/v6-m/nofp/libc.a(libm_a-s_finite.o):(.debug_frame)
     a04      a04       54     4         /tmp/stm32g0xx_hal_msp_template-66c262.o:(.debug_frame)
     a58      a58       24     4         /tmp/trace-pc-guard-cb-10be4a.o:(.debug_frame)
     a7c      a7c      2ac     4         /tmp/stm32g0xx_hal-ba324a.o:(.debug_frame)
     d28      d28      188     4         /tmp/stm32g0xx_hal_rcc-288081.o:(.debug_frame)
     eb0      eb0      278     4         /tmp/stm32g0xx_hal_cortex-3cd00a.o:(.debug_frame)
    1128     1128      12c     4         /tmp/fuzz-b60797.o:(.debug_frame)
    1254     1254       28     4         /home/santiago/Research/microfuzz/toolchains/arm/gcc/arm-none-eabi/lib/thumb/v6-m/nofp/libc.a(libc_a-aeabi_memcpy.o):(.debug_frame)
    127c     127c       30     4         /home/santiago/Research/microfuzz/toolchains/arm/gcc/arm-none-eabi/lib/thumb/v6-m/nofp/libc.a(libc_a-memcpy-stub.o):(.debug_frame)
    12ac     12ac       38     4         /home/santiago/Research/microfuzz/toolchains/arm/gcc/arm-none-eabi/lib/thumb/v6-m/nofp/libc.a(libc_a-rand.o):(.debug_frame)
    12e4     12e4       28     4         /home/santiago/Research/microfuzz/toolchains/arm/gcc/arm-none-eabi/lib/thumb/v6-m/nofp/libc.a(libc_a-calloc.o):(.debug_frame)
    130c     130c       2c     4         /home/santiago/Research/microfuzz/toolchains/arm/gcc/arm-none-eabi/lib/thumb/v6-m/nofp/libc.a(libc_a-callocr.o):(.debug_frame)
    1338     1338       28     4         /home/santiago/Research/microfuzz/toolchains/arm/gcc/arm-none-eabi/lib/thumb/v6-m/nofp/libc.a(libc_a-exit.o):(.debug_frame)
    1360     1360       54     4         /home/santiago/Research/microfuzz/toolchains/arm/gcc/arm-none-eabi/lib/thumb/v6-m/nofp/libc.a(libc_a-__call_atexit.o):(.debug_frame)
    13b4     13b4       28     4         /home/santiago/Research/microfuzz/toolchains/arm/gcc/arm-none-eabi/lib/thumb/v6-m/nofp/libc.a(libc_a-atexit.o):(.debug_frame)
    13dc     13dc       38     4         /home/santiago/Research/microfuzz/toolchains/arm/gcc/arm-none-eabi/lib/thumb/v6-m/nofp/libc.a(libc_a-__atexit.o):(.debug_frame)
    1414     1414       2c     4         /home/santiago/Research/microfuzz/toolchains/arm/gcc/arm-none-eabi/lib/thumb/v6-m/nofp/libc.a(libc_a-fini.o):(.debug_frame)
    1440     1440       20     4         /home/santiago/Research/microfuzz/toolchains/arm/gcc/arm-none-eabi/lib/thumb/v6-m/nofp/libnosys.a(_exit.o):(.debug_frame)
    1460     1460       b4     4         /tmp/time_bare-9a748b.o:(.debug_frame)
    1514     1514      15c     4         /tmp/stm32g0xx_hal_rcc_ex-b7247a.o:(.debug_frame)
    1670     1670       d0     4         /tmp/stm32g0xx_hal_gpio-5b73b7.o:(.debug_frame)
    1740     1740       f8     4         /tmp/stm32g0xx_hal_pwr-d6eed7.o:(.debug_frame)
    1838     1838      27c     4         /tmp/stm32g0xx_hal_pwr_ex-561ca9.o:(.debug_frame)
       0        0       19     1 .debug_rnglists
       0        0       19     1         /tmp/startup_stm32g0b1xx-e3515a.o:(.debug_rnglists)
       0        0     43b0     4 .symtab
       0        0     43b0     4         <internal>:(.symtab)
       0        0      1b7     1 .shstrtab
       0        0      1b7     1         <internal>:(.shstrtab)
       0        0     2a5f     1 .strtab
       0        0     2a5f     1         <internal>:(.strtab)
