../Core/Src/main.c:83:6:crash_void	4	static
../Core/Src/main.c:88:9:fuzzer_setup	24	static
../Core/Src/main.c:131:10:mutator	56	static
../Core/Src/main.c:427:6:dequeue_seed	24	static
../Core/Src/main.c:472:6:bubble_coverage	4	static
../Core/Src/main.c:476:6:check_for_coverage	24	static
../Core/Src/main.c:504:6:harness_loop	3936	static
../Core/Src/main.c:546:6:board_setup	16	static
../Core/Src/main.c:574:9:main	8	static
../Core/Src/main.c:596:6:SystemClock_Config	88	static
../Core/Src/main.c:641:6:Error_Handler	4	static,ignoring_inline_asm
