     VMA      LMA     Size Align Out     In      Symbol
       0        0        0     1 _Min_Heap_Size = 0x2048
       0        0        0     1 _Min_Stack_Size = 0x4096
       0        0        0     1 _estack = ORIGIN ( RAM ) + LENGTH ( RAM )
20000000 20000000        0     1 .isr_vector
20000000 20000000        0     1         . = ALIGN ( 4 )
20000000 20000000        0     1         . = ALIGN ( 4 )
20000000 20000000        4     4 .fuzzdata
20000000 20000000        0     1         . = ALIGN ( 4 )
20000000 20000000        0     1         _fuzzdatastart = .
20000000 20000000        4     4         /tmp/fuzz-e8e9b8.o:(.fuzzdata)
20000000 20000000        4     1                 cleanup_function
20000004 20000004        0     1         _fuzzdataend = .
20000004 20000004        0     1         . = ALIGN ( 4 )
20000004 20000004        0     1 .targetdata
20000004 20000004        0     1         . = ALIGN ( 4 )
20000004 20000004        0     1         _targetdatastart = .
20000004 20000004        0     1         . = ALIGN ( 4 )
20000004 20000004        0     1         _targetdataend = .
20000004 20000004        0     1 _sidata = LOADADDR ( .data )
20000008 20000008       2c     8 .data
20000008 20000008        0     1         . = ALIGN ( 4 )
20000008 20000008        0     1         _sdata = .
20000008 20000008       18     4         /tmp/time-1e2b61.o:(.data)
20000008 20000008       18     1                 default_alarm_pool
20000020 20000020        0     1         /home/santiago/Research/microfuzz/toolchains/arm/gcc/lib/gcc/arm-none-eabi/13.3.1/thumb/v6-m/nofp/libgcc.a(_ashldi3.o):(.data)
20000020 20000020        0     1         /home/santiago/Research/microfuzz/toolchains/arm/gcc/lib/gcc/arm-none-eabi/13.3.1/thumb/v6-m/nofp/libgcc.a(_lshrdi3.o):(.data)
20000020 20000020        0     1         /home/santiago/Research/microfuzz/toolchains/arm/gcc/lib/gcc/arm-none-eabi/13.3.1/thumb/v6-m/nofp/libgcc.a(_muldi3.o):(.data)
20000020 20000020        0     1         /home/santiago/Research/microfuzz/toolchains/arm/gcc/lib/gcc/arm-none-eabi/13.3.1/thumb/v6-m/nofp/libgcc.a(_udivsi3.o):(.data)
20000020 20000020        0     1         /home/santiago/Research/microfuzz/toolchains/arm/gcc/lib/gcc/arm-none-eabi/13.3.1/thumb/v6-m/nofp/libgcc.a(_dvmd_tls.o):(.data)
20000020 20000020        0     1         /home/santiago/Research/microfuzz/toolchains/arm/gcc/lib/gcc/arm-none-eabi/13.3.1/thumb/v6-m/nofp/libgcc.a(_aeabi_uldivmod.o):(.data)
20000020 20000020        0     1         /home/santiago/Research/microfuzz/toolchains/arm/gcc/lib/gcc/arm-none-eabi/13.3.1/thumb/v6-m/nofp/libgcc.a(_udivmoddi4.o):(.data)
20000020 20000020        0     1         /home/santiago/Research/microfuzz/toolchains/arm/gcc/lib/gcc/arm-none-eabi/13.3.1/thumb/v6-m/nofp/libgcc.a(_clzdi2.o):(.data)
20000020 20000020        0     1         /home/santiago/Research/microfuzz/toolchains/arm/gcc/lib/gcc/arm-none-eabi/13.3.1/thumb/v6-m/nofp/libgcc.a(_clzsi2.o):(.data)
20000020 20000020        4     4         /home/santiago/Research/microfuzz/toolchains/arm/llvm/bin/../lib/clang-runtimes/arm-none-eabi/armv6m_soft_nofp_exn_rtti/lib/libc.a(libc_picolib_picosbrk.c.o):(.data)
20000020 20000020        4     1                 __brk
20000024 20000024        0     1         /home/santiago/Research/microfuzz/toolchains/arm/gcc/lib/gcc/arm-none-eabi/13.3.1/thumb/v6-m/nofp/libgcc.a(_aeabi_ldivmod.o):(.data)
20000024 20000024        0     1         /home/santiago/Research/microfuzz/toolchains/arm/gcc/lib/gcc/arm-none-eabi/13.3.1/thumb/v6-m/nofp/libgcc.a(bpabi.o):(.data)
20000024 20000024        0     1         /home/santiago/Research/microfuzz/toolchains/arm/gcc/lib/gcc/arm-none-eabi/13.3.1/thumb/v6-m/nofp/libgcc.a(_divdi3.o):(.data)
20000024 20000024        0     1         /home/santiago/Research/microfuzz/toolchains/arm/gcc/lib/gcc/arm-none-eabi/13.3.1/thumb/v6-m/nofp/libgcc.a(_divsi3.o):(.data)
20000024 20000024        0     1         /home/santiago/Research/microfuzz/toolchains/arm/gcc/lib/gcc/arm-none-eabi/13.3.1/thumb/v6-m/nofp/libgcc.a(floatsisf.o):(.data)
20000024 20000024        0     1         /home/santiago/Research/microfuzz/toolchains/arm/gcc/lib/gcc/arm-none-eabi/13.3.1/thumb/v6-m/nofp/libgcc.a(addsf3.o):(.data)
20000024 20000024        0     1         /home/santiago/Research/microfuzz/toolchains/arm/gcc/lib/gcc/arm-none-eabi/13.3.1/thumb/v6-m/nofp/libgcc.a(mulsf3.o):(.data)
20000024 20000024        0     1         /home/santiago/Research/microfuzz/toolchains/arm/gcc/lib/gcc/arm-none-eabi/13.3.1/thumb/v6-m/nofp/libgcc.a(subsf3.o):(.data)
20000024 20000024        0     1         /home/santiago/Research/microfuzz/toolchains/arm/gcc/lib/gcc/arm-none-eabi/13.3.1/thumb/v6-m/nofp/libgcc.a(divsf3.o):(.data)
20000024 20000024        0     1         /home/santiago/Research/microfuzz/toolchains/arm/gcc/lib/gcc/arm-none-eabi/13.3.1/thumb/v6-m/nofp/libgcc.a(fixsfsi.o):(.data)
20000024 20000024        0     1         /home/santiago/Research/microfuzz/toolchains/arm/gcc/lib/gcc/arm-none-eabi/13.3.1/thumb/v6-m/nofp/libgcc.a(floatunsisf.o):(.data)
20000024 20000024        0     1         /home/santiago/Research/microfuzz/toolchains/arm/gcc/lib/gcc/arm-none-eabi/13.3.1/thumb/v6-m/nofp/libgcc.a(extendsfdf2.o):(.data)
20000024 20000024        0     1         /home/santiago/Research/microfuzz/toolchains/arm/gcc/lib/gcc/arm-none-eabi/13.3.1/thumb/v6-m/nofp/libgcc.a(adddf3.o):(.data)
20000024 20000024        0     1         /home/santiago/Research/microfuzz/toolchains/arm/gcc/lib/gcc/arm-none-eabi/13.3.1/thumb/v6-m/nofp/libgcc.a(fixdfsi.o):(.data)
20000028 20000028        8     8         /tmp/time_bare-f244ca.o:(.data)
20000028 20000028        8     1                 g_sut_timeout
20000030 20000030        0     1         /home/santiago/Research/microfuzz/toolchains/arm/gcc/lib/gcc/arm-none-eabi/13.3.1/thumb/v6-m/nofp/crti.o:(.data)
20000030 20000030        0     1         /home/santiago/Research/microfuzz/toolchains/arm/gcc/lib/gcc/arm-none-eabi/13.3.1/thumb/v6-m/nofp/crtbegin.o:(.data)
20000030 20000030        0     1         /home/santiago/Research/microfuzz/toolchains/arm/gcc/lib/gcc/arm-none-eabi/13.3.1/thumb/v6-m/nofp/crtend.o:(.data)
20000030 20000030        4     4         /home/santiago/Research/microfuzz/toolchains/arm/gcc/lib/gcc/arm-none-eabi/13.3.1/thumb/v6-m/nofp/crtbegin.o:(.data.__dso_handle)
20000030 20000030        0     1                 $d
20000030 20000030        0     1                 __dso_handle
20000034 20000034        0     1         . = ALIGN ( 4 )
20000034 20000034        0     1         _edata = .
20000040 20000040     7c68    16 .text
20000040 20000040        0     1         . = ALIGN ( 4 )
20000040 20000040       5c     4         /tmp/coverage-2273b4.o:(.text)
20000040 20000040        0     1                 $t
20000040 20000040        0     1                 __sanitizer_cov_trace_pc
20000090 20000090        0     1                 $d
2000009c 2000009c     1338     4         /tmp/time-1e2b61.o:(.text)
2000009c 2000009c        0     1                 $t
2000009d 2000009d       44     1                 runtime_init_default_alarm_pool
200000d8 200000d8        0     1                 $d
200000e0 200000e0        0     1                 $t
200000e1 200000e1       10     1                 default_alarm_pool_initialized
200000ec 200000ec        0     1                 $d
200000f0 200000f0        0     1                 $t
200000f1 200000f1        a     1                 alarm_pool_get_default_timer
200000fb 200000fb       16     1                 ta_hardware_alarm_claim
20000111 20000111       b0     1                 alarm_pool_post_alloc_init
200001b0 200001b0        0     1                 $d
200001c0 200001c0        0     1                 $t
200001c1 200001c1        a     1                 alarm_pool_init_default
200001cd 200001cd       30     1                 alarm_pool_get_default
200001ec 200001ec        0     1                 $d
200001fc 200001fc        0     1                 $t
200001fd 200001fd       44     1                 alarm_pool_create_on_timer
20000241 20000241       48     1                 alarm_pool_create_on_timer_with_unused_hardware_alarm
20000289 20000289       22     1                 ta_hardware_alarm_claim_unused
200002ad 200002ad       a0     1                 alarm_pool_destroy
20000330 20000330        0     1                 $d
2000034c 2000034c        0     1                 $t
2000034d 2000034d       52     1                 ta_disable_irq_handler
200003a1 200003a1      4a0     1                 alarm_pool_irq_handler
20000748 20000748        0     1                 $d
2000075c 2000075c        0     1                 $t
2000083c 2000083c        0     1                 $d
20000840 20000840        0     1                 $t
20000841 20000841       12     1                 ta_timer_num
20000853 20000853       5e     1                 alarm_pool_add_alarm_at
200008b1 200008b1       1c     1                 get_absolute_time
200008cd 200008cd       32     1                 absolute_time_diff_us
20000901 20000901      160     1                 alarm_pool_add_alarm_at_force_in_context
20000a5c 20000a5c        0     1                 $d
20000a60 20000a60        0     1                 $t
20000a61 20000a61        e     1                 to_us_since_boot
20000a6f 20000a6f       1a     1                 make_alarm_id
20000a89 20000a89       22     1                 ta_force_irq
20000aab 20000aab       f0     1                 alarm_pool_cancel_alarm
20000b9b 20000b9b        e     1                 alarm_index
20000ba9 20000ba9        c     1                 alarm_sequence
20000bb5 20000bb5        c     1                 alarm_pool_timer_alarm_num
20000bc1 20000bc1        c     1                 alarm_pool_core_num
20000bcd 20000bcd       ec     1                 sleep_until
20000cb0 20000cb0        0     1                 $d
20000cb8 20000cb8        0     1                 $t
20000cb9 20000cb9       16     1                 update_us_since_boot
20000ccf 20000ccf       38     1                 add_alarm_at
20000d09 20000d09       60     1                 sleep_until_callback
20000d64 20000d64        0     1                 $d
20000d68 20000d68        0     1                 $t
20000d69 20000d69       1c     1                 time_reached
20000d80 20000d80        0     1                 $d
20000d84 20000d84        0     1                 $t
20000d85 20000d85       1a     1                 sleep_us
20000d9f 20000d9f       1a     1                 make_timeout_time_us
20000db9 20000db9       1e     1                 sleep_ms
20000dd9 20000dd9       b8     1                 best_effort_wfe_or_timeout
20000e8c 20000e8c        0     1                 $d
20000e90 20000e90        0     1                 $t
20000e91 20000e91       56     1                 ta_wakes_up_on_or_before
20000ee7 20000ee7       16     1                 cancel_alarm
20000efd 20000efd       b0     1                 alarm_pool_add_repeating_timer_us
20000fa8 20000fa8        0     1                 $d
20000fac 20000fac        0     1                 $t
20000fad 20000fad       3a     1                 cancel_repeating_timer
20000fe7 20000fe7       12     1                 alarm_pool_timer_for_timer_num
20000ff9 20000ff9       12     1                 ta_timer_instance
2000100d 2000100d        8     1                 ta_default_timer_instance
20001010 20001010        0     1                 $d
20001014 20001014        0     1                 $t
20001015 20001015      11e     1                 alarm_pool_remaining_alarm_time_us
20001133 20001133       12     1                 ta_time_us_64
20001145 20001145       58     1                 alarm_pool_remaining_alarm_time_ms
20001198 20001198        0     1                 $d
2000119c 2000119c        0     1                 $t
2000119d 2000119d       16     1                 remaining_alarm_time_us
200011b3 200011b3       16     1                 remaining_alarm_time_ms
200011c9 200011c9       4e     1                 ta_enable_irq_handler
20001217 20001217       1a     1                 timer_hardware_alarm_get_irq_num
20001231 20001231        8     1                 check_hardware_alarm_num_param
20001239 20001239       2e     1                 ta_from_current_irq
20001267 20001267       22     1                 ta_clear_force_irq
20001289 20001289       14     1                 ta_clear_irq
2000129d 2000129d       5a     1                 ta_set_timeout
200012f9 200012f9       10     1                 timer_get_instance
20001304 20001304        0     1                 $d
20001308 20001308        0     1                 $t
20001309 20001309        c     1                 timer_time_us_32
20001315 20001315        e     1                 timer_get_index
20001323 20001323       5e     1                 timer_time_reached
20001381 20001381       54     1                 delayed_by_us
200013d0 200013d0        0     1                 $d
200013d4 200013d4        0     4         /home/santiago/Research/microfuzz/toolchains/arm/llvm/bin/../lib/clang-runtimes/arm-none-eabi/armv6m_soft_nofp_exn_rtti/lib/libc.a(libc_stdlib_assert_func.c.o):(.text)
200013d4 200013d4        0     4         /home/santiago/Research/microfuzz/toolchains/arm/llvm/bin/../lib/clang-runtimes/arm-none-eabi/armv6m_soft_nofp_exn_rtti/lib/libc.a(libc_tinystdio_fprintf.c.o):(.text)
200013d4 200013d4        0     4         /home/santiago/Research/microfuzz/toolchains/arm/llvm/bin/../lib/clang-runtimes/arm-none-eabi/armv6m_soft_nofp_exn_rtti/lib/libc.a(libc_tinystdio_vfprintf.c.o):(.text)
200013d4 200013d4        0     4         /home/santiago/Research/microfuzz/toolchains/arm/llvm/bin/../lib/clang-runtimes/arm-none-eabi/armv6m_soft_nofp_exn_rtti/lib/libc.a(libc_tinystdio_dtox_engine.c.o):(.text)
200013d4 200013d4       18     4         /home/santiago/Research/microfuzz/toolchains/arm/gcc/lib/gcc/arm-none-eabi/13.3.1/thumb/v6-m/nofp/libgcc.a(_ashldi3.o):(.text)
200013d4 200013d4        0     1                 $t
200013d5 200013d5       18     1                 __ashldi3
200013d5 200013d5       18     1                 __aeabi_llsl
200013ec 200013ec       18     4         /home/santiago/Research/microfuzz/toolchains/arm/gcc/lib/gcc/arm-none-eabi/13.3.1/thumb/v6-m/nofp/libgcc.a(_lshrdi3.o):(.text)
200013ec 200013ec        0     1                 $t
200013ed 200013ed       18     1                 __lshrdi3
200013ed 200013ed       18     1                 __aeabi_llsr
20001404 20001404        0     4         /home/santiago/Research/microfuzz/toolchains/arm/llvm/bin/../lib/clang-runtimes/arm-none-eabi/armv6m_soft_nofp_exn_rtti/lib/libc.a(libc_tinystdio_dtoa_ryu.c.o):(.text)
20001404 20001404        0     4         /home/santiago/Research/microfuzz/toolchains/arm/llvm/bin/../lib/clang-runtimes/arm-none-eabi/armv6m_soft_nofp_exn_rtti/lib/libc.a(libc_tinystdio_ryu_log10.c.o):(.text)
20001404 20001404        0     4         /home/santiago/Research/microfuzz/toolchains/arm/llvm/bin/../lib/clang-runtimes/arm-none-eabi/armv6m_soft_nofp_exn_rtti/lib/libc.a(libc_tinystdio_ryu_pow5bits.c.o):(.text)
20001404 20001404        0     4         /home/santiago/Research/microfuzz/toolchains/arm/llvm/bin/../lib/clang-runtimes/arm-none-eabi/armv6m_soft_nofp_exn_rtti/lib/libc.a(libc_tinystdio_ryu_table.c.o):(.text)
20001404 20001404        0     2         /home/santiago/Research/microfuzz/toolchains/arm/gcc/lib/gcc/arm-none-eabi/13.3.1/thumb/v6-m/nofp/libgcc.a(_muldi3.o):(.text)
20001404 20001404      114     4         /home/santiago/Research/microfuzz/toolchains/arm/gcc/lib/gcc/arm-none-eabi/13.3.1/thumb/v6-m/nofp/libgcc.a(_udivsi3.o):(.text)
20001404 20001404        0     1                 $t
20001404 20001404        0     1                 .udivsi3_skip_div0_test
20001405 20001405      10a     1                 __udivsi3
20001405 20001405        0     1                 __aeabi_uidiv
20001511 20001511        8     1                 __aeabi_uidivmod
20001518 20001518        4     4         /home/santiago/Research/microfuzz/toolchains/arm/gcc/lib/gcc/arm-none-eabi/13.3.1/thumb/v6-m/nofp/libgcc.a(_dvmd_tls.o):(.text)
20001518 20001518        0     1                 $t
20001519 20001519        2     1                 __aeabi_idiv0
20001519 20001519        2     1                 __aeabi_ldiv0
2000151c 2000151c        0     4         /home/santiago/Research/microfuzz/toolchains/arm/llvm/bin/../lib/clang-runtimes/arm-none-eabi/armv6m_soft_nofp_exn_rtti/lib/libc.a(libc_tinystdio_ryu_umul128.c.o):(.text)
2000151c 2000151c       40     4         /home/santiago/Research/microfuzz/toolchains/arm/gcc/lib/gcc/arm-none-eabi/13.3.1/thumb/v6-m/nofp/libgcc.a(_aeabi_uldivmod.o):(.text)
2000151c 2000151c        0     1                 $t
2000151d 2000151d       3e     1                 __aeabi_uldivmod
20001540 20001540        0     1                 $d
20001544 20001544        0     1                 $t
2000155c 2000155c        0     2         /home/santiago/Research/microfuzz/toolchains/arm/gcc/lib/gcc/arm-none-eabi/13.3.1/thumb/v6-m/nofp/libgcc.a(_udivmoddi4.o):(.text)
2000155c 2000155c       18     4         /home/santiago/Research/microfuzz/toolchains/arm/gcc/lib/gcc/arm-none-eabi/13.3.1/thumb/v6-m/nofp/libgcc.a(_clzdi2.o):(.text)
2000155c 2000155c        0     1                 $t
2000155d 2000155d        0     1                 __clzdi2
20001574 20001574       3c     4         /home/santiago/Research/microfuzz/toolchains/arm/gcc/lib/gcc/arm-none-eabi/13.3.1/thumb/v6-m/nofp/libgcc.a(_clzsi2.o):(.text)
20001574 20001574        0     1                 $t
20001575 20001575       3c     1                 __clzsi2
200015a0 200015a0        0     1                 $d
200015b0 200015b0        0     4         /home/santiago/Research/microfuzz/toolchains/arm/llvm/bin/../lib/clang-runtimes/arm-none-eabi/armv6m_soft_nofp_exn_rtti/lib/libc.a(libc_string_strnlen.c.o):(.text)
200015b0 200015b0        0     4         /home/santiago/Research/microfuzz/toolchains/arm/llvm/bin/../lib/clang-runtimes/arm-none-eabi/armv6m_soft_nofp_exn_rtti/lib/libc.a(libc_stdlib_abort.c.o):(.text)
200015b0 200015b0        0     4         /home/santiago/Research/microfuzz/toolchains/arm/llvm/bin/../lib/clang-runtimes/arm-none-eabi/armv6m_soft_nofp_exn_rtti/lib/libc.a(libc_signal_signal.c.o):(.text)
200015b0 200015b0        0     4         /home/santiago/Research/microfuzz/toolchains/arm/llvm/bin/../lib/clang-runtimes/arm-none-eabi/armv6m_soft_nofp_exn_rtti/lib/libc.a(libc_picolib_machine_arm_read_tp.S.o):(.text)
200015b0 200015b0        0     4         /home/santiago/Research/microfuzz/toolchains/arm/llvm/bin/../lib/clang-runtimes/arm-none-eabi/armv6m_soft_nofp_exn_rtti/lib/libc.a(libc_errno_errno.c.o):(.text)
200015b0 200015b0        0     4         /home/santiago/Research/microfuzz/toolchains/arm/llvm/bin/../lib/clang-runtimes/arm-none-eabi/armv6m_soft_nofp_exn_rtti/lib/libc.a(nano-malloc.c.o):(.text)
200015b0 200015b0        0     4         /home/santiago/Research/microfuzz/toolchains/arm/llvm/bin/../lib/clang-runtimes/arm-none-eabi/armv6m_soft_nofp_exn_rtti/lib/libc.a(nano-free.c.o):(.text)
200015b0 200015b0        0     4         /home/santiago/Research/microfuzz/toolchains/arm/llvm/bin/../lib/clang-runtimes/arm-none-eabi/armv6m_soft_nofp_exn_rtti/lib/libc.a(libc_misc_lock.c.o):(.text)
200015b0 200015b0        0     4         /home/santiago/Research/microfuzz/toolchains/arm/llvm/bin/../lib/clang-runtimes/arm-none-eabi/armv6m_soft_nofp_exn_rtti/lib/libc.a(libc_picolib_picosbrk.c.o):(.text)
200015b0 200015b0        0     4         /home/santiago/Research/microfuzz/toolchains/arm/llvm/bin/../lib/clang-runtimes/arm-none-eabi/armv6m_soft_nofp_exn_rtti/lib/libc.a(bzero.c.o):(.text)
200015b0 200015b0        0     4         /home/santiago/Research/microfuzz/toolchains/arm/llvm/bin/../lib/clang-runtimes/arm-none-eabi/armv6m_soft_nofp_exn_rtti/lib/libc.a(memset.c.o):(.text)
200015b0 200015b0        0     4         /home/santiago/Research/microfuzz/toolchains/arm/llvm/bin/../lib/clang-runtimes/arm-none-eabi/armv6m_soft_nofp_exn_rtti/lib/libc.a(nano-calloc.c.o):(.text)
200015b0 200015b0       48     4         /home/santiago/Research/microfuzz/toolchains/arm/gcc/lib/gcc/arm-none-eabi/13.3.1/thumb/v6-m/nofp/libgcc.a(_aeabi_ldivmod.o):(.text)
200015b0 200015b0        0     1                 $t
200015b1 200015b1       46     1                 __aeabi_ldivmod
200015dc 200015dc        0     1                 $d
200015e0 200015e0        0     1                 $t
200015f8 200015f8        0     2         /home/santiago/Research/microfuzz/toolchains/arm/gcc/lib/gcc/arm-none-eabi/13.3.1/thumb/v6-m/nofp/libgcc.a(bpabi.o):(.text)
200015f8 200015f8        0     2         /home/santiago/Research/microfuzz/toolchains/arm/gcc/lib/gcc/arm-none-eabi/13.3.1/thumb/v6-m/nofp/libgcc.a(_divdi3.o):(.text)
200015f8 200015f8       10     4         /tmp/main-8c6010.o:(.text)
200015f8 200015f8        0     1                 $t
200015f9 200015f9        c     1                 main
20001605 20001605        4     1                 Error_Handler
20001608 20001608        0     4         /tmp/conf-1b4b4a.o:(.text)
20001608 20001608       c4     4         /tmp/buf-7a6949.o:(.text)
20001608 20001608        0     1                 $t
20001609 20001609       38     1                 jpec_buffer_new2
20001634 20001634        0     1                 $d
20001640 20001640        0     1                 $t
20001641 20001641       42     1                 jpec_buffer_write_byte
20001683 20001683       4a     1                 jpec_buffer_write_2bytes
200016cc 200016cc        0     4         /home/santiago/Research/microfuzz/toolchains/arm/llvm/bin/../lib/clang-runtimes/arm-none-eabi/armv6m_soft_nofp_exn_rtti/lib/libc.a(libc_stdlib_pico-exit.c.o):(.text)
200016cc 200016cc        0     4         /home/santiago/Research/microfuzz/toolchains/arm/llvm/bin/../lib/clang-runtimes/arm-none-eabi/armv6m_soft_nofp_exn_rtti/lib/libc.a(libc_misc_fini.c.o):(.text)
200016cc 200016cc     1890     4         /tmp/enc-c7b3a6.o:(.text)
200016cc 200016cc        0     1                 $t
200016cd 200016cd      138     1                 jpec_enc_new2
200017f4 200017f4        0     1                 $d
20001804 20001804        0     1                 $t
20001805 20001805       9c     1                 jpec_enc_run
2000189c 2000189c        0     1                 $d
200018a0 200018a0        0     1                 $t
200018a1 200018a1      160     1                 jpec_enc_open
200019fc 200019fc        0     1                 $d
20001a00 20001a00        0     1                 $t
20001a01 20001a01       9c     1                 jpec_enc_next_block
20001a9d 20001a9d      e40     1                 jpec_enc_block_dct
20001ec0 20001ec0        0     1                 $d
20001ec4 20001ec4        0     1                 $t
200028dd 200028dd       8c     1                 jpec_enc_block_quant
20002969 20002969       ac     1                 jpec_enc_block_zz
20002a10 20002a10        0     1                 $d
20002a14 20002a14        0     1                 $t
20002a15 20002a15       5c     1                 jpec_enc_close
20002a68 20002a68        0     1                 $d
20002a70 20002a70        0     1                 $t
20002a71 20002a71      100     1                 jpec_enc_init_dqt
20002b60 20002b60        0     1                 $d
20002b70 20002b70        0     1                 $t
20002b71 20002b71       4c     1                 jpec_enc_write_soi
20002bb8 20002bb8        0     1                 $d
20002bbc 20002bbc        0     1                 $t
20002bbd 20002bbd       bc     1                 jpec_enc_write_app0
20002c74 20002c74        0     1                 $d
20002c78 20002c78        0     1                 $t
20002c79 20002c79       88     1                 jpec_enc_write_dqt
20002cf8 20002cf8        0     1                 $d
20002d00 20002d00        0     1                 $t
20002d01 20002d01       90     1                 jpec_enc_write_sof0
20002d8c 20002d8c        0     1                 $d
20002d90 20002d90        0     1                 $t
20002d91 20002d91      144     1                 jpec_enc_write_dht
20002eb8 20002eb8        0     1                 $d
20002ed4 20002ed4        0     1                 $t
20002ed5 20002ed5       88     1                 jpec_enc_write_sos
20002f58 20002f58        0     1                 $d
20002f5c 20002f5c      1d4     4         /home/santiago/Research/microfuzz/toolchains/arm/gcc/lib/gcc/arm-none-eabi/13.3.1/thumb/v6-m/nofp/libgcc.a(_divsi3.o):(.text)
20002f5c 20002f5c        0     1                 $t
20002f5c 20002f5c        0     1                 .divsi3_skip_div0_test
20002f5d 20002f5d      1cc     1                 __divsi3
20002f5d 20002f5d        0     1                 __aeabi_idiv
20003129 20003129        8     1                 __aeabi_idivmod
20003130 20003130        0     2         /home/santiago/Research/microfuzz/toolchains/arm/gcc/lib/gcc/arm-none-eabi/13.3.1/thumb/v6-m/nofp/libgcc.a(floatsisf.o):(.text)
20003130 20003130        0     2         /home/santiago/Research/microfuzz/toolchains/arm/gcc/lib/gcc/arm-none-eabi/13.3.1/thumb/v6-m/nofp/libgcc.a(addsf3.o):(.text)
20003130 20003130        0     2         /home/santiago/Research/microfuzz/toolchains/arm/gcc/lib/gcc/arm-none-eabi/13.3.1/thumb/v6-m/nofp/libgcc.a(mulsf3.o):(.text)
20003130 20003130        0     2         /home/santiago/Research/microfuzz/toolchains/arm/gcc/lib/gcc/arm-none-eabi/13.3.1/thumb/v6-m/nofp/libgcc.a(subsf3.o):(.text)
20003130 20003130        0     2         /home/santiago/Research/microfuzz/toolchains/arm/gcc/lib/gcc/arm-none-eabi/13.3.1/thumb/v6-m/nofp/libgcc.a(divsf3.o):(.text)
20003130 20003130        0     2         /home/santiago/Research/microfuzz/toolchains/arm/gcc/lib/gcc/arm-none-eabi/13.3.1/thumb/v6-m/nofp/libgcc.a(fixsfsi.o):(.text)
20003130 20003130        0     2         /home/santiago/Research/microfuzz/toolchains/arm/gcc/lib/gcc/arm-none-eabi/13.3.1/thumb/v6-m/nofp/libgcc.a(floatunsisf.o):(.text)
20003130 20003130        0     2         /home/santiago/Research/microfuzz/toolchains/arm/gcc/lib/gcc/arm-none-eabi/13.3.1/thumb/v6-m/nofp/libgcc.a(extendsfdf2.o):(.text)
20003130 20003130        0     2         /home/santiago/Research/microfuzz/toolchains/arm/gcc/lib/gcc/arm-none-eabi/13.3.1/thumb/v6-m/nofp/libgcc.a(adddf3.o):(.text)
20003130 20003130        0     2         /home/santiago/Research/microfuzz/toolchains/arm/gcc/lib/gcc/arm-none-eabi/13.3.1/thumb/v6-m/nofp/libgcc.a(fixdfsi.o):(.text)
20003130 20003130       30     4         /tmp/harness-7b496a.o:(.text)
20003130 20003130        0     1                 $t
20003131 20003131       30     1                 target_harness
20003160 20003160      504     4         /tmp/huff-af71f8.o:(.text)
20003160 20003160        0     1                 $t
20003161 20003161       58     1                 jpec_huff_skel_init
200031b0 200031b0        0     1                 $d
200031b8 200031b8        0     1                 $t
200031b9 200031b9       2c     1                 jpec_huff_new
200031e0 200031e0        0     1                 $d
200031e4 200031e4        0     1                 $t
200031e5 200031e5       38     1                 jpec_huff_del
2000321d 2000321d       9c     1                 jpec_huff_encode_block
200032b9 200032b9       e0     1                 jpec_huff_write_bits
20003399 20003399      2cc     1                 jpec_huff_encode_block_impl
20003644 20003644        0     1                 $d
20003664 20003664       5c     4         /tmp/jpeg_encode_test-1045b8.o:(.text)
20003664 20003664        0     1                 $t
20003665 20003665       5c     1                 jpeg_encode
200036c0 200036c0        2     4         /tmp/trace-pc-guard-cb-f235c7.o:(.text)
200036c0 200036c0        0     1                 $t
200036c1 200036c1        2     1                 __sanitizer_cov_trace_pc_guard_init
200036c4 200036c4      d90     4         /tmp/fuzz-e8e9b8.o:(.text)
200036c4 200036c4        0     1                 $t
200036c5 200036c5        2     1                 crash_handler
200036c7 200036c7        a     1                 HardFault_Handler
200036d1 200036d1       50     1                 state_restore
20003708 20003708        0     1                 $d
20003720 20003720        0     1                 $t
20003721 20003721      120     1                 fuzzer_setup
200037fc 200037fc        0     1                 $d
20003840 20003840        0     1                 $t
20003841 20003841      954     1                 mutator
20003c50 20003c50        0     1                 $d
20003c60 20003c60        0     1                 $t
20003f0c 20003f0c        0     1                 $d
20003f3c 20003f3c        0     1                 $t
20003f48 20003f48        0     1                 $d
20003f58 20003f58        0     1                 $t
2000418c 2000418c        0     1                 $d
20004194 20004194        0     1                 $t
20004195 20004195      118     1                 dequeue_seed
20004298 20004298        0     1                 $d
200042ac 200042ac        0     1                 $t
200042ad 200042ad        c     1                 bubble_coverage
200042b4 200042b4        0     1                 $d
200042b8 200042b8        0     1                 $t
200042b9 200042b9       a4     1                 check_for_coverage
20004340 20004340        0     1                 $d
2000435c 2000435c        0     1                 $t
2000435d 2000435d       c8     1                 fuzzing_loop
20004414 20004414        0     1                 $d
20004424 20004424        0     1                 $t
20004425 20004425       1c     1                 __wrap_exit
2000443c 2000443c        0     1                 $d
20004440 20004440        0     1                 $t
20004441 20004441       14     1                 __wrap__exit
20004450 20004450        0     1                 $d
20004454 20004454        0     4         /home/santiago/Research/microfuzz/toolchains/arm/llvm/bin/../lib/clang-runtimes/arm-none-eabi/armv6m_soft_nofp_exn_rtti/lib/libc.a(memcpy.c.o):(.text)
20004454 20004454        0     4         /home/santiago/Research/microfuzz/toolchains/arm/llvm/bin/../lib/clang-runtimes/arm-none-eabi/armv6m_soft_nofp_exn_rtti/lib/libc.a(libc_stdlib_srand.c.o):(.text)
20004454 20004454        0     4         /home/santiago/Research/microfuzz/toolchains/arm/llvm/bin/../lib/clang-runtimes/arm-none-eabi/armv6m_soft_nofp_exn_rtti/lib/libc.a(libc_stdlib_srandom.c.o):(.text)
20004454 20004454        0     4         /home/santiago/Research/microfuzz/toolchains/arm/llvm/bin/../lib/clang-runtimes/arm-none-eabi/armv6m_soft_nofp_exn_rtti/lib/libc.a(libc_stdlib_random.c.o):(.text)
20004454 20004454        0     4         /home/santiago/Research/microfuzz/toolchains/arm/llvm/bin/../lib/clang-runtimes/arm-none-eabi/armv6m_soft_nofp_exn_rtti/lib/libc.a(libc_stdlib_rand.c.o):(.text)
20004454 20004454      248     4         /tmp/time_bare-f244ca.o:(.text)
20004454 20004454        0     1                 $t
20004455 20004455       40     1                 setup_fuzz_time
2000448c 2000448c        0     1                 $d
20004494 20004494        0     1                 $t
20004495 20004495       1a     1                 alarm_pool_create
200044b1 200044b1       5c     1                 execution_cleanup
20004508 20004508        0     1                 $d
2000450c 2000450c        0     1                 $t
2000450d 2000450d       30     1                 timer_callback
20004534 20004534        0     1                 $d
2000453c 2000453c        0     1                 $t
2000453d 2000453d       20     1                 start_fuzz_time
20004554 20004554        0     1                 $d
2000455c 2000455c        0     1                 $t
2000455d 2000455d       2a     1                 add_alarm_in_ms
20004589 20004589       28     1                 end_fuzz_time
200045a4 200045a4        0     1                 $d
200045b0 200045b0        0     1                 $t
200045b1 200045b1       42     1                 alarm_pool_add_alarm_in_ms
200045f5 200045f5       68     1                 delayed_by_ms
20004658 20004658        0     1                 $d
2000465c 2000465c        0     1                 $t
2000465d 2000465d       1c     1                 get_absolute_time
20004679 20004679        e     1                 to_us_since_boot
20004687 20004687       16     1                 update_us_since_boot
2000469c 2000469c        0     2         /home/santiago/Research/microfuzz/toolchains/arm/gcc/lib/gcc/arm-none-eabi/13.3.1/thumb/v6-m/nofp/crti.o:(.text)
2000469c 2000469c        0     2         /home/santiago/Research/microfuzz/toolchains/arm/gcc/lib/gcc/arm-none-eabi/13.3.1/thumb/v6-m/nofp/crtbegin.o:(.text)
2000469c 2000469c        0     2         /home/santiago/Research/microfuzz/toolchains/arm/gcc/lib/gcc/arm-none-eabi/13.3.1/thumb/v6-m/nofp/crtend.o:(.text)
2000469c 2000469c       40     4         /home/santiago/Research/microfuzz/toolchains/arm/llvm/bin/../lib/clang-runtimes/arm-none-eabi/armv6m_soft_nofp_exn_rtti/lib/libc.a(libc_stdlib_assert_func.c.o):(.text.__assert_func)
2000469c 2000469c        0     1                 $t
2000469d 2000469d       40     1                 __assert_func
200046cc 200046cc        0     1                 $d
200046dc 200046dc       1c     2         /home/santiago/Research/microfuzz/toolchains/arm/llvm/bin/../lib/clang-runtimes/arm-none-eabi/armv6m_soft_nofp_exn_rtti/lib/libc.a(libc_tinystdio_fprintf.c.o):(.text.fprintf)
200046dc 200046dc        0     1                 $t
200046dd 200046dd       1c     1                 fprintf
200046f8 200046f8      b04     4         /home/santiago/Research/microfuzz/toolchains/arm/llvm/bin/../lib/clang-runtimes/arm-none-eabi/armv6m_soft_nofp_exn_rtti/lib/libc.a(libc_tinystdio_vfprintf.c.o):(.text.vfprintf)
200046f8 200046f8        0     1                 $t
200046f9 200046f9      b04     1                 vfprintf
200046f9 200046f9      b04     1                 __d_vfprintf
20004794 20004794        0     1                 $d
200047bc 200047bc        0     1                 $t
200049cc 200049cc        0     1                 $d
200049e8 200049e8        0     1                 $t
200049f0 200049f0        0     1                 $d
200049f4 200049f4        0     1                 $t
20004e44 20004e44        0     1                 $d
20004e48 20004e48        0     1                 $t
20004e88 20004e88        0     1                 $d
20004e9c 20004e9c        0     1                 $t
200051f0 200051f0        0     1                 $d
200051fc 200051fc      158     4         /home/santiago/Research/microfuzz/toolchains/arm/llvm/bin/../lib/clang-runtimes/arm-none-eabi/armv6m_soft_nofp_exn_rtti/lib/libc.a(libc_tinystdio_vfprintf.c.o):(.text.skip_to_arg)
200051fc 200051fc        0     1                 $t
200051fd 200051fd      158     1                 skip_to_arg
20005350 20005350        0     1                 $d
20005354 20005354       5a     2         /home/santiago/Research/microfuzz/toolchains/arm/llvm/bin/../lib/clang-runtimes/arm-none-eabi/armv6m_soft_nofp_exn_rtti/lib/libc.a(libc_tinystdio_vfprintf.c.o):(.text.__ultoa_invert)
20005354 20005354        0     1                 $t
20005355 20005355       5a     1                 __ultoa_invert
200053b0 200053b0      130     4         /home/santiago/Research/microfuzz/toolchains/arm/llvm/bin/../lib/clang-runtimes/arm-none-eabi/armv6m_soft_nofp_exn_rtti/lib/libc.a(libc_tinystdio_dtox_engine.c.o):(.text.__dtox_engine)
200053b0 200053b0        0     1                 $t
200053b1 200053b1      130     1                 __dtox_engine
200054d4 200054d4        0     1                 $d
200054e0 200054e0      4aa     4         /home/santiago/Research/microfuzz/toolchains/arm/llvm/bin/../lib/clang-runtimes/arm-none-eabi/armv6m_soft_nofp_exn_rtti/lib/libc.a(libc_tinystdio_dtoa_ryu.c.o):(.text.__dtoa_engine)
200054e0 200054e0        0     1                 $t
200054e1 200054e1      4aa     1                 __dtoa_engine
200058ac 200058ac        0     1                 $d
200058b8 200058b8        0     1                 $t
2000598a 2000598a       12     2         /home/santiago/Research/microfuzz/toolchains/arm/llvm/bin/../lib/clang-runtimes/arm-none-eabi/armv6m_soft_nofp_exn_rtti/lib/libc.a(libc_tinystdio_dtoa_ryu.c.o):(.text.div10)
2000598a 2000598a        0     1                 $t
2000598b 2000598b       12     1                 div10
2000599c 2000599c       20     4         /home/santiago/Research/microfuzz/toolchains/arm/llvm/bin/../lib/clang-runtimes/arm-none-eabi/armv6m_soft_nofp_exn_rtti/lib/libc.a(libc_tinystdio_dtoa_ryu.c.o):(.text.umulh)
2000599c 2000599c        0     1                 $t
2000599d 2000599d       20     1                 umulh
200059b4 200059b4        0     1                 $d
200059bc 200059bc      216     2         /home/santiago/Research/microfuzz/toolchains/arm/llvm/bin/../lib/clang-runtimes/arm-none-eabi/armv6m_soft_nofp_exn_rtti/lib/libc.a(libc_tinystdio_dtoa_ryu.c.o):(.text.mulShiftAll64)
200059bc 200059bc        0     1                 $t
200059bd 200059bd      216     1                 mulShiftAll64
20005bd2 20005bd2       26     2         /home/santiago/Research/microfuzz/toolchains/arm/llvm/bin/../lib/clang-runtimes/arm-none-eabi/armv6m_soft_nofp_exn_rtti/lib/libc.a(libc_tinystdio_dtoa_ryu.c.o):(.text.decimalLength17)
20005bd2 20005bd2        0     1                 $t
20005bd3 20005bd3       26     1                 decimalLength17
20005bf8 20005bf8        c     4         /home/santiago/Research/microfuzz/toolchains/arm/llvm/bin/../lib/clang-runtimes/arm-none-eabi/armv6m_soft_nofp_exn_rtti/lib/libc.a(libc_tinystdio_ryu_log10.c.o):(.text.__log10Pow2)
20005bf8 20005bf8        0     1                 $t
20005bf9 20005bf9        c     1                 __log10Pow2
20005c00 20005c00        0     1                 $d
20005c04 20005c04        c     4         /home/santiago/Research/microfuzz/toolchains/arm/llvm/bin/../lib/clang-runtimes/arm-none-eabi/armv6m_soft_nofp_exn_rtti/lib/libc.a(libc_tinystdio_ryu_log10.c.o):(.text.__log10Pow5)
20005c04 20005c04        0     1                 $t
20005c05 20005c05        c     1                 __log10Pow5
20005c0c 20005c0c        0     1                 $d
20005c10 20005c10       10     4         /home/santiago/Research/microfuzz/toolchains/arm/llvm/bin/../lib/clang-runtimes/arm-none-eabi/armv6m_soft_nofp_exn_rtti/lib/libc.a(libc_tinystdio_ryu_pow5bits.c.o):(.text.__pow5bits)
20005c10 20005c10        0     1                 $t
20005c11 20005c11       10     1                 __pow5bits
20005c1c 20005c1c        0     1                 $d
20005c20 20005c20       34     4         /home/santiago/Research/microfuzz/toolchains/arm/llvm/bin/../lib/clang-runtimes/arm-none-eabi/armv6m_soft_nofp_exn_rtti/lib/libc.a(libc_tinystdio_ryu_table.c.o):(.text.__pow5Factor)
20005c20 20005c20        0     1                 $t
20005c21 20005c21       34     1                 __pow5Factor
20005c44 20005c44        0     1                 $d
20005c54 20005c54       f8     4         /home/santiago/Research/microfuzz/toolchains/arm/llvm/bin/../lib/clang-runtimes/arm-none-eabi/armv6m_soft_nofp_exn_rtti/lib/libc.a(libc_tinystdio_ryu_table.c.o):(.text.__double_computePow5)
20005c54 20005c54        0     1                 $t
20005c55 20005c55       f8     1                 __double_computePow5
20005d40 20005d40        0     1                 $d
20005d4c 20005d4c       fc     4         /home/santiago/Research/microfuzz/toolchains/arm/llvm/bin/../lib/clang-runtimes/arm-none-eabi/armv6m_soft_nofp_exn_rtti/lib/libc.a(libc_tinystdio_ryu_table.c.o):(.text.__double_computeInvPow5)
20005d4c 20005d4c        0     1                 $t
20005d4d 20005d4d       fc     1                 __double_computeInvPow5
20005e3c 20005e3c        0     1                 $d
20005e48 20005e48       5c     4         /home/santiago/Research/microfuzz/toolchains/arm/gcc/lib/gcc/arm-none-eabi/13.3.1/thumb/v6-m/nofp/libgcc.a(_muldi3.o):(.text.__muldi3)
20005e48 20005e48        0     1                 $t
20005e49 20005e49       5a     1                 __muldi3
20005e49 20005e49       5a     1                 __aeabi_lmul
20005ea4 20005ea4       6c     2         /home/santiago/Research/microfuzz/toolchains/arm/llvm/bin/../lib/clang-runtimes/arm-none-eabi/armv6m_soft_nofp_exn_rtti/lib/libc.a(libc_tinystdio_ryu_umul128.c.o):(.text.__umul128)
20005ea4 20005ea4        0     1                 $t
20005ea5 20005ea5       6c     1                 __umul128
20005f10 20005f10       28     2         /home/santiago/Research/microfuzz/toolchains/arm/llvm/bin/../lib/clang-runtimes/arm-none-eabi/armv6m_soft_nofp_exn_rtti/lib/libc.a(libc_tinystdio_ryu_umul128.c.o):(.text.__shiftright128)
20005f10 20005f10        0     1                 $t
20005f11 20005f11       28     1                 __shiftright128
20005f38 20005f38      198     4         /home/santiago/Research/microfuzz/toolchains/arm/gcc/lib/gcc/arm-none-eabi/13.3.1/thumb/v6-m/nofp/libgcc.a(_udivmoddi4.o):(.text.__udivmoddi4)
20005f38 20005f38        0     1                 $t
20005f39 20005f39      198     1                 __udivmoddi4
200060d0 200060d0       1e     2         /home/santiago/Research/microfuzz/toolchains/arm/llvm/bin/../lib/clang-runtimes/arm-none-eabi/armv6m_soft_nofp_exn_rtti/lib/libc.a(libc_string_strnlen.c.o):(.text.strnlen)
200060d0 200060d0        0     1                 $t
200060d1 200060d1       1e     1                 strnlen
200060ee 200060ee       10     2         /home/santiago/Research/microfuzz/toolchains/arm/llvm/bin/../lib/clang-runtimes/arm-none-eabi/armv6m_soft_nofp_exn_rtti/lib/libc.a(libc_stdlib_abort.c.o):(.text.abort)
200060ee 200060ee        0     1                 $t
200060ef 200060ef       10     1                 abort
20006100 20006100       30     4         /home/santiago/Research/microfuzz/toolchains/arm/llvm/bin/../lib/clang-runtimes/arm-none-eabi/armv6m_soft_nofp_exn_rtti/lib/libc.a(libc_signal_signal.c.o):(.text.signal)
20006100 20006100        0     1                 $t
20006101 20006101       30     1                 signal
20006128 20006128        0     1                 $d
20006130 20006130       4c     4         /home/santiago/Research/microfuzz/toolchains/arm/llvm/bin/../lib/clang-runtimes/arm-none-eabi/armv6m_soft_nofp_exn_rtti/lib/libc.a(libc_signal_signal.c.o):(.text.raise)
20006130 20006130        0     1                 $t
20006131 20006131       4c     1                 raise
20006174 20006174        0     1                 $d
20006180 20006180        c    16         /home/santiago/Research/microfuzz/toolchains/arm/llvm/bin/../lib/clang-runtimes/arm-none-eabi/armv6m_soft_nofp_exn_rtti/lib/libc.a(libc_picolib_machine_arm_read_tp.S.o):(.text.__aeabi_read_tp)
20006180 20006180        0     1                 $t
20006181 20006181        0     1                 __aeabi_read_tp
20006188 20006188        0     1                 $d
2000618c 2000618c       48     4         /home/santiago/Research/microfuzz/toolchains/arm/llvm/bin/../lib/clang-runtimes/arm-none-eabi/armv6m_soft_nofp_exn_rtti/lib/libc.a(nano-malloc.c.o):(.text.__malloc_grow_chunk)
2000618c 2000618c        0     1                 $t
2000618d 2000618d       48     1                 __malloc_grow_chunk
200061d0 200061d0        0     1                 $d
200061d4 200061d4       54     4         /home/santiago/Research/microfuzz/toolchains/arm/llvm/bin/../lib/clang-runtimes/arm-none-eabi/armv6m_soft_nofp_exn_rtti/lib/libc.a(nano-malloc.c.o):(.text.__malloc_sbrk_aligned)
200061d4 200061d4        0     1                 $t
200061d5 200061d5       54     1                 __malloc_sbrk_aligned
20006224 20006224        0     1                 $d
20006228 20006228       b0     4         /home/santiago/Research/microfuzz/toolchains/arm/llvm/bin/../lib/clang-runtimes/arm-none-eabi/armv6m_soft_nofp_exn_rtti/lib/libc.a(nano-malloc.c.o):(.text.malloc)
20006228 20006228        0     1                 $t
20006229 20006229       b0     1                 malloc
20006229 20006229       b0     1                 __malloc_malloc
200062cc 200062cc        0     1                 $d
200062d8 200062d8       7c     4         /home/santiago/Research/microfuzz/toolchains/arm/llvm/bin/../lib/clang-runtimes/arm-none-eabi/armv6m_soft_nofp_exn_rtti/lib/libc.a(nano-free.c.o):(.text.free)
200062d8 200062d8        0     1                 $t
200062d9 200062d9       7c     1                 free
200062d9 200062d9       7c     1                 __malloc_free
200062d9 200062d9       7c     1                 cfree
20006348 20006348        0     1                 $d
20006354 20006354        2     2         /home/santiago/Research/microfuzz/toolchains/arm/llvm/bin/../lib/clang-runtimes/arm-none-eabi/armv6m_soft_nofp_exn_rtti/lib/libc.a(libc_misc_lock.c.o):(.text.__retarget_lock_init)
20006354 20006354        0     1                 $t
20006355 20006355        2     1                 __retarget_lock_init
20006356 20006356        2     2         /home/santiago/Research/microfuzz/toolchains/arm/llvm/bin/../lib/clang-runtimes/arm-none-eabi/armv6m_soft_nofp_exn_rtti/lib/libc.a(libc_misc_lock.c.o):(.text.__retarget_lock_init_recursive)
20006356 20006356        0     1                 $t
20006357 20006357        2     1                 __retarget_lock_init_recursive
20006358 20006358        2     2         /home/santiago/Research/microfuzz/toolchains/arm/llvm/bin/../lib/clang-runtimes/arm-none-eabi/armv6m_soft_nofp_exn_rtti/lib/libc.a(libc_misc_lock.c.o):(.text.__retarget_lock_close)
20006358 20006358        0     1                 $t
20006359 20006359        2     1                 __retarget_lock_close
2000635a 2000635a        2     2         /home/santiago/Research/microfuzz/toolchains/arm/llvm/bin/../lib/clang-runtimes/arm-none-eabi/armv6m_soft_nofp_exn_rtti/lib/libc.a(libc_misc_lock.c.o):(.text.__retarget_lock_close_recursive)
2000635a 2000635a        0     1                 $t
2000635b 2000635b        2     1                 __retarget_lock_close_recursive
2000635c 2000635c        2     2         /home/santiago/Research/microfuzz/toolchains/arm/llvm/bin/../lib/clang-runtimes/arm-none-eabi/armv6m_soft_nofp_exn_rtti/lib/libc.a(libc_misc_lock.c.o):(.text.__retarget_lock_acquire)
2000635c 2000635c        0     1                 $t
2000635d 2000635d        2     1                 __retarget_lock_acquire
2000635e 2000635e        2     2         /home/santiago/Research/microfuzz/toolchains/arm/llvm/bin/../lib/clang-runtimes/arm-none-eabi/armv6m_soft_nofp_exn_rtti/lib/libc.a(libc_misc_lock.c.o):(.text.__retarget_lock_acquire_recursive)
2000635e 2000635e        0     1                 $t
2000635f 2000635f        2     1                 __retarget_lock_acquire_recursive
20006360 20006360        2     2         /home/santiago/Research/microfuzz/toolchains/arm/llvm/bin/../lib/clang-runtimes/arm-none-eabi/armv6m_soft_nofp_exn_rtti/lib/libc.a(libc_misc_lock.c.o):(.text.__retarget_lock_release)
20006360 20006360        0     1                 $t
20006361 20006361        2     1                 __retarget_lock_release
20006362 20006362        2     2         /home/santiago/Research/microfuzz/toolchains/arm/llvm/bin/../lib/clang-runtimes/arm-none-eabi/armv6m_soft_nofp_exn_rtti/lib/libc.a(libc_misc_lock.c.o):(.text.__retarget_lock_release_recursive)
20006362 20006362        0     1                 $t
20006363 20006363        2     1                 __retarget_lock_release_recursive
20006364 20006364       48     4         /home/santiago/Research/microfuzz/toolchains/arm/llvm/bin/../lib/clang-runtimes/arm-none-eabi/armv6m_soft_nofp_exn_rtti/lib/libc.a(libc_picolib_picosbrk.c.o):(.text.sbrk)
20006364 20006364        0     1                 $t
20006365 20006365       48     1                 sbrk
2000639c 2000639c        0     1                 $d
200063ac 200063ac        e     2         /home/santiago/Research/microfuzz/toolchains/arm/llvm/bin/../lib/clang-runtimes/arm-none-eabi/armv6m_soft_nofp_exn_rtti/lib/libc.a(bzero.c.o):(.text.bzero)
200063ac 200063ac        0     1                 $t
200063ad 200063ad        e     1                 bzero
200063ad 200063ad        e     1                 __aeabi_memclr4
200063ad 200063ad        e     1                 __aeabi_memclr8
200063ad 200063ad        e     1                 __aeabi_memclr
200063ba 200063ba        e     2         /home/santiago/Research/microfuzz/toolchains/arm/llvm/bin/../lib/clang-runtimes/arm-none-eabi/armv6m_soft_nofp_exn_rtti/lib/libc.a(memset.c.o):(.text.memset)
200063ba 200063ba        0     1                 $t
200063bb 200063bb        e     1                 memset
200063c8 200063c8       44     4         /home/santiago/Research/microfuzz/toolchains/arm/llvm/bin/../lib/clang-runtimes/arm-none-eabi/armv6m_soft_nofp_exn_rtti/lib/libc.a(nano-calloc.c.o):(.text.calloc)
200063c8 200063c8        0     1                 $t
200063c9 200063c9       44     1                 calloc
20006408 20006408        0     1                 $d
2000640c 2000640c       3c     4         /home/santiago/Research/microfuzz/toolchains/arm/gcc/lib/gcc/arm-none-eabi/13.3.1/thumb/v6-m/nofp/libgcc.a(bpabi.o):(.text.__gnu_ldivmod_helper)
2000640c 2000640c        0     1                 $t
2000640d 2000640d       3a     1                 __gnu_ldivmod_helper
20006448 20006448      1e4     4         /home/santiago/Research/microfuzz/toolchains/arm/gcc/lib/gcc/arm-none-eabi/13.3.1/thumb/v6-m/nofp/libgcc.a(_divdi3.o):(.text.__divdi3)
20006448 20006448        0     1                 $t
20006449 20006449      1e2     1                 __divdi3
2000662c 2000662c       24     4         /home/santiago/Research/microfuzz/toolchains/arm/llvm/bin/../lib/clang-runtimes/arm-none-eabi/armv6m_soft_nofp_exn_rtti/lib/libc.a(libc_stdlib_pico-exit.c.o):(.text.exit)
2000662c 2000662c        0     1                 $t
2000664c 2000664c        0     1                 $d
20006650 20006650       34     4         /home/santiago/Research/microfuzz/toolchains/arm/llvm/bin/../lib/clang-runtimes/arm-none-eabi/armv6m_soft_nofp_exn_rtti/lib/libc.a(libc_misc_fini.c.o):(.text.__libc_fini_array)
20006650 20006650        0     1                 $t
20006651 20006651       34     1                 __libc_fini_array
20006678 20006678        0     1                 $d
20006684 20006684       94     4         /home/santiago/Research/microfuzz/toolchains/arm/gcc/lib/gcc/arm-none-eabi/13.3.1/thumb/v6-m/nofp/libgcc.a(floatsisf.o):(.text.__aeabi_i2f)
20006684 20006684        0     1                 $t
20006685 20006685       94     1                 __aeabi_i2f
20006714 20006714        0     1                 $d
20006718 20006718      340     4         /home/santiago/Research/microfuzz/toolchains/arm/gcc/lib/gcc/arm-none-eabi/13.3.1/thumb/v6-m/nofp/libgcc.a(addsf3.o):(.text.__aeabi_fadd)
20006718 20006718        0     1                 $t
20006719 20006719      340     1                 __aeabi_fadd
20006a50 20006a50        0     1                 $d
20006a58 20006a58      280     4         /home/santiago/Research/microfuzz/toolchains/arm/gcc/lib/gcc/arm-none-eabi/13.3.1/thumb/v6-m/nofp/libgcc.a(mulsf3.o):(.text.__aeabi_fmul)
20006a58 20006a58        0     1                 $t
20006a59 20006a59      280     1                 __aeabi_fmul
20006cd4 20006cd4        0     1                 $d
20006cd8 20006cd8      38c     4         /home/santiago/Research/microfuzz/toolchains/arm/gcc/lib/gcc/arm-none-eabi/13.3.1/thumb/v6-m/nofp/libgcc.a(subsf3.o):(.text.__aeabi_fsub)
20006cd8 20006cd8        0     1                 $t
20006cd9 20006cd9      38c     1                 __aeabi_fsub
2000705c 2000705c        0     1                 $d
20007064 20007064      224     4         /home/santiago/Research/microfuzz/toolchains/arm/gcc/lib/gcc/arm-none-eabi/13.3.1/thumb/v6-m/nofp/libgcc.a(divsf3.o):(.text.__aeabi_fdiv)
20007064 20007064        0     1                 $t
20007065 20007065      224     1                 __aeabi_fdiv
2000727c 2000727c        0     1                 $d
20007288 20007288       40     4         /home/santiago/Research/microfuzz/toolchains/arm/gcc/lib/gcc/arm-none-eabi/13.3.1/thumb/v6-m/nofp/libgcc.a(fixsfsi.o):(.text.__aeabi_f2iz)
20007288 20007288        0     1                 $t
20007289 20007289       40     1                 __aeabi_f2iz
200072c4 200072c4        0     1                 $d
200072c8 200072c8       80     4         /home/santiago/Research/microfuzz/toolchains/arm/gcc/lib/gcc/arm-none-eabi/13.3.1/thumb/v6-m/nofp/libgcc.a(floatunsisf.o):(.text.__aeabi_ui2f)
200072c8 200072c8        0     1                 $t
200072c9 200072c9       80     1                 __aeabi_ui2f
20007344 20007344        0     1                 $d
20007348 20007348       90     4         /home/santiago/Research/microfuzz/toolchains/arm/gcc/lib/gcc/arm-none-eabi/13.3.1/thumb/v6-m/nofp/libgcc.a(extendsfdf2.o):(.text.__aeabi_f2d)
20007348 20007348        0     1                 $t
20007349 20007349       90     1                 __aeabi_f2d
200073d0 200073d0        0     1                 $d
200073d8 200073d8      730     4         /home/santiago/Research/microfuzz/toolchains/arm/gcc/lib/gcc/arm-none-eabi/13.3.1/thumb/v6-m/nofp/libgcc.a(adddf3.o):(.text.__aeabi_dadd)
200073d8 200073d8        0     1                 $t
200073d9 200073d9      730     1                 __aeabi_dadd
20007730 20007730        0     1                 $d
2000773c 2000773c        0     1                 $t
20007a9c 20007a9c        0     1                 $d
20007aa8 20007aa8        0     1                 $t
20007b04 20007b04        0     1                 $d
20007b08 20007b08       78     4         /home/santiago/Research/microfuzz/toolchains/arm/gcc/lib/gcc/arm-none-eabi/13.3.1/thumb/v6-m/nofp/libgcc.a(fixdfsi.o):(.text.__aeabi_d2iz)
20007b08 20007b08        0     1                 $t
20007b09 20007b09       78     1                 __aeabi_d2iz
20007b68 20007b68        0     1                 $d
20007b80 20007b80       14     2         /home/santiago/Research/microfuzz/toolchains/arm/llvm/bin/../lib/clang-runtimes/arm-none-eabi/armv6m_soft_nofp_exn_rtti/lib/libc.a(memcpy.c.o):(.text.memcpy)
20007b80 20007b80        0     1                 $t
20007b81 20007b81       14     1                 memcpy
20007b81 20007b81       14     1                 __aeabi_memcpy4
20007b81 20007b81       14     1                 __aeabi_memcpy8
20007b81 20007b81       14     1                 __aeabi_memcpy
20007b94 20007b94        a     2         /home/santiago/Research/microfuzz/toolchains/arm/llvm/bin/../lib/clang-runtimes/arm-none-eabi/armv6m_soft_nofp_exn_rtti/lib/libc.a(libc_stdlib_srand.c.o):(.text.srand)
20007b94 20007b94        0     1                 $t
20007b95 20007b95        a     1                 srand
20007ba0 20007ba0       1c     4         /home/santiago/Research/microfuzz/toolchains/arm/llvm/bin/../lib/clang-runtimes/arm-none-eabi/armv6m_soft_nofp_exn_rtti/lib/libc.a(libc_stdlib_srandom.c.o):(.text.srandom)
20007ba0 20007ba0        0     1                 $t
20007ba1 20007ba1       1c     1                 srandom
20007bb8 20007bb8        0     1                 $d
20007bbc 20007bbc       3c     4         /home/santiago/Research/microfuzz/toolchains/arm/llvm/bin/../lib/clang-runtimes/arm-none-eabi/armv6m_soft_nofp_exn_rtti/lib/libc.a(libc_stdlib_random.c.o):(.text.random)
20007bbc 20007bbc        0     1                 $t
20007bbd 20007bbd       3c     1                 random
20007bec 20007bec        0     1                 $d
20007bf8 20007bf8        a     2         /home/santiago/Research/microfuzz/toolchains/arm/llvm/bin/../lib/clang-runtimes/arm-none-eabi/armv6m_soft_nofp_exn_rtti/lib/libc.a(libc_stdlib_rand.c.o):(.text.rand)
20007bf8 20007bf8        0     1                 $t
20007bf9 20007bf9        a     1                 rand
20007c04 20007c04       20     4         /home/santiago/Research/microfuzz/toolchains/arm/gcc/lib/gcc/arm-none-eabi/13.3.1/thumb/v6-m/nofp/crtbegin.o:(.text.deregister_tm_clones)
20007c04 20007c04        0     1                 $t
20007c05 20007c05        0     1                 deregister_tm_clones
20007c18 20007c18        0     1                 $d
20007c24 20007c24       28     4         /home/santiago/Research/microfuzz/toolchains/arm/gcc/lib/gcc/arm-none-eabi/13.3.1/thumb/v6-m/nofp/crtbegin.o:(.text.register_tm_clones)
20007c24 20007c24        0     1                 $t
20007c25 20007c25        0     1                 register_tm_clones
20007c40 20007c40        0     1                 $d
20007c4c 20007c4c       2c     4         /home/santiago/Research/microfuzz/toolchains/arm/gcc/lib/gcc/arm-none-eabi/13.3.1/thumb/v6-m/nofp/crtbegin.o:(.text.__do_global_dtors_aux)
20007c4c 20007c4c        0     1                 $t
20007c4d 20007c4d        0     1                 __do_global_dtors_aux
20007c6c 20007c6c        0     1                 $d
20007c78 20007c78       24     4         /home/santiago/Research/microfuzz/toolchains/arm/gcc/lib/gcc/arm-none-eabi/13.3.1/thumb/v6-m/nofp/crtbegin.o:(.text.frame_dummy)
20007c78 20007c78        0     1                 $t
20007c79 20007c79        0     1                 frame_dummy
20007c90 20007c90        0     1                 $d
20007ca0 20007ca0        4     4         /home/santiago/Research/microfuzz/toolchains/arm/gcc/lib/gcc/arm-none-eabi/13.3.1/thumb/v6-m/nofp/crti.o:(.init)
20007ca0 20007ca0        0     1                 $t
20007ca1 20007ca1        0     1                 _init
20007ca4 20007ca4        4     4         /home/santiago/Research/microfuzz/toolchains/arm/gcc/lib/gcc/arm-none-eabi/13.3.1/thumb/v6-m/nofp/crti.o:(.fini)
20007ca4 20007ca4        0     1                 $t
20007ca5 20007ca5        0     1                 _fini
20007ca8 20007ca8        0     1         . = ALIGN ( 4 )
20007ca8 20007ca8        0     1         _etext = .
20007ca8 20007ca8      cd8     8 .rodata
20007ca8 20007ca8        0     1         . = ALIGN ( 4 )
20007ca8 20007ca8       10     8         /tmp/time-1e2b61.o:(.rodata)
20007ca8 20007ca8        8     1                 nil_time
20007cb0 20007cb0        8     1                 at_the_end_of_time
20007cb8 20007cb8      33c     8         /home/santiago/Research/microfuzz/toolchains/arm/llvm/bin/../lib/clang-runtimes/arm-none-eabi/armv6m_soft_nofp_exn_rtti/lib/libc.a(libc_tinystdio_ryu_table.c.o):(.rodata)
20007cb8 20007cb8       d0     1                 DOUBLE_POW5_SPLIT2
20007d88 20007d88       d0     1                 DOUBLE_POW5_TABLE
20007e58 20007e58       54     1                 POW5_OFFSETS
20007eb0 20007eb0       f0     1                 DOUBLE_POW5_INV_SPLIT2
20007fa0 20007fa0       54     1                 POW5_INV_OFFSETS
20007ff4 20007ff4      778     4         /tmp/conf-1b4b4a.o:(.rodata)
20007ff4 20007ff4       40     1                 jpec_qzr
20008034 20008034       1c     1                 jpec_dct
20008050 20008050      100     1                 jpec_zz
20008150 20008150       11     1                 jpec_dc_nodes
20008164 20008164        4     1                 jpec_dc_nb_vals
20008168 20008168        c     1                 jpec_dc_vals
20008174 20008174       11     1                 jpec_ac_nodes
20008188 20008188        4     1                 jpec_ac_nb_vals
2000818c 2000818c       a2     1                 jpec_ac_vals
2000822e 2000822e        c     1                 jpec_dc_len
2000823c 2000823c       30     1                 jpec_dc_code
2000826c 2000826c      100     1                 jpec_ac_len
2000836c 2000836c      400     1                 jpec_ac_code
2000876c 2000876c      14d     1         <internal>:(.rodata.str1.1)
200088bc 200088bc       7c     4         /home/santiago/Research/microfuzz/toolchains/arm/gcc/lib/gcc/arm-none-eabi/13.3.1/thumb/v6-m/nofp/libgcc.a(divsf3.o):(.rodata.__aeabi_fdiv)
200088bc 200088bc        0     1                 $d
20008938 20008938       24     4         /home/santiago/Research/microfuzz/toolchains/arm/gcc/lib/gcc/arm-none-eabi/13.3.1/thumb/v6-m/nofp/crtbegin.o:(.rodata.all_implied_fbits)
20008938 20008938        0     1                 $d
20008938 20008938        0     1                 all_implied_fbits
2000895c 2000895c       24     4         /home/santiago/Research/microfuzz/toolchains/arm/gcc/lib/gcc/arm-none-eabi/13.3.1/thumb/v6-m/nofp/crtend.o:(.rodata.all_implied_fbits)
2000895c 2000895c        0     1                 $d
2000895c 2000895c        0     1                 all_implied_fbits
20008980 20008980        0     1         . = ALIGN ( 4 )
20008980 20008980        0     1 .ARM.extab
20008980 20008980        0     1         . = ALIGN ( 4 )
20008980 20008980        0     1         /home/santiago/Research/microfuzz/toolchains/arm/gcc/lib/gcc/arm-none-eabi/13.3.1/thumb/v6-m/nofp/libgcc.a(_udivmoddi4.o):(.ARM.extab.text.__udivmoddi4)
20008980 20008980        0     1         /home/santiago/Research/microfuzz/toolchains/arm/gcc/lib/gcc/arm-none-eabi/13.3.1/thumb/v6-m/nofp/libgcc.a(_divdi3.o):(.ARM.extab.text.__divdi3)
20008980 20008980        0     1         . = ALIGN ( 4 )
20008980 20008980       10     4 .ARM
20008980 20008980        0     1         . = ALIGN ( 4 )
20008980 20008980        0     1         __exidx_start = .
20008980 20008980       10     4         <internal>:(.ARM.exidx)
20008990 20008990        0     1         __exidx_end = .
20008990 20008990        0     1         . = ALIGN ( 4 )
20008990 20008990        0     1 .preinit_array
20008990 20008990        0     1         . = ALIGN ( 4 )
20008990 20008990        0     1         . = ALIGN ( 4 )
20008990 20008990        4     4 .init_array
20008990 20008990        0     1         . = ALIGN ( 4 )
20008990 20008990        4     4         /home/santiago/Research/microfuzz/toolchains/arm/gcc/lib/gcc/arm-none-eabi/13.3.1/thumb/v6-m/nofp/crtbegin.o:(.init_array)
20008990 20008990        0     1                 $d
20008990 20008990        0     1                 __frame_dummy_init_array_entry
20008994 20008994        0     1         . = ALIGN ( 4 )
20008994 20008994        4     4 .fini_array
20008994 20008994        0     1         . = ALIGN ( 4 )
20008994 20008994        0     1         PROVIDE_HIDDEN ( __fini_array_start = . )
20008994 20008994        4     4         /home/santiago/Research/microfuzz/toolchains/arm/gcc/lib/gcc/arm-none-eabi/13.3.1/thumb/v6-m/nofp/crtbegin.o:(.fini_array)
20008994 20008994        0     1                 $d
20008994 20008994        0     1                 __do_global_dtors_aux_fini_array_entry
20008998 20008998        0     1         PROVIDE_HIDDEN ( __fini_array_end = . )
20008998 20008998        0     1         . = ALIGN ( 4 )
20008998 20008998        8     8 .tdata
20008998 20008998        8     8         /home/santiago/Research/microfuzz/toolchains/arm/llvm/bin/../lib/clang-runtimes/arm-none-eabi/armv6m_soft_nofp_exn_rtti/lib/libc.a(libc_stdlib_random.c.o):(.tdata)
       0        0        8     1                 _rand_next
200089a0 200089a0        4     4 .tbss
200089a0 200089a0        4     4         /home/santiago/Research/microfuzz/toolchains/arm/llvm/bin/../lib/clang-runtimes/arm-none-eabi/armv6m_soft_nofp_exn_rtti/lib/libc.a(libc_errno_errno.c.o):(.tbss)
       8        8        4     1                 errno
200089a4 200089a4     1140     4 .fuzzbss
200089a4 200089a4        0     1         . = ALIGN ( 4 )
200089a4 200089a4        0     1         _fuzzbssstart = .
200089a4 200089a4        4     4         /tmp/harness-7b496a.o:(.fuzzbss)
200089a4 200089a4        4     1                 g_sutPtr
200089a8 200089a8     113c     4         /tmp/fuzz-e8e9b8.o:(.fuzzbss)
200089a8 200089a8        4     1                 g_covListPtr
200089ac 200089ac        4     1                 g_sutStartPtr
200089b0 200089b0        1     1                 g_isIncreasing
200089b4 200089b4        4     1                 g_iterations
200089b8 200089b8        1     1                 g_isReset
200089b9 200089b9        1     1                 g_isRestore
200089bc 200089bc        4     1                 g_dataContext
200089c0 200089c0        1     1                 g_nSeeds
200089c2 200089c2        4     1                 g_poolContext
200089c6 200089c6        6     1                 g_mutContext
200089cc 200089cc      190     1                 g_coverageList
20008b5c 20008b5c        4     1                 g_randomSeed
20008b60 20008b60        4     1                 g_testCaseBuffer
20008b64 20008b64      f3c     1                 g_localPool
20009aa0 20009aa0       40     1                 reg_context
20009ae0 20009ae0        4     1                 fuzzer_return
20009ae4 20009ae4        0     1         _fuzzbssend = .
20009ae4 20009ae4        0     1         . = ALIGN ( 4 )
20009ae4 20009ae4        0     4 .tm_clone_table
20009ae4 20009ae4        0     4         /home/santiago/Research/microfuzz/toolchains/arm/gcc/lib/gcc/arm-none-eabi/13.3.1/thumb/v6-m/nofp/crtbegin.o:(.tm_clone_table)
20009ae4 20009ae4        0     1                 __TMC_LIST__
20009ae4 20009ae4        0     4         /home/santiago/Research/microfuzz/toolchains/arm/gcc/lib/gcc/arm-none-eabi/13.3.1/thumb/v6-m/nofp/crtend.o:(.tm_clone_table)
20009ae4 20009ae4        0     1                 __TMC_END__
20009ae4 20009ae4        0     1 .targetbss
20009ae4 20009ae4        0     1         . = ALIGN ( 4 )
20009ae4 20009ae4        0     1         _targetbssstart = .
20009ae4 20009ae4        0     1         _targetbssend = .
20009ae4 20009ae4        0     1         . = ALIGN ( 4 )
20009af0 20009af0     1c8c    16 .bss
20009af0 20009af0        0     1         . = ALIGN ( 4 )
20009af0 20009af0        0     1         _sbss = .
20009af0 20009af0        0     1         __bss_start__ = _sbss
20009af0 20009af0      198     8         /tmp/time-1e2b61.o:(.bss)
20009af0 20009af0        4     1                 sleep_notifier
20009af4 20009af4       10     1                 pools
20009b08 20009b08      180     1                 default_alarm_pool_entries
20009c88 20009c88        0     1         /home/santiago/Research/microfuzz/toolchains/arm/gcc/lib/gcc/arm-none-eabi/13.3.1/thumb/v6-m/nofp/libgcc.a(_ashldi3.o):(.bss)
20009c88 20009c88        0     1         /home/santiago/Research/microfuzz/toolchains/arm/gcc/lib/gcc/arm-none-eabi/13.3.1/thumb/v6-m/nofp/libgcc.a(_lshrdi3.o):(.bss)
20009c88 20009c88        0     1         /home/santiago/Research/microfuzz/toolchains/arm/gcc/lib/gcc/arm-none-eabi/13.3.1/thumb/v6-m/nofp/libgcc.a(_muldi3.o):(.bss)
20009c88 20009c88        0     1         /home/santiago/Research/microfuzz/toolchains/arm/gcc/lib/gcc/arm-none-eabi/13.3.1/thumb/v6-m/nofp/libgcc.a(_udivsi3.o):(.bss)
20009c88 20009c88        0     1         /home/santiago/Research/microfuzz/toolchains/arm/gcc/lib/gcc/arm-none-eabi/13.3.1/thumb/v6-m/nofp/libgcc.a(_dvmd_tls.o):(.bss)
20009c88 20009c88        0     1         /home/santiago/Research/microfuzz/toolchains/arm/gcc/lib/gcc/arm-none-eabi/13.3.1/thumb/v6-m/nofp/libgcc.a(_aeabi_uldivmod.o):(.bss)
20009c88 20009c88        0     1         /home/santiago/Research/microfuzz/toolchains/arm/gcc/lib/gcc/arm-none-eabi/13.3.1/thumb/v6-m/nofp/libgcc.a(_udivmoddi4.o):(.bss)
20009c88 20009c88        0     1         /home/santiago/Research/microfuzz/toolchains/arm/gcc/lib/gcc/arm-none-eabi/13.3.1/thumb/v6-m/nofp/libgcc.a(_clzdi2.o):(.bss)
20009c88 20009c88        0     1         /home/santiago/Research/microfuzz/toolchains/arm/gcc/lib/gcc/arm-none-eabi/13.3.1/thumb/v6-m/nofp/libgcc.a(_clzsi2.o):(.bss)
20009c88 20009c88       80     4         /home/santiago/Research/microfuzz/toolchains/arm/llvm/bin/../lib/clang-runtimes/arm-none-eabi/armv6m_soft_nofp_exn_rtti/lib/libc.a(libc_signal_signal.c.o):(.bss)
20009c88 20009c88       80     1                 _sig_func
20009d10 20009d10        4    16         /home/santiago/Research/microfuzz/toolchains/arm/llvm/bin/../lib/clang-runtimes/arm-none-eabi/armv6m_soft_nofp_exn_rtti/lib/libc.a(libc_picolib_machine_arm_read_tp.S.o):(.bss)
20009d10 20009d10        4     1                 __tls
20009d14 20009d14        c     4         /home/santiago/Research/microfuzz/toolchains/arm/llvm/bin/../lib/clang-runtimes/arm-none-eabi/armv6m_soft_nofp_exn_rtti/lib/libc.a(nano-malloc.c.o):(.bss)
20009d14 20009d14        4     1                 __malloc_free_list
20009d18 20009d18        4     1                 __malloc_sbrk_top
20009d1c 20009d1c        4     1                 __malloc_sbrk_start
20009d20 20009d20        1     1         /home/santiago/Research/microfuzz/toolchains/arm/llvm/bin/../lib/clang-runtimes/arm-none-eabi/armv6m_soft_nofp_exn_rtti/lib/libc.a(libc_misc_lock.c.o):(.bss)
20009d20 20009d20        1     1                 __lock___libc_recursive_mutex
20009d21 20009d21        0     1         /home/santiago/Research/microfuzz/toolchains/arm/gcc/lib/gcc/arm-none-eabi/13.3.1/thumb/v6-m/nofp/libgcc.a(_aeabi_ldivmod.o):(.bss)
20009d21 20009d21        0     1         /home/santiago/Research/microfuzz/toolchains/arm/gcc/lib/gcc/arm-none-eabi/13.3.1/thumb/v6-m/nofp/libgcc.a(bpabi.o):(.bss)
20009d21 20009d21        0     1         /home/santiago/Research/microfuzz/toolchains/arm/gcc/lib/gcc/arm-none-eabi/13.3.1/thumb/v6-m/nofp/libgcc.a(_divdi3.o):(.bss)
20009d24 20009d24     15e5     4         /tmp/buf-7a6949.o:(.bss)
20009d24 20009d24        c     1                 g_jpec_buffer
20009d30 20009d30     15d9     1                 g_output_buf
2000b30c 2000b30c      434     4         /tmp/enc-c7b3a6.o:(.bss)
2000b30c 2000b30c      428     1                 g_jpec_enc
2000b734 2000b734        c     1                 g_jpec_huff_skel
2000b740 2000b740        0     1         /home/santiago/Research/microfuzz/toolchains/arm/gcc/lib/gcc/arm-none-eabi/13.3.1/thumb/v6-m/nofp/libgcc.a(_divsi3.o):(.bss)
2000b740 2000b740        0     1         /home/santiago/Research/microfuzz/toolchains/arm/gcc/lib/gcc/arm-none-eabi/13.3.1/thumb/v6-m/nofp/libgcc.a(floatsisf.o):(.bss)
2000b740 2000b740        0     1         /home/santiago/Research/microfuzz/toolchains/arm/gcc/lib/gcc/arm-none-eabi/13.3.1/thumb/v6-m/nofp/libgcc.a(addsf3.o):(.bss)
2000b740 2000b740        0     1         /home/santiago/Research/microfuzz/toolchains/arm/gcc/lib/gcc/arm-none-eabi/13.3.1/thumb/v6-m/nofp/libgcc.a(mulsf3.o):(.bss)
2000b740 2000b740        0     1         /home/santiago/Research/microfuzz/toolchains/arm/gcc/lib/gcc/arm-none-eabi/13.3.1/thumb/v6-m/nofp/libgcc.a(subsf3.o):(.bss)
2000b740 2000b740        0     1         /home/santiago/Research/microfuzz/toolchains/arm/gcc/lib/gcc/arm-none-eabi/13.3.1/thumb/v6-m/nofp/libgcc.a(divsf3.o):(.bss)
2000b740 2000b740        0     1         /home/santiago/Research/microfuzz/toolchains/arm/gcc/lib/gcc/arm-none-eabi/13.3.1/thumb/v6-m/nofp/libgcc.a(fixsfsi.o):(.bss)
2000b740 2000b740        0     1         /home/santiago/Research/microfuzz/toolchains/arm/gcc/lib/gcc/arm-none-eabi/13.3.1/thumb/v6-m/nofp/libgcc.a(floatunsisf.o):(.bss)
2000b740 2000b740        0     1         /home/santiago/Research/microfuzz/toolchains/arm/gcc/lib/gcc/arm-none-eabi/13.3.1/thumb/v6-m/nofp/libgcc.a(extendsfdf2.o):(.bss)
2000b740 2000b740        0     1         /home/santiago/Research/microfuzz/toolchains/arm/gcc/lib/gcc/arm-none-eabi/13.3.1/thumb/v6-m/nofp/libgcc.a(adddf3.o):(.bss)
2000b740 2000b740        0     1         /home/santiago/Research/microfuzz/toolchains/arm/gcc/lib/gcc/arm-none-eabi/13.3.1/thumb/v6-m/nofp/libgcc.a(fixdfsi.o):(.bss)
2000b740 2000b740       10     4         /tmp/huff-af71f8.o:(.bss)
2000b740 2000b740       10     1                 g_jpeg_huff
2000b750 2000b750       10     8         /tmp/time_bare-f244ca.o:(.bss)
2000b750 2000b750        8     1                 g_count
2000b758 2000b758        4     1                 pool_ptr
2000b75c 2000b75c        4     1                 timer_id
2000b760 2000b760        0     1         /home/santiago/Research/microfuzz/toolchains/arm/gcc/lib/gcc/arm-none-eabi/13.3.1/thumb/v6-m/nofp/crti.o:(.bss)
2000b760 2000b760        0     1         /home/santiago/Research/microfuzz/toolchains/arm/gcc/lib/gcc/arm-none-eabi/13.3.1/thumb/v6-m/nofp/crtbegin.o:(.bss)
2000b760 2000b760        0     1         /home/santiago/Research/microfuzz/toolchains/arm/gcc/lib/gcc/arm-none-eabi/13.3.1/thumb/v6-m/nofp/crtend.o:(.bss)
2000b760 2000b760        1     1         /home/santiago/Research/microfuzz/toolchains/arm/gcc/lib/gcc/arm-none-eabi/13.3.1/thumb/v6-m/nofp/crtbegin.o:(.bss.completed.1)
2000b760 2000b760        0     1                 completed.1
2000b760 2000b760        0     1                 $d
2000b764 2000b764       18     4         /home/santiago/Research/microfuzz/toolchains/arm/gcc/lib/gcc/arm-none-eabi/13.3.1/thumb/v6-m/nofp/crtbegin.o:(.bss.object.0)
2000b764 2000b764        0     1                 object.0
2000b764 2000b764        0     1                 $d
2000b77c 2000b77c        0     1         . = ALIGN ( 4 )
2000b77c 2000b77c        0     1         _ebss = .
2000b77c 2000b77c        0     1         __bss_end__ = _ebss
2000b77c 2000b77c        0     1 __heap_start = .
2000b77c 2000b77c     60e4     1 ._user_heap_stack
2000b77c 2000b77c        4     1         . = ALIGN ( 8 )
2000b780 2000b780     2048     1         . = . + _Min_Heap_Size
2000d7c8 2000d7c8     4096     1         . = . + _Min_Stack_Size
2001185e 2001185e        0     1         __heap_end = .
2001185e 2001185e        2     1         . = ALIGN ( 8 )
       0        0       29     1 .ARM.attributes
       0        0       29     1         /tmp/coverage-2273b4.o:(.ARM.attributes)
       0        0     4f35     1 .debug_info
       0        0       a8     1         /tmp/coverage-2273b4.o:(.debug_info)
      a8       a8     196a     1         /tmp/time-1e2b61.o:(.debug_info)
    1a12     1a12       b0     1         /home/santiago/Research/microfuzz/toolchains/arm/llvm/bin/../lib/clang-runtimes/arm-none-eabi/armv6m_soft_nofp_exn_rtti/lib/libc.a(libc_stdlib_assert_func.c.o):(.debug_info)
    1ac2     1ac2      12f     1         /home/santiago/Research/microfuzz/toolchains/arm/llvm/bin/../lib/clang-runtimes/arm-none-eabi/armv6m_soft_nofp_exn_rtti/lib/libc.a(libc_tinystdio_fprintf.c.o):(.debug_info)
    1bf1     1bf1      455     1         /home/santiago/Research/microfuzz/toolchains/arm/llvm/bin/../lib/clang-runtimes/arm-none-eabi/armv6m_soft_nofp_exn_rtti/lib/libc.a(libc_tinystdio_vfprintf.c.o):(.debug_info)
    2046     2046      12c     1         /home/santiago/Research/microfuzz/toolchains/arm/llvm/bin/../lib/clang-runtimes/arm-none-eabi/armv6m_soft_nofp_exn_rtti/lib/libc.a(libc_tinystdio_dtox_engine.c.o):(.debug_info)
    2172     2172      7d5     1         /home/santiago/Research/microfuzz/toolchains/arm/llvm/bin/../lib/clang-runtimes/arm-none-eabi/armv6m_soft_nofp_exn_rtti/lib/libc.a(libc_tinystdio_dtoa_ryu.c.o):(.debug_info)
    2947     2947       8b     1         /home/santiago/Research/microfuzz/toolchains/arm/llvm/bin/../lib/clang-runtimes/arm-none-eabi/armv6m_soft_nofp_exn_rtti/lib/libc.a(libc_tinystdio_ryu_log10.c.o):(.debug_info)
    29d2     29d2       6e     1         /home/santiago/Research/microfuzz/toolchains/arm/llvm/bin/../lib/clang-runtimes/arm-none-eabi/armv6m_soft_nofp_exn_rtti/lib/libc.a(libc_tinystdio_ryu_pow5bits.c.o):(.debug_info)
    2a40     2a40      236     1         /home/santiago/Research/microfuzz/toolchains/arm/llvm/bin/../lib/clang-runtimes/arm-none-eabi/armv6m_soft_nofp_exn_rtti/lib/libc.a(libc_tinystdio_ryu_table.c.o):(.debug_info)
    2c76     2c76      16c     1         /home/santiago/Research/microfuzz/toolchains/arm/llvm/bin/../lib/clang-runtimes/arm-none-eabi/armv6m_soft_nofp_exn_rtti/lib/libc.a(libc_tinystdio_ryu_umul128.c.o):(.debug_info)
    2de2     2de2       6e     1         /home/santiago/Research/microfuzz/toolchains/arm/llvm/bin/../lib/clang-runtimes/arm-none-eabi/armv6m_soft_nofp_exn_rtti/lib/libc.a(libc_string_strnlen.c.o):(.debug_info)
    2e50     2e50       2f     1         /home/santiago/Research/microfuzz/toolchains/arm/llvm/bin/../lib/clang-runtimes/arm-none-eabi/armv6m_soft_nofp_exn_rtti/lib/libc.a(libc_stdlib_abort.c.o):(.debug_info)
    2e7f     2e7f       b3     1         /home/santiago/Research/microfuzz/toolchains/arm/llvm/bin/../lib/clang-runtimes/arm-none-eabi/armv6m_soft_nofp_exn_rtti/lib/libc.a(libc_signal_signal.c.o):(.debug_info)
    2f32     2f32      12c     1         /home/santiago/Research/microfuzz/toolchains/arm/llvm/bin/../lib/clang-runtimes/arm-none-eabi/armv6m_soft_nofp_exn_rtti/lib/libc.a(libc_picolib_machine_arm_read_tp.S.o):(.debug_info)
    305e     305e       2e     1         /home/santiago/Research/microfuzz/toolchains/arm/llvm/bin/../lib/clang-runtimes/arm-none-eabi/armv6m_soft_nofp_exn_rtti/lib/libc.a(libc_errno_errno.c.o):(.debug_info)
    308c     308c      317     1         /home/santiago/Research/microfuzz/toolchains/arm/llvm/bin/../lib/clang-runtimes/arm-none-eabi/armv6m_soft_nofp_exn_rtti/lib/libc.a(nano-malloc.c.o):(.debug_info)
    33a3     33a3      1a1     1         /home/santiago/Research/microfuzz/toolchains/arm/llvm/bin/../lib/clang-runtimes/arm-none-eabi/armv6m_soft_nofp_exn_rtti/lib/libc.a(nano-free.c.o):(.debug_info)
    3544     3544      108     1         /home/santiago/Research/microfuzz/toolchains/arm/llvm/bin/../lib/clang-runtimes/arm-none-eabi/armv6m_soft_nofp_exn_rtti/lib/libc.a(libc_misc_lock.c.o):(.debug_info)
    364c     364c       77     1         /home/santiago/Research/microfuzz/toolchains/arm/llvm/bin/../lib/clang-runtimes/arm-none-eabi/armv6m_soft_nofp_exn_rtti/lib/libc.a(libc_picolib_picosbrk.c.o):(.debug_info)
    36c3     36c3       53     1         /home/santiago/Research/microfuzz/toolchains/arm/llvm/bin/../lib/clang-runtimes/arm-none-eabi/armv6m_soft_nofp_exn_rtti/lib/libc.a(bzero.c.o):(.debug_info)
    3716     3716       78     1         /home/santiago/Research/microfuzz/toolchains/arm/llvm/bin/../lib/clang-runtimes/arm-none-eabi/armv6m_soft_nofp_exn_rtti/lib/libc.a(memset.c.o):(.debug_info)
    378e     378e       a6     1         /home/santiago/Research/microfuzz/toolchains/arm/llvm/bin/../lib/clang-runtimes/arm-none-eabi/armv6m_soft_nofp_exn_rtti/lib/libc.a(nano-calloc.c.o):(.debug_info)
    3834     3834       52     1         /tmp/main-8c6010.o:(.debug_info)
    3886     3886      174     1         /tmp/conf-1b4b4a.o:(.debug_info)
    39fa     39fa      12c     1         /tmp/buf-7a6949.o:(.debug_info)
    3b26     3b26       42     1         /home/santiago/Research/microfuzz/toolchains/arm/llvm/bin/../lib/clang-runtimes/arm-none-eabi/armv6m_soft_nofp_exn_rtti/lib/libc.a(libc_stdlib_pico-exit.c.o):(.debug_info)
    3b68     3b68       52     1         /home/santiago/Research/microfuzz/toolchains/arm/llvm/bin/../lib/clang-runtimes/arm-none-eabi/armv6m_soft_nofp_exn_rtti/lib/libc.a(libc_misc_fini.c.o):(.debug_info)
    3bba     3bba      5fb     1         /tmp/enc-c7b3a6.o:(.debug_info)
    41b5     41b5       a1     1         /tmp/harness-7b496a.o:(.debug_info)
    4256     4256      32e     1         /tmp/huff-af71f8.o:(.debug_info)
    4584     4584       d0     1         /tmp/jpeg_encode_test-1045b8.o:(.debug_info)
    4654     4654       2f     1         /tmp/trace-pc-guard-cb-f235c7.o:(.debug_info)
    4683     4683      462     1         /tmp/fuzz-e8e9b8.o:(.debug_info)
    4ae5     4ae5       97     1         /home/santiago/Research/microfuzz/toolchains/arm/llvm/bin/../lib/clang-runtimes/arm-none-eabi/armv6m_soft_nofp_exn_rtti/lib/libc.a(memcpy.c.o):(.debug_info)
    4b7c     4b7c       41     1         /home/santiago/Research/microfuzz/toolchains/arm/llvm/bin/../lib/clang-runtimes/arm-none-eabi/armv6m_soft_nofp_exn_rtti/lib/libc.a(libc_stdlib_srand.c.o):(.debug_info)
[...]
     2dc      2dc       4c     1         /home/santiago/Research/microfuzz/toolchains/arm/llvm/bin/../lib/clang-runtimes/arm-none-eabi/armv6m_soft_nofp_exn_rtti/lib/libc.a(libc_tinystdio_dtoa_ryu.c.o):(.debug_addr)
     328      328       10     1         /home/santiago/Research/microfuzz/toolchains/arm/llvm/bin/../lib/clang-runtimes/arm-none-eabi/armv6m_soft_nofp_exn_rtti/lib/libc.a(libc_tinystdio_ryu_log10.c.o):(.debug_addr)
     338      338        c     1         /home/santiago/Research/microfuzz/toolchains/arm/llvm/bin/../lib/clang-runtimes/arm-none-eabi/armv6m_soft_nofp_exn_rtti/lib/libc.a(libc_tinystdio_ryu_pow5bits.c.o):(.debug_addr)
     344      344       28     1         /home/santiago/Research/microfuzz/toolchains/arm/llvm/bin/../lib/clang-runtimes/arm-none-eabi/armv6m_soft_nofp_exn_rtti/lib/libc.a(libc_tinystdio_ryu_table.c.o):(.debug_addr)
     36c      36c       10     1         /home/santiago/Research/microfuzz/toolchains/arm/llvm/bin/../lib/clang-runtimes/arm-none-eabi/armv6m_soft_nofp_exn_rtti/lib/libc.a(libc_tinystdio_ryu_umul128.c.o):(.debug_addr)
     37c      37c        c     1         /home/santiago/Research/microfuzz/toolchains/arm/llvm/bin/../lib/clang-runtimes/arm-none-eabi/armv6m_soft_nofp_exn_rtti/lib/libc.a(libc_string_strnlen.c.o):(.debug_addr)
     388      388        c     1         /home/santiago/Research/microfuzz/toolchains/arm/llvm/bin/../lib/clang-runtimes/arm-none-eabi/armv6m_soft_nofp_exn_rtti/lib/libc.a(libc_stdlib_abort.c.o):(.debug_addr)
     394      394       18     1         /home/santiago/Research/microfuzz/toolchains/arm/llvm/bin/../lib/clang-runtimes/arm-none-eabi/armv6m_soft_nofp_exn_rtti/lib/libc.a(libc_signal_signal.c.o):(.debug_addr)
     3ac      3ac       44     1         /home/santiago/Research/microfuzz/toolchains/arm/llvm/bin/../lib/clang-runtimes/arm-none-eabi/armv6m_soft_nofp_exn_rtti/lib/libc.a(nano-malloc.c.o):(.debug_addr)
     3f0      3f0       24     1         /home/santiago/Research/microfuzz/toolchains/arm/llvm/bin/../lib/clang-runtimes/arm-none-eabi/armv6m_soft_nofp_exn_rtti/lib/libc.a(nano-free.c.o):(.debug_addr)
     414      414       2c     1         /home/santiago/Research/microfuzz/toolchains/arm/llvm/bin/../lib/clang-runtimes/arm-none-eabi/armv6m_soft_nofp_exn_rtti/lib/libc.a(libc_misc_lock.c.o):(.debug_addr)
     440      440       10     1         /home/santiago/Research/microfuzz/toolchains/arm/llvm/bin/../lib/clang-runtimes/arm-none-eabi/armv6m_soft_nofp_exn_rtti/lib/libc.a(libc_picolib_picosbrk.c.o):(.debug_addr)
     450      450        c     1         /home/santiago/Research/microfuzz/toolchains/arm/llvm/bin/../lib/clang-runtimes/arm-none-eabi/armv6m_soft_nofp_exn_rtti/lib/libc.a(bzero.c.o):(.debug_addr)
     45c      45c        c     1         /home/santiago/Research/microfuzz/toolchains/arm/llvm/bin/../lib/clang-runtimes/arm-none-eabi/armv6m_soft_nofp_exn_rtti/lib/libc.a(memset.c.o):(.debug_addr)
     468      468       10     1         /home/santiago/Research/microfuzz/toolchains/arm/llvm/bin/../lib/clang-runtimes/arm-none-eabi/armv6m_soft_nofp_exn_rtti/lib/libc.a(nano-calloc.c.o):(.debug_addr)
     478      478       10     1         /tmp/main-8c6010.o:(.debug_addr)
     488      488       3c     1         /tmp/conf-1b4b4a.o:(.debug_addr)
     4c4      4c4       1c     1         /tmp/buf-7a6949.o:(.debug_addr)
     4e0      4e0        c     1         /home/santiago/Research/microfuzz/toolchains/arm/llvm/bin/../lib/clang-runtimes/arm-none-eabi/armv6m_soft_nofp_exn_rtti/lib/libc.a(libc_stdlib_pico-exit.c.o):(.debug_addr)
     4ec      4ec        c     1         /home/santiago/Research/microfuzz/toolchains/arm/llvm/bin/../lib/clang-runtimes/arm-none-eabi/armv6m_soft_nofp_exn_rtti/lib/libc.a(libc_misc_fini.c.o):(.debug_addr)
     4f8      4f8       80     1         /tmp/enc-c7b3a6.o:(.debug_addr)
     578      578       10     1         /tmp/harness-7b496a.o:(.debug_addr)
     588      588       30     1         /tmp/huff-af71f8.o:(.debug_addr)
     5b8      5b8        c     1         /tmp/jpeg_encode_test-1045b8.o:(.debug_addr)
     5c4      5c4        c     1         /tmp/trace-pc-guard-cb-f235c7.o:(.debug_addr)
     5d0      5d0       80     1         /tmp/fuzz-e8e9b8.o:(.debug_addr)
     650      650        c     1         /home/santiago/Research/microfuzz/toolchains/arm/llvm/bin/../lib/clang-runtimes/arm-none-eabi/armv6m_soft_nofp_exn_rtti/lib/libc.a(memcpy.c.o):(.debug_addr)
     65c      65c        c     1         /home/santiago/Research/microfuzz/toolchains/arm/llvm/bin/../lib/clang-runtimes/arm-none-eabi/armv6m_soft_nofp_exn_rtti/lib/libc.a(libc_stdlib_srand.c.o):(.debug_addr)
     668      668        c     1         /home/santiago/Research/microfuzz/toolchains/arm/llvm/bin/../lib/clang-runtimes/arm-none-eabi/armv6m_soft_nofp_exn_rtti/lib/libc.a(libc_stdlib_srandom.c.o):(.debug_addr)
     674      674        c     1         /home/santiago/Research/microfuzz/toolchains/arm/llvm/bin/../lib/clang-runtimes/arm-none-eabi/armv6m_soft_nofp_exn_rtti/lib/libc.a(libc_stdlib_random.c.o):(.debug_addr)
     680      680        c     1         /home/santiago/Research/microfuzz/toolchains/arm/llvm/bin/../lib/clang-runtimes/arm-none-eabi/armv6m_soft_nofp_exn_rtti/lib/libc.a(libc_stdlib_rand.c.o):(.debug_addr)
     68c      68c       48     1         /tmp/time_bare-f244ca.o:(.debug_addr)
       0        0       29     1 .comment
       0        0       29     1         <internal>:(.comment)
       0        0     16a0     4 .debug_frame
       0        0      624     4         /tmp/time-1e2b61.o:(.debug_frame)
     624      624       30     4         /home/santiago/Research/microfuzz/toolchains/arm/llvm/bin/../lib/clang-runtimes/arm-none-eabi/armv6m_soft_nofp_exn_rtti/lib/libc.a(libc_stdlib_assert_func.c.o):(.debug_frame)
     654      654       34     4         /home/santiago/Research/microfuzz/toolchains/arm/llvm/bin/../lib/clang-runtimes/arm-none-eabi/armv6m_soft_nofp_exn_rtti/lib/libc.a(libc_tinystdio_fprintf.c.o):(.debug_frame)
     688      688       80     4         /home/santiago/Research/microfuzz/toolchains/arm/llvm/bin/../lib/clang-runtimes/arm-none-eabi/armv6m_soft_nofp_exn_rtti/lib/libc.a(libc_tinystdio_vfprintf.c.o):(.debug_frame)
     708      708       38     4         /home/santiago/Research/microfuzz/toolchains/arm/llvm/bin/../lib/clang-runtimes/arm-none-eabi/armv6m_soft_nofp_exn_rtti/lib/libc.a(libc_tinystdio_dtox_engine.c.o):(.debug_frame)
     740      740       b8     4         /home/santiago/Research/microfuzz/toolchains/arm/llvm/bin/../lib/clang-runtimes/arm-none-eabi/armv6m_soft_nofp_exn_rtti/lib/libc.a(libc_tinystdio_dtoa_ryu.c.o):(.debug_frame)
     7f8      7f8       34     4         /home/santiago/Research/microfuzz/toolchains/arm/llvm/bin/../lib/clang-runtimes/arm-none-eabi/armv6m_soft_nofp_exn_rtti/lib/libc.a(libc_tinystdio_ryu_log10.c.o):(.debug_frame)
     82c      82c       24     4         /home/santiago/Research/microfuzz/toolchains/arm/llvm/bin/../lib/clang-runtimes/arm-none-eabi/armv6m_soft_nofp_exn_rtti/lib/libc.a(libc_tinystdio_ryu_pow5bits.c.o):(.debug_frame)
     850      850       80     4         /home/santiago/Research/microfuzz/toolchains/arm/llvm/bin/../lib/clang-runtimes/arm-none-eabi/armv6m_soft_nofp_exn_rtti/lib/libc.a(libc_tinystdio_ryu_table.c.o):(.debug_frame)
     8d0      8d0       34     4         /home/santiago/Research/microfuzz/toolchains/arm/gcc/lib/gcc/arm-none-eabi/13.3.1/thumb/v6-m/nofp/libgcc.a(_muldi3.o):(.debug_frame)
     904      904       20     4         /home/santiago/Research/microfuzz/toolchains/arm/gcc/lib/gcc/arm-none-eabi/13.3.1/thumb/v6-m/nofp/libgcc.a(_udivsi3.o):(.debug_frame)
     914      914        0     1                 $d
     924      924       5c     4         /home/santiago/Research/microfuzz/toolchains/arm/llvm/bin/../lib/clang-runtimes/arm-none-eabi/armv6m_soft_nofp_exn_rtti/lib/libc.a(libc_tinystdio_ryu_umul128.c.o):(.debug_frame)
     980      980       3c     4         /home/santiago/Research/microfuzz/toolchains/arm/gcc/lib/gcc/arm-none-eabi/13.3.1/thumb/v6-m/nofp/libgcc.a(_udivmoddi4.o):(.debug_frame)
     9bc      9bc       34     4         /home/santiago/Research/microfuzz/toolchains/arm/llvm/bin/../lib/clang-runtimes/arm-none-eabi/armv6m_soft_nofp_exn_rtti/lib/libc.a(libc_string_strnlen.c.o):(.debug_frame)
     9f0      9f0       30     4         /home/santiago/Research/microfuzz/toolchains/arm/llvm/bin/../lib/clang-runtimes/arm-none-eabi/armv6m_soft_nofp_exn_rtti/lib/libc.a(libc_stdlib_abort.c.o):(.debug_frame)
     a20      a20       50     4         /home/santiago/Research/microfuzz/toolchains/arm/llvm/bin/../lib/clang-runtimes/arm-none-eabi/armv6m_soft_nofp_exn_rtti/lib/libc.a(libc_signal_signal.c.o):(.debug_frame)
     a70      a70       24     4         /home/santiago/Research/microfuzz/toolchains/arm/llvm/bin/../lib/clang-runtimes/arm-none-eabi/armv6m_soft_nofp_exn_rtti/lib/libc.a(libc_picolib_machine_arm_read_tp.S.o):(.debug_frame)
     a94      a94       80     4         /home/santiago/Research/microfuzz/toolchains/arm/llvm/bin/../lib/clang-runtimes/arm-none-eabi/armv6m_soft_nofp_exn_rtti/lib/libc.a(nano-malloc.c.o):(.debug_frame)
     b14      b14       34     4         /home/santiago/Research/microfuzz/toolchains/arm/llvm/bin/../lib/clang-runtimes/arm-none-eabi/armv6m_soft_nofp_exn_rtti/lib/libc.a(nano-free.c.o):(.debug_frame)
     b48      b48       94     4         /home/santiago/Research/microfuzz/toolchains/arm/llvm/bin/../lib/clang-runtimes/arm-none-eabi/armv6m_soft_nofp_exn_rtti/lib/libc.a(libc_misc_lock.c.o):(.debug_frame)
     bdc      bdc       34     4         /home/santiago/Research/microfuzz/toolchains/arm/llvm/bin/../lib/clang-runtimes/arm-none-eabi/armv6m_soft_nofp_exn_rtti/lib/libc.a(libc_picolib_picosbrk.c.o):(.debug_frame)
     c10      c10       30     4         /home/santiago/Research/microfuzz/toolchains/arm/llvm/bin/../lib/clang-runtimes/arm-none-eabi/armv6m_soft_nofp_exn_rtti/lib/libc.a(bzero.c.o):(.debug_frame)
     c40      c40       24     4         /home/santiago/Research/microfuzz/toolchains/arm/llvm/bin/../lib/clang-runtimes/arm-none-eabi/armv6m_soft_nofp_exn_rtti/lib/libc.a(memset.c.o):(.debug_frame)
     c64      c64       38     4         /home/santiago/Research/microfuzz/toolchains/arm/llvm/bin/../lib/clang-runtimes/arm-none-eabi/armv6m_soft_nofp_exn_rtti/lib/libc.a(nano-calloc.c.o):(.debug_frame)
     c9c      c9c       38     4         /home/santiago/Research/microfuzz/toolchains/arm/gcc/lib/gcc/arm-none-eabi/13.3.1/thumb/v6-m/nofp/libgcc.a(bpabi.o):(.debug_frame)
     cd4      cd4       3c     4         /home/santiago/Research/microfuzz/toolchains/arm/gcc/lib/gcc/arm-none-eabi/13.3.1/thumb/v6-m/nofp/libgcc.a(_divdi3.o):(.debug_frame)
     d10      d10       40     4         /tmp/main-8c6010.o:(.debug_frame)
     d50      d50       6c     4         /tmp/buf-7a6949.o:(.debug_frame)
     dbc      dbc       30     4         /home/santiago/Research/microfuzz/toolchains/arm/llvm/bin/../lib/clang-runtimes/arm-none-eabi/armv6m_soft_nofp_exn_rtti/lib/libc.a(libc_stdlib_pico-exit.c.o):(.debug_frame)
     dec      dec       34     4         /home/santiago/Research/microfuzz/toolchains/arm/llvm/bin/../lib/clang-runtimes/arm-none-eabi/armv6m_soft_nofp_exn_rtti/lib/libc.a(libc_misc_fini.c.o):(.debug_frame)
     e20      e20      1c0     4         /tmp/enc-c7b3a6.o:(.debug_frame)
     fe0      fe0       20     4         /home/santiago/Research/microfuzz/toolchains/arm/gcc/lib/gcc/arm-none-eabi/13.3.1/thumb/v6-m/nofp/libgcc.a(_divsi3.o):(.debug_frame)
     ff0      ff0        0     1                 $d
    1000     1000       2c     4         /home/santiago/Research/microfuzz/toolchains/arm/gcc/lib/gcc/arm-none-eabi/13.3.1/thumb/v6-m/nofp/libgcc.a(floatsisf.o):(.debug_frame)
    102c     102c       34     4         /home/santiago/Research/microfuzz/toolchains/arm/gcc/lib/gcc/arm-none-eabi/13.3.1/thumb/v6-m/nofp/libgcc.a(addsf3.o):(.debug_frame)
    1060     1060       38     4         /home/santiago/Research/microfuzz/toolchains/arm/gcc/lib/gcc/arm-none-eabi/13.3.1/thumb/v6-m/nofp/libgcc.a(mulsf3.o):(.debug_frame)
    1098     1098       38     4         /home/santiago/Research/microfuzz/toolchains/arm/gcc/lib/gcc/arm-none-eabi/13.3.1/thumb/v6-m/nofp/libgcc.a(subsf3.o):(.debug_frame)
    10d0     10d0       38     4         /home/santiago/Research/microfuzz/toolchains/arm/gcc/lib/gcc/arm-none-eabi/13.3.1/thumb/v6-m/nofp/libgcc.a(divsf3.o):(.debug_frame)
    1108     1108       20     4         /home/santiago/Research/microfuzz/toolchains/arm/gcc/lib/gcc/arm-none-eabi/13.3.1/thumb/v6-m/nofp/libgcc.a(fixsfsi.o):(.debug_frame)
    1128     1128       2c     4         /home/santiago/Research/microfuzz/toolchains/arm/gcc/lib/gcc/arm-none-eabi/13.3.1/thumb/v6-m/nofp/libgcc.a(floatunsisf.o):(.debug_frame)
    1154     1154       2c     4         /home/santiago/Research/microfuzz/toolchains/arm/gcc/lib/gcc/arm-none-eabi/13.3.1/thumb/v6-m/nofp/libgcc.a(extendsfdf2.o):(.debug_frame)
    1180     1180       3c     4         /home/santiago/Research/microfuzz/toolchains/arm/gcc/lib/gcc/arm-none-eabi/13.3.1/thumb/v6-m/nofp/libgcc.a(adddf3.o):(.debug_frame)
    11bc     11bc       30     4         /home/santiago/Research/microfuzz/toolchains/arm/gcc/lib/gcc/arm-none-eabi/13.3.1/thumb/v6-m/nofp/libgcc.a(fixdfsi.o):(.debug_frame)
    11ec     11ec       30     4         /tmp/harness-7b496a.o:(.debug_frame)
    121c     121c       bc     4         /tmp/huff-af71f8.o:(.debug_frame)
    12d8     12d8       30     4         /tmp/jpeg_encode_test-1045b8.o:(.debug_frame)
    1308     1308       24     4         /tmp/trace-pc-guard-cb-f235c7.o:(.debug_frame)
    132c     132c      12c     4         /tmp/fuzz-e8e9b8.o:(.debug_frame)
    1458     1458       34     4         /home/santiago/Research/microfuzz/toolchains/arm/llvm/bin/../lib/clang-runtimes/arm-none-eabi/armv6m_soft_nofp_exn_rtti/lib/libc.a(memcpy.c.o):(.debug_frame)
    148c     148c       30     4         /home/santiago/Research/microfuzz/toolchains/arm/llvm/bin/../lib/clang-runtimes/arm-none-eabi/armv6m_soft_nofp_exn_rtti/lib/libc.a(libc_stdlib_srand.c.o):(.debug_frame)
    14bc     14bc       30     4         /home/santiago/Research/microfuzz/toolchains/arm/llvm/bin/../lib/clang-runtimes/arm-none-eabi/armv6m_soft_nofp_exn_rtti/lib/libc.a(libc_stdlib_srandom.c.o):(.debug_frame)
    14ec     14ec       38     4         /home/santiago/Research/microfuzz/toolchains/arm/llvm/bin/../lib/clang-runtimes/arm-none-eabi/armv6m_soft_nofp_exn_rtti/lib/libc.a(libc_stdlib_random.c.o):(.debug_frame)
    1524     1524       30     4         /home/santiago/Research/microfuzz/toolchains/arm/llvm/bin/../lib/clang-runtimes/arm-none-eabi/armv6m_soft_nofp_exn_rtti/lib/libc.a(libc_stdlib_rand.c.o):(.debug_frame)
    1554     1554      14c     4         /tmp/time_bare-f244ca.o:(.debug_frame)
       0        0     3022     1 .debug_loclists
       0        0       53     1         /home/santiago/Research/microfuzz/toolchains/arm/llvm/bin/../lib/clang-runtimes/arm-none-eabi/armv6m_soft_nofp_exn_rtti/lib/libc.a(libc_stdlib_assert_func.c.o):(.debug_loclists)
      53       53       3a     1         /home/santiago/Research/microfuzz/toolchains/arm/llvm/bin/../lib/clang-runtimes/arm-none-eabi/armv6m_soft_nofp_exn_rtti/lib/libc.a(libc_tinystdio_fprintf.c.o):(.debug_loclists)
      8d       8d     10b7     1         /home/santiago/Research/microfuzz/toolchains/arm/llvm/bin/../lib/clang-runtimes/arm-none-eabi/armv6m_soft_nofp_exn_rtti/lib/libc.a(libc_tinystdio_vfprintf.c.o):(.debug_loclists)
    1144     1144      1eb     1         /home/santiago/Research/microfuzz/toolchains/arm/llvm/bin/../lib/clang-runtimes/arm-none-eabi/armv6m_soft_nofp_exn_rtti/lib/libc.a(libc_tinystdio_dtox_engine.c.o):(.debug_loclists)
    132f     132f     1040     1         /home/santiago/Research/microfuzz/toolchains/arm/llvm/bin/../lib/clang-runtimes/arm-none-eabi/armv6m_soft_nofp_exn_rtti/lib/libc.a(libc_tinystdio_dtoa_ryu.c.o):(.debug_loclists)
    236f     236f       34     1         /home/santiago/Research/microfuzz/toolchains/arm/llvm/bin/../lib/clang-runtimes/arm-none-eabi/armv6m_soft_nofp_exn_rtti/lib/libc.a(libc_tinystdio_ryu_log10.c.o):(.debug_loclists)
    23a3     23a3       1e     1         /home/santiago/Research/microfuzz/toolchains/arm/llvm/bin/../lib/clang-runtimes/arm-none-eabi/armv6m_soft_nofp_exn_rtti/lib/libc.a(libc_tinystdio_ryu_pow5bits.c.o):(.debug_loclists)
    23c1     23c1      279     1         /home/santiago/Research/microfuzz/toolchains/arm/llvm/bin/../lib/clang-runtimes/arm-none-eabi/armv6m_soft_nofp_exn_rtti/lib/libc.a(libc_tinystdio_ryu_table.c.o):(.debug_loclists)
    263a     263a      53f     1         /home/santiago/Research/microfuzz/toolchains/arm/llvm/bin/../lib/clang-runtimes/arm-none-eabi/armv6m_soft_nofp_exn_rtti/lib/libc.a(libc_tinystdio_ryu_umul128.c.o):(.debug_loclists)
    2b79     2b79       25     1         /home/santiago/Research/microfuzz/toolchains/arm/llvm/bin/../lib/clang-runtimes/arm-none-eabi/armv6m_soft_nofp_exn_rtti/lib/libc.a(libc_string_strnlen.c.o):(.debug_loclists)
    2b9e     2b9e       91     1         /home/santiago/Research/microfuzz/toolchains/arm/llvm/bin/../lib/clang-runtimes/arm-none-eabi/armv6m_soft_nofp_exn_rtti/lib/libc.a(libc_signal_signal.c.o):(.debug_loclists)
    2c2f     2c2f      192     1         /home/santiago/Research/microfuzz/toolchains/arm/llvm/bin/../lib/clang-runtimes/arm-none-eabi/armv6m_soft_nofp_exn_rtti/lib/libc.a(nano-malloc.c.o):(.debug_loclists)
    2dc1     2dc1       8c     1         /home/santiago/Research/microfuzz/toolchains/arm/llvm/bin/../lib/clang-runtimes/arm-none-eabi/armv6m_soft_nofp_exn_rtti/lib/libc.a(nano-free.c.o):(.debug_loclists)
    2e4d     2e4d       2a     1         /home/santiago/Research/microfuzz/toolchains/arm/llvm/bin/../lib/clang-runtimes/arm-none-eabi/armv6m_soft_nofp_exn_rtti/lib/libc.a(libc_picolib_picosbrk.c.o):(.debug_loclists)
    2e77     2e77       2d     1         /home/santiago/Research/microfuzz/toolchains/arm/llvm/bin/../lib/clang-runtimes/arm-none-eabi/armv6m_soft_nofp_exn_rtti/lib/libc.a(bzero.c.o):(.debug_loclists)
    2ea4     2ea4       4f     1         /home/santiago/Research/microfuzz/toolchains/arm/llvm/bin/../lib/clang-runtimes/arm-none-eabi/armv6m_soft_nofp_exn_rtti/lib/libc.a(memset.c.o):(.debug_loclists)
    2ef3     2ef3       3c     1         /home/santiago/Research/microfuzz/toolchains/arm/llvm/bin/../lib/clang-runtimes/arm-none-eabi/armv6m_soft_nofp_exn_rtti/lib/libc.a(nano-calloc.c.o):(.debug_loclists)
    2f2f     2f2f       1b     1         /home/santiago/Research/microfuzz/toolchains/arm/llvm/bin/../lib/clang-runtimes/arm-none-eabi/armv6m_soft_nofp_exn_rtti/lib/libc.a(libc_stdlib_pico-exit.c.o):(.debug_loclists)
    2f4a     2f4a       25     1         /home/santiago/Research/microfuzz/toolchains/arm/llvm/bin/../lib/clang-runtimes/arm-none-eabi/armv6m_soft_nofp_exn_rtti/lib/libc.a(libc_misc_fini.c.o):(.debug_loclists)
    2f6f     2f6f       7a     1         /home/santiago/Research/microfuzz/toolchains/arm/llvm/bin/../lib/clang-runtimes/arm-none-eabi/armv6m_soft_nofp_exn_rtti/lib/libc.a(memcpy.c.o):(.debug_loclists)
    2fe9     2fe9       1e     1         /home/santiago/Research/microfuzz/toolchains/arm/llvm/bin/../lib/clang-runtimes/arm-none-eabi/armv6m_soft_nofp_exn_rtti/lib/libc.a(libc_stdlib_srand.c.o):(.debug_loclists)
    3007     3007       1b     1         /home/santiago/Research/microfuzz/toolchains/arm/llvm/bin/../lib/clang-runtimes/arm-none-eabi/armv6m_soft_nofp_exn_rtti/lib/libc.a(libc_stdlib_srandom.c.o):(.debug_loclists)
       0        0     27a0     4 .symtab
       0        0     27a0     4         <internal>:(.symtab)
       0        0      185     1 .shstrtab
       0        0      185     1         <internal>:(.shstrtab)
       0        0     19a1     1 .strtab
       0        0     19a1     1         <internal>:(.strtab)
